Archive member included to satisfy reference by file (symbol)

/home/cdac/fw/edk2-ws/Build/OvmfX64/DEBUG_GCC5/X64/NetworkPkg/Udp4Dxe/Udp4Dxe/OUTPUT/Udp4Dxe.lib(Udp4Main.obj)
                              (--whole-archive)
/home/cdac/fw/edk2-ws/Build/OvmfX64/DEBUG_GCC5/X64/NetworkPkg/Udp4Dxe/Udp4Dxe/OUTPUT/Udp4Dxe.lib(ComponentName.obj)
                              (--whole-archive)
/home/cdac/fw/edk2-ws/Build/OvmfX64/DEBUG_GCC5/X64/NetworkPkg/Udp4Dxe/Udp4Dxe/OUTPUT/Udp4Dxe.lib(Udp4Impl.obj)
                              (--whole-archive)
/home/cdac/fw/edk2-ws/Build/OvmfX64/DEBUG_GCC5/X64/NetworkPkg/Udp4Dxe/Udp4Dxe/OUTPUT/Udp4Dxe.lib(Udp4Driver.obj)
                              (--whole-archive)
/home/cdac/fw/edk2-ws/Build/OvmfX64/DEBUG_GCC5/X64/NetworkPkg/Udp4Dxe/Udp4Dxe/OUTPUT/Udp4Dxe.lib(AutoGen.obj)
                              (--whole-archive)
/home/cdac/fw/edk2-ws/Build/OvmfX64/DEBUG_GCC5/X64/MdePkg/Library/RegisterFilterLibNull/RegisterFilterLibNull/OUTPUT/FilterLibNull.lib(RegisterFilterLibNull.obj)
                              (--whole-archive)
/home/cdac/fw/edk2-ws/Build/OvmfX64/DEBUG_GCC5/X64/MdePkg/Library/DxePcdLib/DxePcdLib/OUTPUT/DxePcdLib.lib(DxePcdLib.obj)
                              (--whole-archive)
/home/cdac/fw/edk2-ws/Build/OvmfX64/DEBUG_GCC5/X64/MdePkg/Library/BaseMemoryLibRepStr/BaseMemoryLibRepStr/OUTPUT/BaseMemoryLibRepStr.lib(ScanMem64Wrapper.obj)
                              (--whole-archive)
/home/cdac/fw/edk2-ws/Build/OvmfX64/DEBUG_GCC5/X64/MdePkg/Library/BaseMemoryLibRepStr/BaseMemoryLibRepStr/OUTPUT/BaseMemoryLibRepStr.lib(ScanMem32Wrapper.obj)
                              (--whole-archive)
/home/cdac/fw/edk2-ws/Build/OvmfX64/DEBUG_GCC5/X64/MdePkg/Library/BaseMemoryLibRepStr/BaseMemoryLibRepStr/OUTPUT/BaseMemoryLibRepStr.lib(ScanMem16Wrapper.obj)
                              (--whole-archive)
/home/cdac/fw/edk2-ws/Build/OvmfX64/DEBUG_GCC5/X64/MdePkg/Library/BaseMemoryLibRepStr/BaseMemoryLibRepStr/OUTPUT/BaseMemoryLibRepStr.lib(ScanMem8Wrapper.obj)
                              (--whole-archive)
/home/cdac/fw/edk2-ws/Build/OvmfX64/DEBUG_GCC5/X64/MdePkg/Library/BaseMemoryLibRepStr/BaseMemoryLibRepStr/OUTPUT/BaseMemoryLibRepStr.lib(ZeroMemWrapper.obj)
                              (--whole-archive)
/home/cdac/fw/edk2-ws/Build/OvmfX64/DEBUG_GCC5/X64/MdePkg/Library/BaseMemoryLibRepStr/BaseMemoryLibRepStr/OUTPUT/BaseMemoryLibRepStr.lib(CompareMemWrapper.obj)
                              (--whole-archive)
/home/cdac/fw/edk2-ws/Build/OvmfX64/DEBUG_GCC5/X64/MdePkg/Library/BaseMemoryLibRepStr/BaseMemoryLibRepStr/OUTPUT/BaseMemoryLibRepStr.lib(SetMemNWrapper.obj)
                              (--whole-archive)
/home/cdac/fw/edk2-ws/Build/OvmfX64/DEBUG_GCC5/X64/MdePkg/Library/BaseMemoryLibRepStr/BaseMemoryLibRepStr/OUTPUT/BaseMemoryLibRepStr.lib(SetMem64Wrapper.obj)
                              (--whole-archive)
/home/cdac/fw/edk2-ws/Build/OvmfX64/DEBUG_GCC5/X64/MdePkg/Library/BaseMemoryLibRepStr/BaseMemoryLibRepStr/OUTPUT/BaseMemoryLibRepStr.lib(SetMem32Wrapper.obj)
                              (--whole-archive)
/home/cdac/fw/edk2-ws/Build/OvmfX64/DEBUG_GCC5/X64/MdePkg/Library/BaseMemoryLibRepStr/BaseMemoryLibRepStr/OUTPUT/BaseMemoryLibRepStr.lib(SetMem16Wrapper.obj)
                              (--whole-archive)
/home/cdac/fw/edk2-ws/Build/OvmfX64/DEBUG_GCC5/X64/MdePkg/Library/BaseMemoryLibRepStr/BaseMemoryLibRepStr/OUTPUT/BaseMemoryLibRepStr.lib(SetMemWrapper.obj)
                              (--whole-archive)
/home/cdac/fw/edk2-ws/Build/OvmfX64/DEBUG_GCC5/X64/MdePkg/Library/BaseMemoryLibRepStr/BaseMemoryLibRepStr/OUTPUT/BaseMemoryLibRepStr.lib(CopyMemWrapper.obj)
                              (--whole-archive)
/home/cdac/fw/edk2-ws/Build/OvmfX64/DEBUG_GCC5/X64/MdePkg/Library/BaseMemoryLibRepStr/BaseMemoryLibRepStr/OUTPUT/BaseMemoryLibRepStr.lib(IsZeroBufferWrapper.obj)
                              (--whole-archive)
/home/cdac/fw/edk2-ws/Build/OvmfX64/DEBUG_GCC5/X64/MdePkg/Library/BaseMemoryLibRepStr/BaseMemoryLibRepStr/OUTPUT/BaseMemoryLibRepStr.lib(MemLibGuid.obj)
                              (--whole-archive)
/home/cdac/fw/edk2-ws/Build/OvmfX64/DEBUG_GCC5/X64/MdePkg/Library/BaseMemoryLibRepStr/BaseMemoryLibRepStr/OUTPUT/BaseMemoryLibRepStr.lib(ScanMem64.obj)
                              (--whole-archive)
/home/cdac/fw/edk2-ws/Build/OvmfX64/DEBUG_GCC5/X64/MdePkg/Library/BaseMemoryLibRepStr/BaseMemoryLibRepStr/OUTPUT/BaseMemoryLibRepStr.lib(ScanMem32.obj)
                              (--whole-archive)
/home/cdac/fw/edk2-ws/Build/OvmfX64/DEBUG_GCC5/X64/MdePkg/Library/BaseMemoryLibRepStr/BaseMemoryLibRepStr/OUTPUT/BaseMemoryLibRepStr.lib(ScanMem16.obj)
                              (--whole-archive)
/home/cdac/fw/edk2-ws/Build/OvmfX64/DEBUG_GCC5/X64/MdePkg/Library/BaseMemoryLibRepStr/BaseMemoryLibRepStr/OUTPUT/BaseMemoryLibRepStr.lib(ScanMem8.obj)
                              (--whole-archive)
[...]
Memory Configuration

Name             Origin             Length             Attributes
*default*        0x0000000000000000 0xffffffffffffffff

Linker script and memory map

START GROUP
LOAD /tmp/cc3a4hGz.ltrans0.ltrans.o
LOAD /tmp/ccNcPDUj.debug.temp.o
LOAD /tmp/ccm6BhfB.debug.temp.o
LOAD /tmp/ccrfLpCj.debug.temp.o
LOAD /tmp/ccfP70F2.debug.temp.o
LOAD /tmp/ccDRzii1.debug.temp.o
LOAD /tmp/cc8qkJpX.debug.temp.o
LOAD /tmp/ccH2qyAf.debug.temp.o
LOAD /tmp/ccmqpOzx.debug.temp.o
LOAD /tmp/ccr7wOvN.debug.temp.o
LOAD /tmp/ccAvtyj2.debug.temp.o
LOAD /tmp/ccsIfhOK.debug.temp.o
LOAD /tmp/ccrSOOJX.debug.temp.o
LOAD /tmp/ccVdwbN1.debug.temp.o
LOAD /tmp/ccRUWso9.debug.temp.o
LOAD /tmp/cckrQED2.debug.temp.o
LOAD /tmp/ccM5UGHC.debug.temp.o
LOAD /tmp/ccf7vsTO.debug.temp.o
LOAD /tmp/cczIGxoM.debug.temp.o
LOAD /tmp/ccHwQQcl.debug.temp.o
LOAD /tmp/ccd4wj1v.debug.temp.o
LOAD /tmp/ccNGiwGZ.debug.temp.o
LOAD /tmp/ccl0c2FR.debug.temp.o
LOAD /tmp/ccqAk2aF.debug.temp.o
LOAD /tmp/cc2h6W6M.debug.temp.o
LOAD /tmp/ccNJxdvD.debug.temp.o
LOAD /tmp/cceBa5na.debug.temp.o
LOAD /tmp/ccn5ukV4.debug.temp.o
LOAD /tmp/ccmQPvaz.debug.temp.o
LOAD /tmp/cc4Xwddp.debug.temp.o
LOAD /tmp/cc3DlPEc.debug.temp.o
LOAD /tmp/ccK6OojH.debug.temp.o
LOAD /tmp/ccdCnP9i.debug.temp.o
LOAD /tmp/ccr9nGvd.debug.temp.o
LOAD /tmp/ccU6Zi2V.debug.temp.o
LOAD /tmp/cclgWaFs.debug.temp.o
LOAD /tmp/ccjhUd8k.debug.temp.o
LOAD /tmp/cccYYOOs.debug.temp.o
LOAD /tmp/ccWx3C04.debug.temp.o
LOAD /tmp/ccgSN1zf.debug.temp.o
LOAD /tmp/cc99OjXR.debug.temp.o
LOAD /tmp/ccxJG1z3.debug.temp.o
LOAD /tmp/cc2pOeH5.debug.temp.o
LOAD /tmp/cc80DVGZ.debug.temp.o
LOAD /tmp/cccjtmye.debug.temp.o
LOAD /tmp/ccV7ezeP.debug.temp.o
LOAD /tmp/cce4xR63.debug.temp.o
LOAD /tmp/cc3OlAIt.debug.temp.o
LOAD /tmp/ccRESKqY.debug.temp.o
LOAD /tmp/ccAYw9Xj.debug.temp.o
LOAD /tmp/cc6JGpUR.debug.temp.o
LOAD /tmp/ccfGGo1o.debug.temp.o
LOAD /tmp/cceF2sPR.debug.temp.o
LOAD /tmp/ccLOGg0P.debug.temp.o
LOAD /tmp/ccBorDoR.debug.temp.o
LOAD /tmp/ccVtjHV8.debug.temp.o
LOAD /tmp/ccSa2zv6.debug.temp.o
LOAD /tmp/cchaHll0.debug.temp.o
LOAD /tmp/cctghAag.debug.temp.o
LOAD /tmp/ccgPNP4l.debug.temp.o
LOAD /tmp/cciu2Y5G.debug.temp.o
LOAD /tmp/ccx6E5ZR.debug.temp.o
LOAD /tmp/ccG4bbsk.debug.temp.o
LOAD /tmp/ccPb8H1D.debug.temp.o
LOAD /tmp/ccrdK9HK.debug.temp.o
LOAD /tmp/ccOEQceO.debug.temp.o
LOAD /tmp/ccR5lVX4.debug.temp.o
LOAD /tmp/ccdCQuKn.debug.temp.o
LOAD /tmp/ccBXPtJA.debug.temp.o
LOAD /tmp/ccw67vn1.debug.temp.o
LOAD /tmp/cceVzpC4.debug.temp.o
LOAD /tmp/cctmVWHh.debug.temp.o
LOAD /tmp/ccs47Gtm.debug.temp.o
LOAD /tmp/ccUpeUci.debug.temp.o
LOAD /tmp/ccr56ehV.debug.temp.o
LOAD /tmp/cccF4yqO.debug.temp.o
LOAD /tmp/ccQHeNtc.debug.temp.o
LOAD /tmp/ccl2xdsP.debug.temp.o
LOAD /tmp/cclWwLS8.debug.temp.o
LOAD /tmp/ccbX4kkG.debug.temp.o
LOAD /tmp/ccOrJehR.debug.temp.o
LOAD /tmp/ccL1ziup.debug.temp.o
LOAD /tmp/ccIBMQvY.debug.temp.o
LOAD /tmp/ccDqP0Yv.debug.temp.o
LOAD /tmp/ccNg92Kl.debug.temp.o
LOAD /tmp/ccmnUdo3.debug.temp.o
LOAD /tmp/cchxViGs.debug.temp.o
LOAD /tmp/ccxlVKi0.debug.temp.o
LOAD /tmp/ccepXVJb.debug.temp.o
LOAD /tmp/ccMG3n04.debug.temp.o
LOAD /tmp/cc8H04b3.debug.temp.o
LOAD /tmp/ccYvAHF6.debug.temp.o
LOAD /tmp/cctWzoLw.debug.temp.o
LOAD /tmp/ccCT3Q2a.debug.temp.o
LOAD /tmp/ccDGufC9.debug.temp.o
LOAD /tmp/ccBLjJls.debug.temp.o
LOAD /tmp/cclK5wG6.debug.temp.o
LOAD /tmp/ccv594pj.debug.temp.o
LOAD /tmp/ccnjC3No.debug.temp.o
LOAD /tmp/ccHCVsas.debug.temp.o
LOAD /tmp/ccLff2b7.debug.temp.o
LOAD /tmp/ccuzkq74.debug.temp.o
LOAD /tmp/ccbzSonT.debug.temp.o
LOAD /tmp/ccR3plLl.debug.temp.o
LOAD /tmp/cczn4hI4.debug.temp.o
LOAD /tmp/ccM1AjGz.debug.temp.o
LOAD /tmp/cc547GLO.debug.temp.o
LOAD /tmp/cczSP3yI.debug.temp.o
LOAD /tmp/ccWt08fj.debug.temp.o
LOAD /tmp/cc4C11Pb.debug.temp.o
LOAD /tmp/ccaMvLo4.debug.temp.o
LOAD /tmp/cc1wCu96.debug.temp.o
LOAD /tmp/cclXCAso.debug.temp.o
LOAD /tmp/ccjJh3qV.debug.temp.o
LOAD /home/cdac/fw/edk2-ws/Build/OvmfX64/DEBUG_GCC5/X64/NetworkPkg/Udp4Dxe/Udp4Dxe/OUTPUT/Udp4Dxe.lib
LOAD /home/cdac/fw/edk2-ws/Build/OvmfX64/DEBUG_GCC5/X64/MdePkg/Library/RegisterFilterLibNull/RegisterFilterLibNull/OUTPUT/FilterLibNull.lib
LOAD /home/cdac/fw/edk2-ws/Build/OvmfX64/DEBUG_GCC5/X64/MdePkg/Library/DxePcdLib/DxePcdLib/OUTPUT/DxePcdLib.lib
LOAD /home/cdac/fw/edk2-ws/Build/OvmfX64/DEBUG_GCC5/X64/MdePkg/Library/BaseMemoryLibRepStr/BaseMemoryLibRepStr/OUTPUT/BaseMemoryLibRepStr.lib
LOAD /home/cdac/fw/edk2-ws/Build/OvmfX64/DEBUG_GCC5/X64/MdePkg/Library/BaseLib/BaseLib/OUTPUT/BaseLib.lib
LOAD /home/cdac/fw/edk2-ws/Build/OvmfX64/DEBUG_GCC5/X64/MdePkg/Library/TdxLib/TdxLib/OUTPUT/TdxLib.lib
LOAD /home/cdac/fw/edk2-ws/Build/OvmfX64/DEBUG_GCC5/X64/OvmfPkg/Library/MemDebugLogLib/MemDebugLogLibNull/OUTPUT/MemDebugLogLibNull.lib
LOAD /home/cdac/fw/edk2-ws/Build/OvmfX64/DEBUG_GCC5/X64/MdePkg/Library/BaseDebugPrintErrorLevelLib/BaseDebugPrintErrorLevelLib/OUTPUT/BaseDebugPrintErrorLevelLib.lib
LOAD /home/cdac/fw/edk2-ws/Build/OvmfX64/DEBUG_GCC5/X64/MdePkg/Library/BaseIoLibIntrinsic/BaseIoLibIntrinsicSev/OUTPUT/BaseIoLibIntrinsicSev.lib
LOAD /home/cdac/fw/edk2-ws/Build/OvmfX64/DEBUG_GCC5/X64/MdePkg/Library/BasePrintLib/BasePrintLib/OUTPUT/BasePrintLib.lib
LOAD /home/cdac/fw/edk2-ws/Build/OvmfX64/DEBUG_GCC5/X64/OvmfPkg/Library/PlatformDebugLibIoPort/PlatformDebugLibIoPort/OUTPUT/PlatformDebugLibIoPort.lib
LOAD /home/cdac/fw/edk2-ws/Build/OvmfX64/DEBUG_GCC5/X64/OvmfPkg/Library/CcProbeLib/DxeCcProbeLib/OUTPUT/DxeCcProbeLib.lib
LOAD /home/cdac/fw/edk2-ws/Build/OvmfX64/DEBUG_GCC5/X64/MdePkg/Library/UefiBootServicesTableLib/UefiBootServicesTableLib/OUTPUT/UefiBootServicesTableLib.lib
LOAD /home/cdac/fw/edk2-ws/Build/OvmfX64/DEBUG_GCC5/X64/MdePkg/Library/UefiMemoryAllocationLib/UefiMemoryAllocationLib/OUTPUT/UefiMemoryAllocationLib.lib
LOAD /home/cdac/fw/edk2-ws/Build/OvmfX64/DEBUG_GCC5/X64/MdePkg/Library/UefiDevicePathLibDevicePathProtocol/UefiDevicePathLibDevicePathProtocol/OUTPUT/UefiDevicePathLibDevicePathProtocol.lib
LOAD /home/cdac/fw/edk2-ws/Build/OvmfX64/DEBUG_GCC5/X64/MdePkg/Library/UefiRuntimeServicesTableLib/UefiRuntimeServicesTableLib/OUTPUT/UefiRuntimeServicesTableLib.lib
LOAD /home/cdac/fw/edk2-ws/Build/OvmfX64/DEBUG_GCC5/X64/MdePkg/Library/StackCheckLibNull/StackCheckLibNull/OUTPUT/StackCheckLibNull.lib
LOAD /home/cdac/fw/edk2-ws/Build/OvmfX64/DEBUG_GCC5/X64/NetworkPkg/Library/DxeDpcLib/DxeDpcLib/OUTPUT/DxeDpcLib.lib
LOAD /home/cdac/fw/edk2-ws/Build/OvmfX64/DEBUG_GCC5/X64/MdePkg/Library/UefiLib/UefiLib/OUTPUT/UefiLib.lib
LOAD /home/cdac/fw/edk2-ws/Build/OvmfX64/DEBUG_GCC5/X64/MdePkg/Library/UefiDriverEntryPoint/UefiDriverEntryPoint/OUTPUT/UefiDriverEntryPoint.lib
LOAD /home/cdac/fw/edk2-ws/Build/OvmfX64/DEBUG_GCC5/X64/NetworkPkg/Library/DxeIpIoLib/DxeIpIoLib/OUTPUT/DxeIpIoLib.lib
LOAD /home/cdac/fw/edk2-ws/Build/OvmfX64/DEBUG_GCC5/X64/NetworkPkg/Library/DxeNetLib/DxeNetLib/OUTPUT/DxeNetLib.lib
END GROUP
                0x0000000000000228                PECOFF_HEADER_SIZE = 0x228
                0x0000000000000228                . = PECOFF_HEADER_SIZE

.text           0x0000000000000240     0x8a44
 *(.entry)
 *(.text .text.* .stub .gnu.linkonce.t.*)
 .text.Udp4TokenExist
                0x0000000000000240       0x24 /tmp/cc3a4hGz.ltrans0.ltrans.o
 .text.Udp4NetVectorExtFree
                0x0000000000000264        0x5 /tmp/cc3a4hGz.ltrans0.ltrans.o
 .text.Udp4DriverBindingSupported
                0x0000000000000269       0x86 /tmp/cc3a4hGz.ltrans0.ltrans.o
 .text.SwapBytes32
                0x00000000000002ef        0x5 /tmp/cc3a4hGz.ltrans0.ltrans.o
 .text.AsciiStrnLenS
                0x00000000000002f4       0x26 /tmp/cc3a4hGz.ltrans0.ltrans.o
 .text.BasePrintLibFillBuffer
                0x000000000000031a       0x2d /tmp/cc3a4hGz.ltrans0.ltrans.o
 .text.DebugPrintEnabled
                0x0000000000000347        0x3 /tmp/cc3a4hGz.ltrans0.ltrans.o
 .text.ReadCcGuestType
                0x000000000000034a       0x24 /tmp/cc3a4hGz.ltrans0.ltrans.o
 .text.DispatchDpc
                0x000000000000036e        0xa /tmp/cc3a4hGz.ltrans0.ltrans.o
 .text._DriverUnloadHandler
                0x0000000000000378      0x182 /tmp/cc3a4hGz.ltrans0.ltrans.o
 .text.IpIoExtFree
                0x00000000000004fa        0xe /tmp/cc3a4hGz.ltrans0.ltrans.o
 .text.NetbufBuildExt
                0x0000000000000508       0x75 /tmp/cc3a4hGz.ltrans0.ltrans.o
 .text.QueueDpc.constprop.0
                0x000000000000057d       0x17 /tmp/cc3a4hGz.ltrans0.ltrans.o
 .text.IpIoListenHandler
                0x0000000000000594       0x18 /tmp/cc3a4hGz.ltrans0.ltrans.o
 .text.IpIoDummyHandler
                0x00000000000005ac       0x18 /tmp/cc3a4hGz.ltrans0.ltrans.o
 .text.IpIoTransmitHandler
                0x00000000000005c4       0x18 /tmp/cc3a4hGz.ltrans0.ltrans.o
 .text.InternalAllocatePool.constprop.0
                0x00000000000005dc       0x35 /tmp/cc3a4hGz.ltrans0.ltrans.o
 .text.AllocatePool
                0x0000000000000611       0x12 /tmp/cc3a4hGz.ltrans0.ltrans.o
 .text.IoWriteFifo8
                0x0000000000000623       0x96 /tmp/cc3a4hGz.ltrans0.ltrans.o
 .text.PlatformDebugLibIoPortFound
                0x00000000000006b9       0xa3 /tmp/cc3a4hGz.ltrans0.ltrans.o
 .text.BasePrintLibSPrint.constprop.0
                0x000000000000075c       0x2a /tmp/cc3a4hGz.ltrans0.ltrans.o
 .text.BasePrintLibSPrintMarker.constprop.0
                0x0000000000000786      0xc63 /tmp/cc3a4hGz.ltrans0.ltrans.o
 .text.AsciiSPrint.constprop.0
                0x00000000000013e9       0x32 /tmp/cc3a4hGz.ltrans0.ltrans.o
 .text.DebugAssert
                0x000000000000141b       0x83 /tmp/cc3a4hGz.ltrans0.ltrans.o
 .text.Udp4Routes
                0x000000000000149e       0xb6 /tmp/cc3a4hGz.ltrans0.ltrans.o
 .text.Udp4Poll
                0x0000000000001554       0x5e /tmp/cc3a4hGz.ltrans0.ltrans.o
 .text.Udp4DestroyChildEntryInHandleBuffer
                0x00000000000015b2       0xa7 /tmp/cc3a4hGz.ltrans0.ltrans.o
 .text.ZeroMem  0x0000000000001659       0x68 /tmp/cc3a4hGz.ltrans0.ltrans.o
 .text.AllocateZeroPool
                0x00000000000016c1       0x35 /tmp/cc3a4hGz.ltrans0.ltrans.o
 .text.NetPseudoHeadChecksum.constprop.0
                0x00000000000016f6       0x5e /tmp/cc3a4hGz.ltrans0.ltrans.o
 .text.CompareMem
                0x0000000000001754       0xb7 /tmp/cc3a4hGz.ltrans0.ltrans.o
 .text.Udp4FindInstanceByPort
                0x000000000000180b       0x69 /tmp/cc3a4hGz.ltrans0.ltrans.o
 .text.CopyMem  0x0000000000001874       0x8a /tmp/cc3a4hGz.ltrans0.ltrans.o
 .text.Udp4GetModeData
                0x00000000000018fe       0xd9 /tmp/cc3a4hGz.ltrans0.ltrans.o
 .text.InternalBaseLibIsListValid
                0x00000000000019d7       0x6f /tmp/cc3a4hGz.ltrans0.ltrans.o
 .text.InitializeListHead
                0x0000000000001a46       0x3e /tmp/cc3a4hGz.ltrans0.ltrans.o
 .text.InsertHeadList
                0x0000000000001a84       0x51 /tmp/cc3a4hGz.ltrans0.ltrans.o
 .text.InsertTailList
                0x0000000000001ad5       0x52 /tmp/cc3a4hGz.ltrans0.ltrans.o
 .text.GetFirstNode
                0x0000000000001b27       0x37 /tmp/cc3a4hGz.ltrans0.ltrans.o
 .text.IsListEmpty
                0x0000000000001b5e       0x3a /tmp/cc3a4hGz.ltrans0.ltrans.o
 .text.RemoveEntryList
                0x0000000000001b98       0x45 /tmp/cc3a4hGz.ltrans0.ltrans.o
 .text.StrnLenS
                0x0000000000001bdd       0x59 /tmp/cc3a4hGz.ltrans0.ltrans.o
 .text.AsciiStrSize
                0x0000000000001c36       0x72 /tmp/cc3a4hGz.ltrans0.ltrans.o
 .text.AsciiStrnCmp
                0x0000000000001ca8       0xc7 /tmp/cc3a4hGz.ltrans0.ltrans.o
 .text.IsLanguageSupported
                0x0000000000001d6f       0x65 /tmp/cc3a4hGz.ltrans0.ltrans.o
 .text.ReadUnaligned16
                0x0000000000001dd4        0x4 /tmp/cc3a4hGz.ltrans0.ltrans.o
 .text.ReadUnaligned24
                0x0000000000001dd8       0x37 /tmp/cc3a4hGz.ltrans0.ltrans.o
 .text.LookupUnicodeString2
                0x0000000000001e0f       0xe1 /tmp/cc3a4hGz.ltrans0.ltrans.o
 .text.UdpComponentNameGetDriverName
                0x0000000000001ef0       0x3b /tmp/cc3a4hGz.ltrans0.ltrans.o
 .text.AllocateCopyPool
                0x0000000000001f2b       0x68 /tmp/cc3a4hGz.ltrans0.ltrans.o
 .text.IpIoDummyHandlerDpc
                0x0000000000001f93       0x9c /tmp/cc3a4hGz.ltrans0.ltrans.o
 .text.NetIp4IsUnicast
                0x000000000000202f       0x70 /tmp/cc3a4hGz.ltrans0.ltrans.o
 .text.NetListRemoveHead
                0x000000000000209f       0x3e /tmp/cc3a4hGz.ltrans0.ltrans.o
 .text.NetMapInit
                0x00000000000020dd       0x29 /tmp/cc3a4hGz.ltrans0.ltrans.o
 .text.NetMapClean
                0x0000000000002106       0xd4 /tmp/cc3a4hGz.ltrans0.ltrans.o
 .text.NetMapIsEmpty
                0x00000000000021da        0x9 /tmp/cc3a4hGz.ltrans0.ltrans.o
 .text.NetMapGetCount
                0x00000000000021e3        0x5 /tmp/cc3a4hGz.ltrans0.ltrans.o
 .text.NetMapInsertTail
                0x00000000000021e8       0xd6 /tmp/cc3a4hGz.ltrans0.ltrans.o
 .text.NetMapFindKey
                0x00000000000022be       0x4f /tmp/cc3a4hGz.ltrans0.ltrans.o
 .text.Udp4MatchDgram
                0x000000000000230d      0x15a /tmp/cc3a4hGz.ltrans0.ltrans.o
 .text.NetMapIterate
                0x0000000000002467       0x6e /tmp/cc3a4hGz.ltrans0.ltrans.o
 .text.Udp4Groups
                0x00000000000024d5      0x13c /tmp/cc3a4hGz.ltrans0.ltrans.o
 .text.Udp4Cancel
                0x0000000000002611      0x157 /tmp/cc3a4hGz.ltrans0.ltrans.o
 .text.NetLibDestroyServiceChild
                0x0000000000002768       0x4e /tmp/cc3a4hGz.ltrans0.ltrans.o
 .text.IpIoCreateIpChildOpenProtocol
                0x00000000000027b6       0xfe /tmp/cc3a4hGz.ltrans0.ltrans.o
 .text.IpIoCloseProtocolDestroyIpChild
                0x00000000000028b4       0x8f /tmp/cc3a4hGz.ltrans0.ltrans.o
 .text.NetbufGetByte
                0x0000000000002943       0x89 /tmp/cc3a4hGz.ltrans0.ltrans.o
 .text.NetbufSetBlock
                0x00000000000029cc       0xee /tmp/cc3a4hGz.ltrans0.ltrans.o
 .text.NetbufAllocSpace
                0x0000000000002aba      0x183 /tmp/cc3a4hGz.ltrans0.ltrans.o
 .text.NetblockTrim
                0x0000000000002c3d       0x57 /tmp/cc3a4hGz.ltrans0.ltrans.o
 .text.NetbufChecksum
                0x0000000000002c94       0xc6 /tmp/cc3a4hGz.ltrans0.ltrans.o
 .text.Udp4Checksum
                0x0000000000002d5a       0x57 /tmp/cc3a4hGz.ltrans0.ltrans.o
 .text.NetbufTrim.constprop.0
                0x0000000000002db1       0xbe /tmp/cc3a4hGz.ltrans0.ltrans.o
 .text.UnicodeSPrint.constprop.0
                0x0000000000002e6f       0x31 /tmp/cc3a4hGz.ltrans0.ltrans.o
 .text.NetMapRemoveHead.constprop.0
                0x0000000000002ea0       0x55 /tmp/cc3a4hGz.ltrans0.ltrans.o
 .text.Udp4ReportIcmpError
                0x0000000000002ef5       0x6f /tmp/cc3a4hGz.ltrans0.ltrans.o
 .text.NetMapRemoveItem.constprop.0
                0x0000000000002f64       0x9b /tmp/cc3a4hGz.ltrans0.ltrans.o
 .text.Udp4LeaveGroup
                0x0000000000002fff       0x62 /tmp/cc3a4hGz.ltrans0.ltrans.o
 .text.Udp4DgramSent
                0x0000000000003061       0x64 /tmp/cc3a4hGz.ltrans0.ltrans.o
 .text.Udp4CancelTokens
                0x00000000000030c5       0xc2 /tmp/cc3a4hGz.ltrans0.ltrans.o
 .text.DebugPrintMarker.constprop.0
                0x0000000000003187       0x86 /tmp/cc3a4hGz.ltrans0.ltrans.o
 .text.DebugPrint
                0x000000000000320d       0x2b /tmp/cc3a4hGz.ltrans0.ltrans.o
 .text.FreePool
                0x0000000000003238       0x4f /tmp/cc3a4hGz.ltrans0.ltrans.o
 .text.FreeUnicodeStringTable
                0x0000000000003287       0x4d /tmp/cc3a4hGz.ltrans0.ltrans.o
 .text.IpIoConfigIp
                0x00000000000032d4      0x22d /tmp/cc3a4hGz.ltrans0.ltrans.o
 .text.IpIoRemoveIp
                0x0000000000003501       0xfa /tmp/cc3a4hGz.ltrans0.ltrans.o
 .text.Udp4ServiceBindingCreateChild
                0x00000000000035fb      0x3dd /tmp/cc3a4hGz.ltrans0.ltrans.o
 .text.Udp4ServiceBindingDestroyChild
                0x00000000000039d8      0x206 /tmp/cc3a4hGz.ltrans0.ltrans.o
 .text.IpIoDestroy
                0x0000000000003bde      0x10c /tmp/cc3a4hGz.ltrans0.ltrans.o
 .text.Udp4CleanService
                0x0000000000003cea       0x40 /tmp/cc3a4hGz.ltrans0.ltrans.o
 .text.Udp4DriverBindingStop
                0x0000000000003d2a      0x234 /tmp/cc3a4hGz.ltrans0.ltrans.o
 .text.Udp4DriverBindingStart
                0x0000000000003f5e      0x431 /tmp/cc3a4hGz.ltrans0.ltrans.o
 .text.NetbufAllocStruct
                0x000000000000438f       0xd7 /tmp/cc3a4hGz.ltrans0.ltrans.o
 .text.NetbufAlloc
                0x0000000000004466       0xaa /tmp/cc3a4hGz.ltrans0.ltrans.o
 .text.NetbufFree
                0x0000000000004510      0x177 /tmp/cc3a4hGz.ltrans0.ltrans.o
 .text.Udp4RecycleRxDataWrap
                0x0000000000004687       0x41 /tmp/cc3a4hGz.ltrans0.ltrans.o
 .text.Udp4Configure
                0x00000000000046c8      0x4c8 /tmp/cc3a4hGz.ltrans0.ltrans.o
 .text.Udp4CheckTimeout
                0x0000000000004b90       0xcd /tmp/cc3a4hGz.ltrans0.ltrans.o
 .text.Udp4InstanceDeliverDgram
                0x0000000000004c5d      0x3e4 /tmp/cc3a4hGz.ltrans0.ltrans.o
 .text.Udp4Receive
                0x0000000000005041      0x14d /tmp/cc3a4hGz.ltrans0.ltrans.o
 .text.IpIoDestroySndEntry
                0x000000000000518e       0x97 /tmp/cc3a4hGz.ltrans0.ltrans.o
 .text.IpIoTransmitHandlerDpc
                0x0000000000005225       0x55 /tmp/cc3a4hGz.ltrans0.ltrans.o
 .text.IpIoSend
                0x000000000000527a      0x245 /tmp/cc3a4hGz.ltrans0.ltrans.o
 .text.Udp4DgramRcvd
                0x00000000000054bf      0x597 /tmp/cc3a4hGz.ltrans0.ltrans.o
 .text.AddUnicodeString2.part.0.constprop.0
                0x0000000000005a56      0x1da /tmp/cc3a4hGz.ltrans0.ltrans.o
 .text.UdpComponentNameGetControllerName
                0x0000000000005c30      0x276 /tmp/cc3a4hGz.ltrans0.ltrans.o
 .text.NetbufFromExt.constprop.0
                0x0000000000005ea6      0x13e /tmp/cc3a4hGz.ltrans0.ltrans.o
 .text.Udp4Transmit
                0x0000000000005fe4      0x4dc /tmp/cc3a4hGz.ltrans0.ltrans.o
 .text.IpIoListenHandlerDpc
                0x00000000000064c0      0x4c2 /tmp/cc3a4hGz.ltrans0.ltrans.o
 .text._ModuleEntryPoint
                0x0000000000006982      0x4b6 /tmp/cc3a4hGz.ltrans0.ltrans.o
                0x0000000000006982                _ModuleEntryPoint
 *fill*         0x0000000000006e38        0x8 
 .text          0x0000000000006e40       0x1d /home/cdac/fw/edk2-ws/Build/OvmfX64/DEBUG_GCC5/X64/MdePkg/Library/BaseMemoryLibRepStr/BaseMemoryLibRepStr/OUTPUT/BaseMemoryLibRepStr.lib(CompareMem.obj)
                0x0000000000006e40                InternalMemCompareMem
 *fill*         0x0000000000006e5d        0x3 
 .text          0x0000000000006e60       0x1d /home/cdac/fw/edk2-ws/Build/OvmfX64/DEBUG_GCC5/X64/MdePkg/Library/BaseMemoryLibRepStr/BaseMemoryLibRepStr/OUTPUT/BaseMemoryLibRepStr.lib(ZeroMem.obj)
                0x0000000000006e60                InternalMemZeroMem
 *fill*         0x0000000000006e7d        0x3 
 .text          0x0000000000006e80       0x3c /home/cdac/fw/edk2-ws/Build/OvmfX64/DEBUG_GCC5/X64/MdePkg/Library/BaseMemoryLibRepStr/BaseMemoryLibRepStr/OUTPUT/BaseMemoryLibRepStr.lib(CopyMem.obj)
                0x0000000000006e80                InternalMemCopyMem
 *fill*         0x0000000000006ebc        0x4 
 .text          0x0000000000006ec0       0x7c /home/cdac/fw/edk2-ws/Build/OvmfX64/DEBUG_GCC5/X64/MdePkg/Library/BaseLib/BaseLib/OUTPUT/BaseLib.lib(TdVmcall.obj)
                0x0000000000006ec0                TdVmCall
 *fill*         0x0000000000006f3c        0x4 
 .text          0x0000000000006f40      0x116 /home/cdac/fw/edk2-ws/Build/OvmfX64/DEBUG_GCC5/X64/MdePkg/Library/BaseIoLibIntrinsic/BaseIoLibIntrinsicSev/OUTPUT/BaseIoLibIntrinsicSev.lib(IoFifoSev.obj)
                0x0000000000006f40                SevNoRepIo
                0x0000000000006f80                SevIoReadFifo8
                0x0000000000006fa2                SevIoReadFifo16
                0x0000000000006fc8                SevIoReadFifo32
                0x0000000000006feb                SevIoWriteFifo8
                0x000000000000700d                SevIoWriteFifo16
                0x0000000000007033                SevIoWriteFifo32
 .text.__stack_chk_fail
                0x0000000000007056        0x5 /home/cdac/fw/edk2-ws/Build/OvmfX64/DEBUG_GCC5/X64/MdePkg/Library/StackCheckLibNull/StackCheckLibNull/OUTPUT/StackCheckLibNull.lib(StackCheckLibNullGcc.obj)
                0x0000000000007056                __stack_chk_fail
 *(.rodata .rodata.* .gnu.linkonce.r.*)
 .rodata.BasePrintLibSPrintMarker.constprop.0.str1.1
                0x000000000000705b      0x206 /tmp/cc3a4hGz.ltrans0.ltrans.o
                                        0x21d (size before relaxing)
 *fill*         0x0000000000007261        0x3 
 .rodata.BasePrintLibSPrintMarker.constprop.0
                0x0000000000007264       0xec /tmp/cc3a4hGz.ltrans0.ltrans.o
 .rodata.AsciiSPrint.constprop.0.str1.1
                0x0000000000007350       0x14 /tmp/cc3a4hGz.ltrans0.ltrans.o
 .rodata.Udp4Routes.str1.1
                0x0000000000007364       0x4e /tmp/cc3a4hGz.ltrans0.ltrans.o
 .rodata.Udp4DestroyChildEntryInHandleBuffer.str1.1
                0x00000000000073b2       0x3b /tmp/cc3a4hGz.ltrans0.ltrans.o
 .rodata.ZeroMem.str1.1
                0x00000000000073ed       0x85 /tmp/cc3a4hGz.ltrans0.ltrans.o
 .rodata.CompareMem.str1.1
                0x0000000000007472      0x112 /tmp/cc3a4hGz.ltrans0.ltrans.o
 .rodata.CopyMem.str1.1
                0x0000000000007584       0x4f /tmp/cc3a4hGz.ltrans0.ltrans.o
 .rodata.InternalBaseLibIsListValid.str1.1
                0x00000000000075d3       0x95 /tmp/cc3a4hGz.ltrans0.ltrans.o
 .rodata.InitializeListHead.str1.1
                0x0000000000007668       0x19 /tmp/cc3a4hGz.ltrans0.ltrans.o
 .rodata.InsertHeadList.str1.1
                0x0000000000007681       0x26 /tmp/cc3a4hGz.ltrans0.ltrans.o
 .rodata.GetFirstNode.str1.1
                0x00000000000076a7       0x22 /tmp/cc3a4hGz.ltrans0.ltrans.o
 .rodata.RemoveEntryList.str1.1
                0x00000000000076c9       0x15 /tmp/cc3a4hGz.ltrans0.ltrans.o
 .rodata.StrnLenS.str1.1
                0x00000000000076de       0x61 /tmp/cc3a4hGz.ltrans0.ltrans.o
 .rodata.AsciiStrSize.str1.1
                0x000000000000773f       0x8a /tmp/cc3a4hGz.ltrans0.ltrans.o
 .rodata.AsciiStrnCmp.str1.1
                0x00000000000077c9       0x70 /tmp/cc3a4hGz.ltrans0.ltrans.o
 .rodata.ReadUnaligned24.str1.1
                0x0000000000007839       0x3e /tmp/cc3a4hGz.ltrans0.ltrans.o
 .rodata.AllocateCopyPool.str1.1
                0x0000000000007877       0x96 /tmp/cc3a4hGz.ltrans0.ltrans.o
 .rodata.IpIoDummyHandlerDpc.str1.1
                0x000000000000790d       0x63 /tmp/cc3a4hGz.ltrans0.ltrans.o
 .rodata.NetIp4IsUnicast.str1.1
                0x0000000000007970       0x51 /tmp/cc3a4hGz.ltrans0.ltrans.o
 .rodata.NetMapClean.str1.1
                0x00000000000079c1       0x4b /tmp/cc3a4hGz.ltrans0.ltrans.o
 .rodata.NetMapInsertTail.str1.1
                0x0000000000007a0c       0x3f /tmp/cc3a4hGz.ltrans0.ltrans.o
 .rodata.NetMapIterate.str1.1
                0x0000000000007a4b       0x34 /tmp/cc3a4hGz.ltrans0.ltrans.o
 .rodata.Udp4Cancel.str1.1
                0x0000000000007a7f       0xb2 /tmp/cc3a4hGz.ltrans0.ltrans.o
 .rodata.NetbufGetByte.str1.1
                0x0000000000007b31       0xaf /tmp/cc3a4hGz.ltrans0.ltrans.o
 .rodata.NetbufSetBlock.str1.1
                0x0000000000007be0       0x94 /tmp/cc3a4hGz.ltrans0.ltrans.o
 .rodata.NetbufAllocSpace.str1.1
                0x0000000000007c74        0x8 /tmp/cc3a4hGz.ltrans0.ltrans.o
 .rodata.NetblockTrim.str1.1
                0x0000000000007c7c       0x34 /tmp/cc3a4hGz.ltrans0.ltrans.o
 .rodata.NetMapRemoveHead.constprop.0.str1.1
                0x0000000000007cb0       0x21 /tmp/cc3a4hGz.ltrans0.ltrans.o
 .rodata.NetMapRemoveItem.constprop.0.str1.1
                0x0000000000007cd1       0x75 /tmp/cc3a4hGz.ltrans0.ltrans.o
 .rodata.Udp4CancelTokens.str1.1
                0x0000000000007d46       0x33 /tmp/cc3a4hGz.ltrans0.ltrans.o
 .rodata.FreePool.str1.1
                0x0000000000007d79       0x57 /tmp/cc3a4hGz.ltrans0.ltrans.o
 .rodata.IpIoConfigIp.str1.1
                0x0000000000007dd0       0x3c /tmp/cc3a4hGz.ltrans0.ltrans.o
 .rodata.IpIoRemoveIp.str1.1
                0x0000000000007e0c       0x13 /tmp/cc3a4hGz.ltrans0.ltrans.o
 .rodata.Udp4ServiceBindingCreateChild.str1.1
                0x0000000000007e1f       0x46 /tmp/cc3a4hGz.ltrans0.ltrans.o
 .rodata.IpIoDestroy.str1.1
                0x0000000000007e65       0x24 /tmp/cc3a4hGz.ltrans0.ltrans.o
 .rodata.Udp4DriverBindingStart.str1.1
                0x0000000000007e89       0x2b /tmp/cc3a4hGz.ltrans0.ltrans.o
 .rodata.NetbufAllocStruct.str1.1
                0x0000000000007eb4       0x10 /tmp/cc3a4hGz.ltrans0.ltrans.o
 .rodata.NetbufFree.str1.1
                0x0000000000007ec4       0xbf /tmp/cc3a4hGz.ltrans0.ltrans.o
 .rodata.Udp4Configure.str1.1
                0x0000000000007f83       0x2b /tmp/cc3a4hGz.ltrans0.ltrans.o
 .rodata.Udp4CheckTimeout.str1.1
                0x0000000000007fae       0xec /tmp/cc3a4hGz.ltrans0.ltrans.o
 .rodata.Udp4InstanceDeliverDgram.str1.1
                0x000000000000809a       0xae /tmp/cc3a4hGz.ltrans0.ltrans.o
 .rodata.Udp4DgramRcvd.str1.1
                0x0000000000008148       0xc6 /tmp/cc3a4hGz.ltrans0.ltrans.o
 .rodata.AddUnicodeString2.part.0.constprop.0.str1.1
                0x000000000000820e       0x3a /tmp/cc3a4hGz.ltrans0.ltrans.o
 .rodata.UdpComponentNameGetControllerName.str2.2
                0x0000000000008248       0x68 /tmp/cc3a4hGz.ltrans0.ltrans.o
 .rodata.UdpComponentNameGetControllerName.str1.1
                0x00000000000082b0        0x4 /tmp/cc3a4hGz.ltrans0.ltrans.o
                                          0x7 (size before relaxing)
 .rodata.NetbufFromExt.constprop.0.str1.1
                0x00000000000082b4       0x4b /tmp/cc3a4hGz.ltrans0.ltrans.o
 .rodata.IpIoListenHandlerDpc.str1.1
                0x00000000000082ff       0xb3 /tmp/cc3a4hGz.ltrans0.ltrans.o
 .rodata._ModuleEntryPoint.str1.1
                0x00000000000083b2      0x3b7 /tmp/cc3a4hGz.ltrans0.ltrans.o
 *fill*         0x0000000000008769        0x7 
 .rodata.mHexStr
                0x0000000000008770       0x10 /tmp/cc3a4hGz.ltrans0.ltrans.o
 .rodata.mWarningString
                0x0000000000008780       0xc8 /tmp/cc3a4hGz.ltrans0.ltrans.o
 *fill*         0x0000000000008848       0x18 
 .rodata.mErrorString
                0x0000000000008860      0x2df /tmp/cc3a4hGz.ltrans0.ltrans.o
 *fill*         0x0000000000008b3f        0x1 
 .rodata.__func__.0.lto_priv.0
                0x0000000000008b40       0x15 /tmp/cc3a4hGz.ltrans0.ltrans.o
 *fill*         0x0000000000008b55        0xb 
 .rodata.CSWTCH.82
                0x0000000000008b60       0x50 /tmp/cc3a4hGz.ltrans0.ltrans.o
 .rodata.str1.1
                0x0000000000008bb0        0x7 /tmp/cc3a4hGz.ltrans0.ltrans.o
 *fill*         0x0000000000008bb7        0x1 
 .rodata.str2.2
                0x0000000000008bb8       0x36 /tmp/cc3a4hGz.ltrans0.ltrans.o
 *fill*         0x0000000000008bee       0x12 
 .rodata.gIp4AllMasks
                0x0000000000008c00       0x84 /tmp/cc3a4hGz.ltrans0.ltrans.o
 *(.got .got.*)
 .got           0x0000000000008c84        0x0 Udp4Main.obj (symbol from plugin)
 .got.plt       0x0000000000008c84        0x0 Udp4Main.obj (symbol from plugin)
 *:AutoGen.obj(.data.g*Guid)

.plt            0x0000000000008c90        0x0
 .plt           0x0000000000008c90        0x0 Udp4Main.obj (symbol from plugin)

.plt.got        0x0000000000008c88        0x0
 .plt.got       0x0000000000008c88        0x0 Udp4Main.obj (symbol from plugin)

.data           0x0000000000008cc0      0x2d8
 *(.data .data.* .gnu.linkonce.d.*)
 .data.gEfiRngAlgorithmRaw
                0x0000000000008cc0       0x10 /tmp/cc3a4hGz.ltrans0.ltrans.o
 .data.gEfiRngAlgorithmArmRndr
                0x0000000000008cd0       0x10 /tmp/cc3a4hGz.ltrans0.ltrans.o
 .data.gEfiRngAlgorithmSp80090Hash256Guid
                0x0000000000008ce0       0x10 /tmp/cc3a4hGz.ltrans0.ltrans.o
 .data.gEfiRngAlgorithmSp80090Hmac256Guid
                0x0000000000008cf0       0x10 /tmp/cc3a4hGz.ltrans0.ltrans.o
 .data.gEfiRngAlgorithmSp80090Ctr256Guid
                0x0000000000008d00       0x10 /tmp/cc3a4hGz.ltrans0.ltrans.o
 .data.gEfiIp6ProtocolGuid
                0x0000000000008d10       0x10 /tmp/cc3a4hGz.ltrans0.ltrans.o
 .data.gEfiIp6ServiceBindingProtocolGuid
                0x0000000000008d20       0x10 /tmp/cc3a4hGz.ltrans0.ltrans.o
 .data.gEfiDevicePathUtilitiesProtocolGuid
                0x0000000000008d30       0x10 /tmp/cc3a4hGz.ltrans0.ltrans.o
 .data.gEfiDpcProtocolGuid
                0x0000000000008d40       0x10 /tmp/cc3a4hGz.ltrans0.ltrans.o
 *fill*         0x0000000000008d50       0x10 
 .data.rel.ro.local.mSecureHashAlgorithms
                0x0000000000008d60       0x28 /tmp/cc3a4hGz.ltrans0.ltrans.o
 *fill*         0x0000000000008d88        0x8 
 .data.gEfiRngProtocolGuid
                0x0000000000008d90       0x10 /tmp/cc3a4hGz.ltrans0.ltrans.o
 .data.gEfiLoadedImageProtocolGuid
                0x0000000000008da0       0x10 /tmp/cc3a4hGz.ltrans0.ltrans.o
 .data.gEfiComponentName2ProtocolGuid
                0x0000000000008db0       0x10 /tmp/cc3a4hGz.ltrans0.ltrans.o
 .data.gEfiComponentNameProtocolGuid
                0x0000000000008dc0       0x10 /tmp/cc3a4hGz.ltrans0.ltrans.o
 .data.gEfiDriverBindingProtocolGuid
                0x0000000000008dd0       0x10 /tmp/cc3a4hGz.ltrans0.ltrans.o
 .data.rel.local.mUdp4Protocol
                0x0000000000008de0       0x40 /tmp/cc3a4hGz.ltrans0.ltrans.o
 .data.rel.local.gUdp4DriverBinding
                0x0000000000008e20       0x30 /tmp/cc3a4hGz.ltrans0.ltrans.o
 .data.rel.ro.local.mUdp4ServiceBinding
                0x0000000000008e50       0x10 /tmp/cc3a4hGz.ltrans0.ltrans.o
 .data.gEfiIp4ServiceBindingProtocolGuid
                0x0000000000008e60       0x10 /tmp/cc3a4hGz.ltrans0.ltrans.o
 .data.gEfiUdp4ServiceBindingProtocolGuid
                0x0000000000008e70       0x10 /tmp/cc3a4hGz.ltrans0.ltrans.o
 .data.rel.local.mActiveIpIoList
                0x0000000000008e80       0x10 /tmp/cc3a4hGz.ltrans0.ltrans.o
 .data.rel.local.gUdp4ComponentName2
                0x0000000000008e90       0x18 /tmp/cc3a4hGz.ltrans0.ltrans.o
 *fill*         0x0000000000008ea8        0x8 
 .data.gEfiUdp4ProtocolGuid
                0x0000000000008eb0       0x10 /tmp/cc3a4hGz.ltrans0.ltrans.o
 .data.gEfiIp4ProtocolGuid
                0x0000000000008ec0       0x10 /tmp/cc3a4hGz.ltrans0.ltrans.o
 *fill*         0x0000000000008ed0       0x10 
 .data.rel.local.mUdpDriverNameTable
                0x0000000000008ee0       0x20 /tmp/cc3a4hGz.ltrans0.ltrans.o
 .data.rel.local.gUdp4ComponentName
                0x0000000000008f00       0x18 /tmp/cc3a4hGz.ltrans0.ltrans.o
 *fill*         0x0000000000008f18        0x8 
 .data.mIp4IoDefaultIpConfigData
                0x0000000000008f20       0x1c /tmp/cc3a4hGz.ltrans0.ltrans.o
 .data.rel.ro   0x0000000000008f3c        0x0 Udp4Main.obj (symbol from plugin)
 *(.bss .bss.*)
 *fill*         0x0000000000008f3c        0x4 
 .bss.gImageHandle
                0x0000000000008f40        0x8 /tmp/cc3a4hGz.ltrans0.ltrans.o
 .bss.mDevicePathLibDevicePathUtilities
                0x0000000000008f48        0x8 /tmp/cc3a4hGz.ltrans0.ltrans.o
 .bss.gRT       0x0000000000008f50        0x8 /tmp/cc3a4hGz.ltrans0.ltrans.o
 .bss.gST       0x0000000000008f58        0x8 /tmp/cc3a4hGz.ltrans0.ltrans.o
 .bss.mDpc      0x0000000000008f60        0x8 /tmp/cc3a4hGz.ltrans0.ltrans.o
 .bss.mCcProbeGuestType
                0x0000000000008f68        0x1 /tmp/cc3a4hGz.ltrans0.ltrans.o
 .bss.mCcProbed
                0x0000000000008f69        0x1 /tmp/cc3a4hGz.ltrans0.ltrans.o
 .bss.mDebugIoPortFound
                0x0000000000008f6a        0x1 /tmp/cc3a4hGz.ltrans0.ltrans.o
 .bss.mDebugIoPortChecked
                0x0000000000008f6b        0x1 /tmp/cc3a4hGz.ltrans0.ltrans.o
 *fill*         0x0000000000008f6c        0x4 
 .bss.mDeadLoopComparator
                0x0000000000008f70        0x8 /tmp/cc3a4hGz.ltrans0.ltrans.o
 .bss.gUdpControllerNameTable
                0x0000000000008f78        0x8 /tmp/cc3a4hGz.ltrans0.ltrans.o
 .bss.mZeroIp4Addr
                0x0000000000008f80        0x4 /tmp/cc3a4hGz.ltrans0.ltrans.o
 .bss.mUdp4RandomPort
                0x0000000000008f84        0x2 /tmp/cc3a4hGz.ltrans0.ltrans.o
 *fill*         0x0000000000008f86        0x2 
 .bss.gBS       0x0000000000008f88        0x8 /tmp/cc3a4hGz.ltrans0.ltrans.o
 .bss.__stack_chk_guard
                0x0000000000008f90        0x8 /home/cdac/fw/edk2-ws/Build/OvmfX64/DEBUG_GCC5/X64/MdePkg/Library/StackCheckLibNull/StackCheckLibNull/OUTPUT/StackCheckLibNull.lib(StackCheckLibNullGcc.obj)
                0x0000000000008f90                __stack_chk_guard

.eh_frame       0x0000000000008fc0        0x0
 *(.eh_frame)
 .eh_frame      0x0000000000008fc0        0x0 Udp4Main.obj (symbol from plugin)
 .eh_frame      0x0000000000008fc0        0x0 Udp4Main.obj (symbol from plugin)

.dynbss         0x0000000000008fc0        0x0
 .dynbss        0x0000000000008fc0        0x0 Udp4Main.obj (symbol from plugin)

.gnu.version_d  0x0000000000008fc0        0x0
 .gnu.version_d
                0x0000000000008fc0        0x0 Udp4Main.obj (symbol from plugin)

.gnu.version    0x0000000000008fc0        0x0
 .gnu.version   0x0000000000008fc0        0x0 Udp4Main.obj (symbol from plugin)

.gnu.version_r  0x0000000000008fc0        0x0
 .gnu.version_r
                0x0000000000008fc0        0x0 Udp4Main.obj (symbol from plugin)

.dynamic        0x0000000000008fc0       0xc0
 *(.dynamic)
 .dynamic       0x0000000000008fc0       0xc0 Udp4Main.obj (symbol from plugin)
                0x0000000000008fc0                _DYNAMIC

.rela           0x0000000000009080      0x2a0
 *(.rela .rela.*)
 .rela.plt      0x0000000000009080        0x0 Udp4Main.obj (symbol from plugin)
 .rela.got      0x0000000000009080        0x0 Udp4Main.obj (symbol from plugin)
 .rela.bss      0x0000000000009080        0x0 Udp4Main.obj (symbol from plugin)
 .rela.data.rel.ro
                0x0000000000009080        0x0 Udp4Main.obj (symbol from plugin)
 .rela.ifunc    0x0000000000009080        0x0 Udp4Main.obj (symbol from plugin)
 .rela.data.rel.ro.local.mSecureHashAlgorithms
                0x0000000000009080       0x78 Udp4Main.obj (symbol from plugin)
 .rela.data.rel.local.mUdp4Protocol
                0x00000000000090f8       0xc0 Udp4Main.obj (symbol from plugin)
 .rela.data.rel.local.gUdp4DriverBinding
                0x00000000000091b8       0x48 Udp4Main.obj (symbol from plugin)
 .rela.data.rel.ro.local.mUdp4ServiceBinding
                0x0000000000009200       0x30 Udp4Main.obj (symbol from plugin)
 .rela.data.rel.local.mActiveIpIoList
                0x0000000000009230       0x30 Udp4Main.obj (symbol from plugin)
 .rela.data.rel.local.gUdp4ComponentName2
                0x0000000000009260       0x48 Udp4Main.obj (symbol from plugin)
 .rela.data.rel.local.mUdpDriverNameTable
                0x00000000000092a8       0x30 Udp4Main.obj (symbol from plugin)
 .rela.data.rel.local.gUdp4ComponentName
                0x00000000000092d8       0x48 Udp4Main.obj (symbol from plugin)

.hii
 *(.hii)

.got            0x0000000000009320        0x0
 *(.got)
                0x0000000000000001                ASSERT ((SIZEOF (.got) == 0x0), Unexpected GOT entries detected!)

.got.plt        0x0000000000009320        0x0
 *(.got.plt)
                0x0000000000000001                ASSERT ((((SIZEOF (.got.plt) == 0x0) || (SIZEOF (.got.plt) == 0xc)) || (SIZEOF (.got.plt) == 0x18)), Unexpected GOT/PLT entries detected!)

.build-id       0x0000000000009320       0x24
 *(.note.gnu.build-id)
 .note.gnu.build-id
                0x0000000000009320       0x24 Udp4Main.obj (symbol from plugin)

/DISCARD/
 *(.note.GNU-stack)
 *(.gnu_debuglink)
 *(.interp)
 *(.dynsym)
 *(.dynstr)
 *(.hash .gnu.hash)
 *(.comment)
OUTPUT(/home/cdac/fw/edk2-ws/Build/OvmfX64/DEBUG_GCC5/X64/NetworkPkg/Udp4Dxe/Udp4Dxe/DEBUG/Udp4Dxe.dll elf64-x86-64)

.debug_info     0x0000000000000000    0x36b81
 .debug_info    0x0000000000000000     0x9d5a /tmp/cc3a4hGz.ltrans0.ltrans.o
 .debug_info    0x0000000000009d5a     0x3544 /tmp/ccNcPDUj.debug.temp.o
                0x0000000000009d5a                Udp4Main.c.1c5a600a
 .debug_info    0x000000000000d29e     0x1aba /tmp/ccm6BhfB.debug.temp.o
                0x000000000000d29e                ComponentName.c.9f142d5e
 .debug_info    0x000000000000ed58     0x3c20 /tmp/ccrfLpCj.debug.temp.o
                0x000000000000ed58                Udp4Impl.c.1fc84fd5
 .debug_info    0x0000000000012978     0x3d79 /tmp/ccfP70F2.debug.temp.o
                0x0000000000012978                Udp4Driver.c.1182e8f7
 .debug_info    0x00000000000166f1     0x1e5a /tmp/ccDRzii1.debug.temp.o
                0x00000000000166f1                AutoGen.c.97b1d97c
 .debug_info    0x000000000001854b      0x104 /tmp/ccrSOOJX.debug.temp.o
                0x000000000001854b                ZeroMemWrapper.c.f89c288d
 .debug_info    0x000000000001864f      0x12d /tmp/ccVdwbN1.debug.temp.o
                0x000000000001864f                CompareMemWrapper.c.376d7883
 .debug_info    0x000000000001877c      0x119 /tmp/ccHwQQcl.debug.temp.o
                0x000000000001877c                CopyMemWrapper.c.4278fa3e
 .debug_info    0x0000000000018895       0xbf /tmp/ccNJxdvD.debug.temp.o
                0x0000000000018895                SwapBytes32.c.53bcf1e5
 .debug_info    0x0000000000018954      0x1a7 /tmp/ccmQPvaz.debug.temp.o
                0x0000000000018954                SetJump.c.08000611
 .debug_info    0x0000000000018afb       0xa8 /tmp/ccLOGg0P.debug.temp.o
                0x0000000000018afb                CpuDeadLoop.c.de72b58d
 .debug_info    0x0000000000018ba3      0x327 /tmp/ccVtjHV8.debug.temp.o
                0x0000000000018ba3                LinkedList.c.cda68033
 .debug_info    0x0000000000018eca     0x1098 /tmp/ccSa2zv6.debug.temp.o
                0x0000000000018eca                SafeString.c.a1fab0ae
 .debug_info    0x0000000000019f62      0x809 /tmp/cchaHll0.debug.temp.o
                0x0000000000019f62                String.c.d6c2ca07
 .debug_info    0x000000000001a76b      0x228 /tmp/ccG4bbsk.debug.temp.o
                0x000000000001a76b                Unaligned.c.e410e6d5
 .debug_info    0x000000000001a993      0x2e1 /tmp/ccbX4kkG.debug.temp.o
                0x000000000001a993                GccInline.c.d576b47d
 .debug_info    0x000000000001ac74      0x340 /tmp/ccMG3n04.debug.temp.o
                0x000000000001ac74                IoLibGcc.c.387abfdf
 .debug_info    0x000000000001afb4      0x612 /tmp/ccYvAHF6.debug.temp.o
                0x000000000001afb4                IoLibInternalTdx.c.54585d05
 .debug_info    0x000000000001b5c6      0x2d8 /tmp/cctWzoLw.debug.temp.o
                0x000000000001b5c6                IoLibFifoCc.c.09b756e9
 .debug_info    0x000000000001b89e      0x764 /tmp/ccCT3Q2a.debug.temp.o
                0x000000000001b89e                PrintLibInternal.c.fcc47320
 .debug_info    0x000000000001c002      0x588 /tmp/ccDGufC9.debug.temp.o
                0x000000000001c002                PrintLib.c.c7aaac47
 .debug_info    0x000000000001c58a       0xcf /tmp/ccBLjJls.debug.temp.o
                0x000000000001c58a                DebugIoPortQemu.c.6770f392
 .debug_info    0x000000000001c659      0x3d4 /tmp/cclK5wG6.debug.temp.o
                0x000000000001c659                DebugLib.c.69301bc7
 .debug_info    0x000000000001ca2d       0xc7 /tmp/ccv594pj.debug.temp.o
                0x000000000001ca2d                DebugLibDetect.c.47cbf058
 .debug_info    0x000000000001caf4      0x313 /tmp/ccnjC3No.debug.temp.o
                0x000000000001caf4                DxeCcProbeLib.c.6f0eeff1
 .debug_info    0x000000000001ce07     0x1787 /tmp/ccHCVsas.debug.temp.o
                0x000000000001ce07                UefiBootServicesTableLib.c.eb6b4150
 .debug_info    0x000000000001e58e     0x1366 /tmp/ccLff2b7.debug.temp.o
                0x000000000001e58e                MemoryAllocationLib.c.93d95930
 .debug_info    0x000000000001f8f4     0x1f0c /tmp/ccuzkq74.debug.temp.o
                0x000000000001f8f4                UefiDevicePathLib.c.047a3425
 .debug_info    0x0000000000021800     0x175e /tmp/ccbzSonT.debug.temp.o
                0x0000000000021800                UefiRuntimeServicesTableLib.c.7c1e9fbb
 .debug_info    0x0000000000022f5e     0x189f /tmp/ccR3plLl.debug.temp.o
                0x0000000000022f5e                DpcLib.c.94fbf383
 .debug_info    0x00000000000247fd     0x2042 /tmp/cc547GLO.debug.temp.o
                0x00000000000247fd                UefiDriverModel.c.4512ec5c
 .debug_info    0x000000000002683f     0x25bc /tmp/ccWt08fj.debug.temp.o
                0x000000000002683f                UefiLib.c.3dfc795b
 .debug_info    0x0000000000028dfb     0x1951 /tmp/ccaMvLo4.debug.temp.o
                0x0000000000028dfb                DriverEntryPoint.c.8b048165
 .debug_info    0x000000000002a74c     0x3511 /tmp/cc1wCu96.debug.temp.o
                0x000000000002a74c                DxeIpIoLib.c.a8dade51
 .debug_info    0x000000000002dc5d     0x6e86 /tmp/cclXCAso.debug.temp.o
                0x000000000002dc5d                DxeNetLib.c.09c490a8
 .debug_info    0x0000000000034ae3     0x1fdd /tmp/ccjJh3qV.debug.temp.o
                0x0000000000034ae3                NetBuffer.c.8bc66eac
 .debug_info    0x0000000000036ac0       0xc1 /home/cdac/fw/edk2-ws/Build/OvmfX64/DEBUG_GCC5/X64/MdePkg/Library/StackCheckLibNull/StackCheckLibNull/OUTPUT/StackCheckLibNull.lib(StackCheckLibNullGcc.obj)

.debug_abbrev   0x0000000000000000     0x4638
 .debug_abbrev  0x0000000000000000      0x299 /tmp/cc3a4hGz.ltrans0.ltrans.o
 .debug_abbrev  0x0000000000000299      0x3ae /tmp/ccNcPDUj.debug.temp.o
 .debug_abbrev  0x0000000000000647      0x298 /tmp/ccm6BhfB.debug.temp.o
 .debug_abbrev  0x00000000000008df      0x38b /tmp/ccrfLpCj.debug.temp.o
 .debug_abbrev  0x0000000000000c6a      0x3ba /tmp/ccfP70F2.debug.temp.o
 .debug_abbrev  0x0000000000001024      0x2c8 /tmp/ccDRzii1.debug.temp.o
 .debug_abbrev  0x00000000000012ec       0xb8 /tmp/ccrSOOJX.debug.temp.o
 .debug_abbrev  0x00000000000013a4       0xb7 /tmp/ccVdwbN1.debug.temp.o
 .debug_abbrev  0x000000000000145b       0xbe /tmp/ccHwQQcl.debug.temp.o
 .debug_abbrev  0x0000000000001519       0x87 /tmp/ccNJxdvD.debug.temp.o
 .debug_abbrev  0x00000000000015a0       0xe0 /tmp/ccmQPvaz.debug.temp.o
 .debug_abbrev  0x0000000000001680       0x71 /tmp/ccLOGg0P.debug.temp.o
 .debug_abbrev  0x00000000000016f1      0x141 /tmp/ccVtjHV8.debug.temp.o
 .debug_abbrev  0x0000000000001832      0x1c7 /tmp/ccSa2zv6.debug.temp.o
 .debug_abbrev  0x00000000000019f9      0x157 /tmp/cchaHll0.debug.temp.o
 .debug_abbrev  0x0000000000001b50       0xb6 /tmp/ccG4bbsk.debug.temp.o
 .debug_abbrev  0x0000000000001c06      0x135 /tmp/ccbX4kkG.debug.temp.o
 .debug_abbrev  0x0000000000001d3b       0xfe /tmp/ccMG3n04.debug.temp.o
 .debug_abbrev  0x0000000000001e39      0x16c /tmp/ccYvAHF6.debug.temp.o
 .debug_abbrev  0x0000000000001fa5       0xbd /tmp/cctWzoLw.debug.temp.o
 .debug_abbrev  0x0000000000002062      0x19f /tmp/ccCT3Q2a.debug.temp.o
 .debug_abbrev  0x0000000000002201      0x15a /tmp/ccDGufC9.debug.temp.o
 .debug_abbrev  0x000000000000235b       0x81 /tmp/ccBLjJls.debug.temp.o
 .debug_abbrev  0x00000000000023dc      0x19e /tmp/cclK5wG6.debug.temp.o
 .debug_abbrev  0x000000000000257a       0x80 /tmp/ccv594pj.debug.temp.o
 .debug_abbrev  0x00000000000025fa      0x114 /tmp/ccnjC3No.debug.temp.o
 .debug_abbrev  0x000000000000270e      0x20a /tmp/ccHCVsas.debug.temp.o
 .debug_abbrev  0x0000000000002918      0x274 /tmp/ccLff2b7.debug.temp.o
 .debug_abbrev  0x0000000000002b8c      0x2e2 /tmp/ccuzkq74.debug.temp.o
 .debug_abbrev  0x0000000000002e6e      0x1da /tmp/ccbzSonT.debug.temp.o
 .debug_abbrev  0x0000000000003048      0x266 /tmp/ccR3plLl.debug.temp.o
 .debug_abbrev  0x00000000000032ae      0x27f /tmp/cc547GLO.debug.temp.o
 .debug_abbrev  0x000000000000352d      0x2e9 /tmp/ccWt08fj.debug.temp.o
 .debug_abbrev  0x0000000000003816      0x25d /tmp/ccaMvLo4.debug.temp.o
 .debug_abbrev  0x0000000000003a73      0x3c6 /tmp/cc1wCu96.debug.temp.o
 .debug_abbrev  0x0000000000003e39      0x419 /tmp/cclXCAso.debug.temp.o
 .debug_abbrev  0x0000000000004252      0x36a /tmp/ccjJh3qV.debug.temp.o
 .debug_abbrev  0x00000000000045bc       0x7c /home/cdac/fw/edk2-ws/Build/OvmfX64/DEBUG_GCC5/X64/MdePkg/Library/StackCheckLibNull/StackCheckLibNull/OUTPUT/StackCheckLibNull.lib(StackCheckLibNullGcc.obj)

.debug_loclists
                0x0000000000000000     0x7019
 .debug_loclists
                0x0000000000000000     0x7019 /tmp/cc3a4hGz.ltrans0.ltrans.o

.debug_aranges  0x0000000000000000      0x750
 .debug_aranges
                0x0000000000000000      0x720 /tmp/cc3a4hGz.ltrans0.ltrans.o
 .debug_aranges
                0x0000000000000720       0x30 /home/cdac/fw/edk2-ws/Build/OvmfX64/DEBUG_GCC5/X64/MdePkg/Library/StackCheckLibNull/StackCheckLibNull/OUTPUT/StackCheckLibNull.lib(StackCheckLibNullGcc.obj)

.debug_rnglists
                0x0000000000000000      0xa64
 .debug_rnglists
                0x0000000000000000      0xa4d /tmp/cc3a4hGz.ltrans0.ltrans.o
 .debug_rnglists
                0x0000000000000a4d       0x17 /home/cdac/fw/edk2-ws/Build/OvmfX64/DEBUG_GCC5/X64/MdePkg/Library/StackCheckLibNull/StackCheckLibNull/OUTPUT/StackCheckLibNull.lib(StackCheckLibNullGcc.obj)

.debug_line     0x0000000000000000     0x6baf
 .debug_line    0x0000000000000000     0x59fc /tmp/cc3a4hGz.ltrans0.ltrans.o
 .debug_line    0x00000000000059fc       0xb6 /tmp/ccNcPDUj.debug.temp.o
 .debug_line    0x0000000000005ab2       0xa7 /tmp/ccm6BhfB.debug.temp.o
 .debug_line    0x0000000000005b59       0xbb /tmp/ccrfLpCj.debug.temp.o
 .debug_line    0x0000000000005c14       0xd8 /tmp/ccfP70F2.debug.temp.o
 .debug_line    0x0000000000005cec       0x8a /tmp/ccDRzii1.debug.temp.o
 .debug_line    0x0000000000005d76       0x51 /tmp/ccrSOOJX.debug.temp.o
 .debug_line    0x0000000000005dc7       0x51 /tmp/ccVdwbN1.debug.temp.o
 .debug_line    0x0000000000005e18       0x51 /tmp/ccHwQQcl.debug.temp.o
 .debug_line    0x0000000000005e69       0x4c /tmp/ccNJxdvD.debug.temp.o
 .debug_line    0x0000000000005eb5       0x51 /tmp/ccmQPvaz.debug.temp.o
 .debug_line    0x0000000000005f06       0x4c /tmp/ccLOGg0P.debug.temp.o
 .debug_line    0x0000000000005f52       0x5e /tmp/ccVtjHV8.debug.temp.o
 .debug_line    0x0000000000005fb0       0x6d /tmp/ccSa2zv6.debug.temp.o
 .debug_line    0x000000000000601d       0x63 /tmp/cchaHll0.debug.temp.o
 .debug_line    0x0000000000006080       0x51 /tmp/ccG4bbsk.debug.temp.o
 .debug_line    0x00000000000060d1       0x4c /tmp/ccbX4kkG.debug.temp.o
 .debug_line    0x000000000000611d       0x56 /tmp/ccMG3n04.debug.temp.o
 .debug_line    0x0000000000006173       0x64 /tmp/ccYvAHF6.debug.temp.o
 .debug_line    0x00000000000061d7       0x4d /tmp/cctWzoLw.debug.temp.o
 .debug_line    0x0000000000006224       0x68 /tmp/ccCT3Q2a.debug.temp.o
 .debug_line    0x000000000000628c       0x5a /tmp/ccDGufC9.debug.temp.o
 .debug_line    0x00000000000062e6       0x55 /tmp/ccBLjJls.debug.temp.o
 .debug_line    0x000000000000633b       0x89 /tmp/cclK5wG6.debug.temp.o
 .debug_line    0x00000000000063c4       0x51 /tmp/ccv594pj.debug.temp.o
 .debug_line    0x0000000000006415       0x63 /tmp/ccnjC3No.debug.temp.o
 .debug_line    0x0000000000006478       0x80 /tmp/ccHCVsas.debug.temp.o
 .debug_line    0x00000000000064f8       0x7b /tmp/ccLff2b7.debug.temp.o
 .debug_line    0x0000000000006573       0xa7 /tmp/ccuzkq74.debug.temp.o
 .debug_line    0x000000000000661a       0x7b /tmp/ccbzSonT.debug.temp.o
 .debug_line    0x0000000000006695       0x92 /tmp/ccR3plLl.debug.temp.o
 .debug_line    0x0000000000006727       0xac /tmp/cc547GLO.debug.temp.o
 .debug_line    0x00000000000067d3       0xac /tmp/ccWt08fj.debug.temp.o
 .debug_line    0x000000000000687f       0x93 /tmp/ccaMvLo4.debug.temp.o
 .debug_line    0x0000000000006912       0xbe /tmp/cc1wCu96.debug.temp.o
 .debug_line    0x00000000000069d0       0xea /tmp/cclXCAso.debug.temp.o
 .debug_line    0x0000000000006aba       0x93 /tmp/ccjJh3qV.debug.temp.o
 .debug_line    0x0000000000006b4d       0x62 /home/cdac/fw/edk2-ws/Build/OvmfX64/DEBUG_GCC5/X64/MdePkg/Library/StackCheckLibNull/StackCheckLibNull/OUTPUT/StackCheckLibNull.lib(StackCheckLibNullGcc.obj)

.debug_str      0x0000000000000000     0x9978
 .debug_str     0x0000000000000000      0x1c5 /tmp/cc3a4hGz.ltrans0.ltrans.o
                                        0x1e8 (size before relaxing)
 .debug_str     0x00000000000001c5     0x1d91 /tmp/ccNcPDUj.debug.temp.o
                                       0x21f2 (size before relaxing)
 .debug_str     0x0000000000001f56      0x233 /tmp/ccm6BhfB.debug.temp.o
                                       0x16c2 (size before relaxing)
 .debug_str     0x0000000000002189      0x41a /tmp/ccrfLpCj.debug.temp.o
                                       0x2524 (size before relaxing)
 .debug_str     0x00000000000025a3      0x87f /tmp/ccfP70F2.debug.temp.o
                                       0x2a58 (size before relaxing)
 .debug_str     0x0000000000002e22      0xa7b /tmp/ccDRzii1.debug.temp.o
                                       0x1eb9 (size before relaxing)
 .debug_str     0x000000000000389d       0x13 /tmp/ccrSOOJX.debug.temp.o
                                        0x263 (size before relaxing)
 .debug_str     0x00000000000038b0       0x35 /tmp/ccVdwbN1.debug.temp.o
                                        0x28c (size before relaxing)
 .debug_str     0x00000000000038e5       0x13 /tmp/ccHwQQcl.debug.temp.o
                                        0x27b (size before relaxing)
 .debug_str     0x00000000000038f8       0x17 /tmp/ccNJxdvD.debug.temp.o
                                        0x243 (size before relaxing)
 .debug_str     0x000000000000390f       0x42 /tmp/ccmQPvaz.debug.temp.o
                                        0x28d (size before relaxing)
 .debug_str     0x0000000000003951       0x29 /tmp/ccLOGg0P.debug.temp.o
                                        0x23c (size before relaxing)
 .debug_str     0x000000000000397a       0x9a /tmp/ccVtjHV8.debug.temp.o
                                        0x3b9 (size before relaxing)
 .debug_str     0x0000000000003a14      0x38f /tmp/ccSa2zv6.debug.temp.o
                                        0x81c (size before relaxing)
 .debug_str     0x0000000000003da3      0x1da /tmp/cchaHll0.debug.temp.o
                                        0x6e6 (size before relaxing)
 .debug_str     0x0000000000003f7d       0x94 /tmp/ccG4bbsk.debug.temp.o
                                        0x2e9 (size before relaxing)
 .debug_str     0x0000000000004011      0x130 /tmp/ccbX4kkG.debug.temp.o
                                        0x36c (size before relaxing)
 .debug_str     0x0000000000004141       0xe1 /tmp/ccMG3n04.debug.temp.o
                                        0x37b (size before relaxing)
 .debug_str     0x0000000000004222      0x136 /tmp/ccYvAHF6.debug.temp.o
                                        0x3ff (size before relaxing)
 .debug_str     0x0000000000004358       0x61 /tmp/cctWzoLw.debug.temp.o
                                        0x33d (size before relaxing)
 .debug_str     0x00000000000043b9      0x25b /tmp/ccCT3Q2a.debug.temp.o
                                        0x656 (size before relaxing)
 .debug_str     0x0000000000004614      0x139 /tmp/ccDGufC9.debug.temp.o
                                        0x454 (size before relaxing)
 .debug_str     0x000000000000474d       0x1d /tmp/ccBLjJls.debug.temp.o
                                        0x269 (size before relaxing)
 .debug_str     0x000000000000476a       0xe7 /tmp/cclK5wG6.debug.temp.o
                                        0x4e6 (size before relaxing)
 .debug_str     0x0000000000004851       0x26 /tmp/ccv594pj.debug.temp.o
                                        0x2a4 (size before relaxing)
 .debug_str     0x0000000000004877      0x180 /tmp/ccnjC3No.debug.temp.o
                                        0x4e3 (size before relaxing)
 .debug_str     0x00000000000049f7     0x13b1 /tmp/ccHCVsas.debug.temp.o
 .debug_str     0x00000000000049f7      0x239 /tmp/ccLff2b7.debug.temp.o
                                        0xfdc (size before relaxing)
 .debug_str     0x0000000000004c30      0x529 /tmp/ccuzkq74.debug.temp.o
                                       0x1a87 (size before relaxing)
 .debug_str     0x0000000000005159     0x13a7 /tmp/ccbzSonT.debug.temp.o
 .debug_str     0x0000000000005159       0x78 /tmp/ccR3plLl.debug.temp.o
                                       0x1476 (size before relaxing)
 .debug_str     0x00000000000051d1      0x4e0 /tmp/cc547GLO.debug.temp.o
                                       0x1d09 (size before relaxing)
 .debug_str     0x00000000000056b1      0x57b /tmp/ccWt08fj.debug.temp.o
                                       0x1c73 (size before relaxing)
 .debug_str     0x0000000000005c2c       0xa4 /tmp/ccaMvLo4.debug.temp.o
                                       0x153f (size before relaxing)
 .debug_str     0x0000000000005cd0      0x324 /tmp/cc1wCu96.debug.temp.o
                                       0x215c (size before relaxing)
 .debug_str     0x0000000000005ff4     0x34d8 /tmp/cclXCAso.debug.temp.o
                                       0x56d2 (size before relaxing)
 .debug_str     0x00000000000094cc      0x2a9 /tmp/ccjJh3qV.debug.temp.o
                                       0x13ad (size before relaxing)
 .debug_str     0x0000000000009775      0x203 /home/cdac/fw/edk2-ws/Build/OvmfX64/DEBUG_GCC5/X64/MdePkg/Library/StackCheckLibNull/StackCheckLibNull/OUTPUT/StackCheckLibNull.lib(StackCheckLibNullGcc.obj)
                                        0x233 (size before relaxing)

.debug_line_str
                0x0000000000000000     0x1f42
 .debug_line_str
                0x0000000000000000      0x4a2 /tmp/cc3a4hGz.ltrans0.ltrans.o
                                        0x719 (size before relaxing)
 .debug_line_str
                0x00000000000004a2      0x1e6 /tmp/ccNcPDUj.debug.temp.o
                                        0x2dd (size before relaxing)
 .debug_line_str
                0x0000000000000688       0x7e /tmp/ccm6BhfB.debug.temp.o
                                        0x2ed (size before relaxing)
 .debug_line_str
                0x0000000000000706       0x4f /tmp/ccrfLpCj.debug.temp.o
                                        0x2f3 (size before relaxing)
 .debug_line_str
                0x0000000000000755       0x6a /tmp/ccfP70F2.debug.temp.o
                                        0x396 (size before relaxing)
 .debug_line_str
                0x00000000000007bf       0x75 /tmp/ccDRzii1.debug.temp.o
                                        0x2ab (size before relaxing)
 .debug_line_str
                0x0000000000000834       0xcb /tmp/ccrSOOJX.debug.temp.o
                                        0x195 (size before relaxing)
 .debug_line_str
                0x00000000000008ff       0x52 /tmp/ccVdwbN1.debug.temp.o
                                        0x19b (size before relaxing)
 .debug_line_str
                0x0000000000000951       0x4f /tmp/ccHwQQcl.debug.temp.o
                                        0x195 (size before relaxing)
 .debug_line_str
                0x00000000000009a0       0x92 /tmp/ccNJxdvD.debug.temp.o
                                        0x14c (size before relaxing)
 .debug_line_str
                0x0000000000000a32       0x3c /tmp/ccmQPvaz.debug.temp.o
                                        0x14f (size before relaxing)
 .debug_line_str
                0x0000000000000a6e       0x40 /tmp/ccLOGg0P.debug.temp.o
                                        0x14c (size before relaxing)
 .debug_line_str
                0x0000000000000aae       0x97 /tmp/ccVtjHV8.debug.temp.o
                                        0x1de (size before relaxing)
 .debug_line_str
                0x0000000000000b45       0x52 /tmp/ccSa2zv6.debug.temp.o
                                        0x20b (size before relaxing)
 .debug_line_str
                0x0000000000000b97       0x3b /tmp/cchaHll0.debug.temp.o
                                        0x1e0 (size before relaxing)
 .debug_line_str
                0x0000000000000bd2       0x3e /tmp/ccG4bbsk.debug.temp.o
                                        0x153 (size before relaxing)
 .debug_line_str
                0x0000000000000c10       0x42 /tmp/ccbX4kkG.debug.temp.o
                                        0x150 (size before relaxing)
 .debug_line_str
                0x0000000000000c52       0xd2 /tmp/ccMG3n04.debug.temp.o
                                        0x195 (size before relaxing)
 .debug_line_str
                0x0000000000000d24       0x87 /tmp/ccYvAHF6.debug.temp.o
                                        0x1f1 (size before relaxing)
 .debug_line_str
                0x0000000000000dab       0x56 /tmp/cctWzoLw.debug.temp.o
                                        0x155 (size before relaxing)
 .debug_line_str
                0x0000000000000e01      0x11b /tmp/ccCT3Q2a.debug.temp.o
                                        0x225 (size before relaxing)
 .debug_line_str
                0x0000000000000f1c       0x42 /tmp/ccDGufC9.debug.temp.o
                                        0x19f (size before relaxing)
 .debug_line_str
                0x0000000000000f5e      0x13c /tmp/ccBLjJls.debug.temp.o
                                        0x212 (size before relaxing)
 .debug_line_str
                0x000000000000109a       0xbc /tmp/cclK5wG6.debug.temp.o
                                        0x307 (size before relaxing)
 .debug_line_str
                0x0000000000001156       0x53 /tmp/ccv594pj.debug.temp.o
                                        0x197 (size before relaxing)
 .debug_line_str
                0x00000000000011a9       0xd8 /tmp/ccnjC3No.debug.temp.o
                                        0x1ec (size before relaxing)
 .debug_line_str
                0x0000000000001281       0xd2 /tmp/ccHCVsas.debug.temp.o
                                        0x2b0 (size before relaxing)
 .debug_line_str
                0x0000000000001353       0xca /tmp/ccLff2b7.debug.temp.o
                                        0x293 (size before relaxing)
 .debug_line_str
                0x000000000000141d      0x1ba /tmp/ccuzkq74.debug.temp.o
                                        0x3d6 (size before relaxing)
 .debug_line_str
                0x00000000000015d7       0xde /tmp/ccbzSonT.debug.temp.o
                                        0x2a7 (size before relaxing)
 .debug_line_str
                0x00000000000016b5      0x138 /tmp/ccR3plLl.debug.temp.o
                                        0x303 (size before relaxing)
 .debug_line_str
                0x00000000000017ed      0x144 /tmp/cc547GLO.debug.temp.o
                                        0x343 (size before relaxing)
 .debug_line_str
                0x0000000000001931       0x7d /tmp/ccWt08fj.debug.temp.o
                                        0x327 (size before relaxing)
 .debug_line_str
                0x00000000000019ae      0x13e /tmp/ccaMvLo4.debug.temp.o
                                        0x331 (size before relaxing)
 .debug_line_str
                0x0000000000001aec      0x104 /tmp/cc1wCu96.debug.temp.o
                                        0x3a1 (size before relaxing)
 .debug_line_str
                0x0000000000001bf0      0x199 /tmp/cclXCAso.debug.temp.o
                                        0x45d (size before relaxing)
 .debug_line_str
                0x0000000000001d89       0x44 /tmp/ccjJh3qV.debug.temp.o
                                        0x2b8 (size before relaxing)
 .debug_line_str
                0x0000000000001dcd      0x175 /home/cdac/fw/edk2-ws/Build/OvmfX64/DEBUG_GCC5/X64/MdePkg/Library/StackCheckLibNull/StackCheckLibNull/OUTPUT/StackCheckLibNull.lib(StackCheckLibNullGcc.obj)
                                        0x209 (size before relaxing)

.debug_frame    0x0000000000000000     0x17a8
 .debug_frame   0x0000000000000000     0x1778 /tmp/cc3a4hGz.ltrans0.ltrans.o
 .debug_frame   0x0000000000001778       0x30 /home/cdac/fw/edk2-ws/Build/OvmfX64/DEBUG_GCC5/X64/MdePkg/Library/StackCheckLibNull/StackCheckLibNull/OUTPUT/StackCheckLibNull.lib(StackCheckLibNullGcc.obj)
