Archive member included to satisfy reference by file (symbol)

/home/cdac/fw/edk2-ws/Build/OvmfX64/DEBUG_GCC5/X64/MdeModulePkg/Universal/Disk/DiskIoDxe/DiskIoDxe/OUTPUT/DiskIoDxe.lib(ComponentName.obj)
                              (--whole-archive)
/home/cdac/fw/edk2-ws/Build/OvmfX64/DEBUG_GCC5/X64/MdeModulePkg/Universal/Disk/DiskIoDxe/DiskIoDxe/OUTPUT/DiskIoDxe.lib(DiskIo.obj)
                              (--whole-archive)
/home/cdac/fw/edk2-ws/Build/OvmfX64/DEBUG_GCC5/X64/MdeModulePkg/Universal/Disk/DiskIoDxe/DiskIoDxe/OUTPUT/DiskIoDxe.lib(AutoGen.obj)
                              (--whole-archive)
/home/cdac/fw/edk2-ws/Build/OvmfX64/DEBUG_GCC5/X64/MdePkg/Library/RegisterFilterLibNull/RegisterFilterLibNull/OUTPUT/FilterLibNull.lib(RegisterFilterLibNull.obj)
                              (--whole-archive)
/home/cdac/fw/edk2-ws/Build/OvmfX64/DEBUG_GCC5/X64/MdePkg/Library/DxePcdLib/DxePcdLib/OUTPUT/DxePcdLib.lib(DxePcdLib.obj)
                              (--whole-archive)
/home/cdac/fw/edk2-ws/Build/OvmfX64/DEBUG_GCC5/X64/MdePkg/Library/BaseLib/BaseLib/OUTPUT/BaseLib.lib(CheckSum.obj)
                              (--whole-archive)
/home/cdac/fw/edk2-ws/Build/OvmfX64/DEBUG_GCC5/X64/MdePkg/Library/BaseLib/BaseLib/OUTPUT/BaseLib.lib(SwitchStack.obj)
                              (--whole-archive)
/home/cdac/fw/edk2-ws/Build/OvmfX64/DEBUG_GCC5/X64/MdePkg/Library/BaseLib/BaseLib/OUTPUT/BaseLib.lib(SwapBytes64.obj)
                              (--whole-archive)
/home/cdac/fw/edk2-ws/Build/OvmfX64/DEBUG_GCC5/X64/MdePkg/Library/BaseLib/BaseLib/OUTPUT/BaseLib.lib(SwapBytes32.obj)
                              (--whole-archive)
/home/cdac/fw/edk2-ws/Build/OvmfX64/DEBUG_GCC5/X64/MdePkg/Library/BaseLib/BaseLib/OUTPUT/BaseLib.lib(SwapBytes16.obj)
                              (--whole-archive)
/home/cdac/fw/edk2-ws/Build/OvmfX64/DEBUG_GCC5/X64/MdePkg/Library/BaseLib/BaseLib/OUTPUT/BaseLib.lib(LongJump.obj)
                              (--whole-archive)
/home/cdac/fw/edk2-ws/Build/OvmfX64/DEBUG_GCC5/X64/MdePkg/Library/BaseLib/BaseLib/OUTPUT/BaseLib.lib(SetJump.obj)
                              (--whole-archive)
/home/cdac/fw/edk2-ws/Build/OvmfX64/DEBUG_GCC5/X64/MdePkg/Library/BaseLib/BaseLib/OUTPUT/BaseLib.lib(QuickSort.obj)
                              (--whole-archive)
/home/cdac/fw/edk2-ws/Build/OvmfX64/DEBUG_GCC5/X64/MdePkg/Library/BaseLib/BaseLib/OUTPUT/BaseLib.lib(RShiftU64.obj)
                              (--whole-archive)
/home/cdac/fw/edk2-ws/Build/OvmfX64/DEBUG_GCC5/X64/MdePkg/Library/BaseLib/BaseLib/OUTPUT/BaseLib.lib(RRotU64.obj)
                              (--whole-archive)
/home/cdac/fw/edk2-ws/Build/OvmfX64/DEBUG_GCC5/X64/MdePkg/Library/BaseLib/BaseLib/OUTPUT/BaseLib.lib(RRotU32.obj)
                              (--whole-archive)
/home/cdac/fw/edk2-ws/Build/OvmfX64/DEBUG_GCC5/X64/MdePkg/Library/BaseLib/BaseLib/OUTPUT/BaseLib.lib(MultU64x64.obj)
                              (--whole-archive)
/home/cdac/fw/edk2-ws/Build/OvmfX64/DEBUG_GCC5/X64/MdePkg/Library/BaseLib/BaseLib/OUTPUT/BaseLib.lib(MultU64x32.obj)
                              (--whole-archive)
/home/cdac/fw/edk2-ws/Build/OvmfX64/DEBUG_GCC5/X64/MdePkg/Library/BaseLib/BaseLib/OUTPUT/BaseLib.lib(MultS64x64.obj)
                              (--whole-archive)
/home/cdac/fw/edk2-ws/Build/OvmfX64/DEBUG_GCC5/X64/MdePkg/Library/BaseLib/BaseLib/OUTPUT/BaseLib.lib(ModU64x32.obj)
                              (--whole-archive)
/home/cdac/fw/edk2-ws/Build/OvmfX64/DEBUG_GCC5/X64/MdePkg/Library/BaseLib/BaseLib/OUTPUT/BaseLib.lib(LShiftU64.obj)
                              (--whole-archive)
/home/cdac/fw/edk2-ws/Build/OvmfX64/DEBUG_GCC5/X64/MdePkg/Library/BaseLib/BaseLib/OUTPUT/BaseLib.lib(LRotU64.obj)
                              (--whole-archive)
/home/cdac/fw/edk2-ws/Build/OvmfX64/DEBUG_GCC5/X64/MdePkg/Library/BaseLib/BaseLib/OUTPUT/BaseLib.lib(LRotU32.obj)
                              (--whole-archive)
/home/cdac/fw/edk2-ws/Build/OvmfX64/DEBUG_GCC5/X64/MdePkg/Library/BaseLib/BaseLib/OUTPUT/BaseLib.lib(LowBitSet64.obj)
                              (--whole-archive)
/home/cdac/fw/edk2-ws/Build/OvmfX64/DEBUG_GCC5/X64/MdePkg/Library/BaseLib/BaseLib/OUTPUT/BaseLib.lib(LowBitSet32.obj)
                              (--whole-archive)
/home/cdac/fw/edk2-ws/Build/OvmfX64/DEBUG_GCC5/X64/MdePkg/Library/BaseLib/BaseLib/OUTPUT/BaseLib.lib(HighBitSet64.obj)
                              (--whole-archive)
/home/cdac/fw/edk2-ws/Build/OvmfX64/DEBUG_GCC5/X64/MdePkg/Library/BaseLib/BaseLib/OUTPUT/BaseLib.lib(HighBitSet32.obj)
                              (--whole-archive)
/home/cdac/fw/edk2-ws/Build/OvmfX64/DEBUG_GCC5/X64/MdePkg/Library/BaseLib/BaseLib/OUTPUT/BaseLib.lib(GetPowerOfTwo64.obj)
                              (--whole-archive)
/home/cdac/fw/edk2-ws/Build/OvmfX64/DEBUG_GCC5/X64/MdePkg/Library/BaseLib/BaseLib/OUTPUT/BaseLib.lib(GetPowerOfTwo32.obj)
                              (--whole-archive)
[...]
Memory Configuration

Name             Origin             Length             Attributes
*default*        0x0000000000000000 0xffffffffffffffff

Linker script and memory map

START GROUP
LOAD /tmp/cctA1mV9.ltrans0.ltrans.o
LOAD /tmp/ccTxIvfE.debug.temp.o
LOAD /tmp/ccRYGRC4.debug.temp.o
LOAD /tmp/ccQO0uD1.debug.temp.o
LOAD /tmp/cca7V1Wf.debug.temp.o
LOAD /tmp/ccquo9iV.debug.temp.o
LOAD /tmp/ccQninu3.debug.temp.o
LOAD /tmp/ccv9694b.debug.temp.o
LOAD /tmp/ccvmJZ2K.debug.temp.o
LOAD /tmp/ccqzTxy1.debug.temp.o
LOAD /tmp/ccHaPJIW.debug.temp.o
LOAD /tmp/ccBk6dYv.debug.temp.o
LOAD /tmp/ccNZHRhm.debug.temp.o
LOAD /tmp/ccfVocx0.debug.temp.o
LOAD /tmp/ccOj91F1.debug.temp.o
LOAD /tmp/ccLGOvVG.debug.temp.o
LOAD /tmp/cccOrMET.debug.temp.o
LOAD /tmp/cc7v8Zpf.debug.temp.o
LOAD /tmp/ccSF6Fwf.debug.temp.o
LOAD /tmp/cc8hxg1b.debug.temp.o
LOAD /tmp/ccMKnQa2.debug.temp.o
LOAD /tmp/ccQPtg49.debug.temp.o
LOAD /tmp/cchkczsD.debug.temp.o
LOAD /tmp/ccraXWbk.debug.temp.o
LOAD /tmp/ccnXiKCS.debug.temp.o
LOAD /tmp/ccY6iZLu.debug.temp.o
LOAD /tmp/ccxbQpEI.debug.temp.o
LOAD /tmp/cc96ZvkH.debug.temp.o
LOAD /tmp/ccloWRrc.debug.temp.o
LOAD /tmp/ccKH5XTb.debug.temp.o
LOAD /tmp/cc6Oar6T.debug.temp.o
LOAD /tmp/ccwh9k3z.debug.temp.o
LOAD /tmp/ccO11LB0.debug.temp.o
LOAD /tmp/cc9ZGDGy.debug.temp.o
LOAD /tmp/ccx4T3W9.debug.temp.o
LOAD /tmp/ccYULqT6.debug.temp.o
LOAD /tmp/ccS29WpT.debug.temp.o
LOAD /tmp/ccP8pWLP.debug.temp.o
LOAD /tmp/ccOX8GKJ.debug.temp.o
LOAD /tmp/ccLeoofF.debug.temp.o
LOAD /tmp/ccSh0jBP.debug.temp.o
LOAD /tmp/ccCQdlxn.debug.temp.o
LOAD /tmp/cc1zVr9a.debug.temp.o
LOAD /tmp/ccxD8eth.debug.temp.o
LOAD /tmp/ccIaiI4X.debug.temp.o
LOAD /tmp/cc4dkpLt.debug.temp.o
LOAD /tmp/ccIQVYdi.debug.temp.o
LOAD /tmp/ccCX4Czf.debug.temp.o
LOAD /tmp/ccjYimct.debug.temp.o
LOAD /tmp/ccniJpk0.debug.temp.o
LOAD /tmp/ccNt56D9.debug.temp.o
LOAD /tmp/cctx52tC.debug.temp.o
LOAD /tmp/ccgmZ7dN.debug.temp.o
LOAD /tmp/ccCPr4sp.debug.temp.o
LOAD /tmp/cca18Wnv.debug.temp.o
LOAD /tmp/ccw9ck1d.debug.temp.o
LOAD /tmp/ccsPDIjF.debug.temp.o
LOAD /tmp/cctObgxi.debug.temp.o
LOAD /tmp/cc3OMkmL.debug.temp.o
LOAD /tmp/cceBEQPu.debug.temp.o
LOAD /tmp/ccHFfary.debug.temp.o
LOAD /tmp/ccs8rbo2.debug.temp.o
LOAD /tmp/ccWaK8Ui.debug.temp.o
LOAD /tmp/ccFgLizB.debug.temp.o
LOAD /tmp/ccCre1i6.debug.temp.o
LOAD /tmp/cckyJi7y.debug.temp.o
LOAD /tmp/cc6pfUDE.debug.temp.o
LOAD /tmp/ccNUnStv.debug.temp.o
LOAD /tmp/cct7kB7Q.debug.temp.o
LOAD /tmp/ccCclZDB.debug.temp.o
LOAD /tmp/ccmh8sjE.debug.temp.o
LOAD /tmp/ccrTDfzu.debug.temp.o
LOAD /tmp/ccientbi.debug.temp.o
LOAD /tmp/ccjn1Vji.debug.temp.o
LOAD /tmp/cchgwZJF.debug.temp.o
LOAD /tmp/ccLLpMb5.debug.temp.o
LOAD /tmp/cchckF3P.debug.temp.o
LOAD /tmp/ccQSowrr.debug.temp.o
LOAD /tmp/ccJ5BSkY.debug.temp.o
LOAD /tmp/ccqBLxCV.debug.temp.o
LOAD /tmp/cc6xGCS5.debug.temp.o
LOAD /tmp/ccDfo5EC.debug.temp.o
LOAD /tmp/ccgzu87F.debug.temp.o
LOAD /tmp/ccjCWlWj.debug.temp.o
LOAD /tmp/ccU0aHfx.debug.temp.o
LOAD /tmp/ccrIHs68.debug.temp.o
LOAD /tmp/ccpzjSGz.debug.temp.o
LOAD /tmp/ccoiaNXa.debug.temp.o
LOAD /tmp/ccgXfNlP.debug.temp.o
LOAD /tmp/cc0XcFJN.debug.temp.o
LOAD /tmp/cc4sR5MJ.debug.temp.o
LOAD /tmp/ccjffuU7.debug.temp.o
LOAD /tmp/ccuhG3gG.debug.temp.o
LOAD /tmp/ccR3p70C.debug.temp.o
LOAD /tmp/ccHFJR8q.debug.temp.o
LOAD /tmp/ccH53ACl.debug.temp.o
LOAD /tmp/ccjgtBcq.debug.temp.o
LOAD /tmp/cclEOFjK.debug.temp.o
LOAD /tmp/ccgW9ZnG.debug.temp.o
LOAD /tmp/cc4mwUaF.debug.temp.o
LOAD /tmp/cc3Exg3j.debug.temp.o
LOAD /tmp/ccXMFOPh.debug.temp.o
LOAD /tmp/ccXcX3vo.debug.temp.o
LOAD /tmp/ccBc82RI.debug.temp.o
LOAD /tmp/ccmqgD5j.debug.temp.o
LOAD /tmp/cc49uJMb.debug.temp.o
LOAD /tmp/cc67PL0N.debug.temp.o
LOAD /tmp/cczK5RyM.debug.temp.o
LOAD /home/cdac/fw/edk2-ws/Build/OvmfX64/DEBUG_GCC5/X64/MdeModulePkg/Universal/Disk/DiskIoDxe/DiskIoDxe/OUTPUT/DiskIoDxe.lib
LOAD /home/cdac/fw/edk2-ws/Build/OvmfX64/DEBUG_GCC5/X64/MdePkg/Library/RegisterFilterLibNull/RegisterFilterLibNull/OUTPUT/FilterLibNull.lib
LOAD /home/cdac/fw/edk2-ws/Build/OvmfX64/DEBUG_GCC5/X64/MdePkg/Library/DxePcdLib/DxePcdLib/OUTPUT/DxePcdLib.lib
LOAD /home/cdac/fw/edk2-ws/Build/OvmfX64/DEBUG_GCC5/X64/MdePkg/Library/BaseLib/BaseLib/OUTPUT/BaseLib.lib
LOAD /home/cdac/fw/edk2-ws/Build/OvmfX64/DEBUG_GCC5/X64/MdePkg/Library/BaseMemoryLibRepStr/BaseMemoryLibRepStr/OUTPUT/BaseMemoryLibRepStr.lib
LOAD /home/cdac/fw/edk2-ws/Build/OvmfX64/DEBUG_GCC5/X64/MdePkg/Library/TdxLib/TdxLib/OUTPUT/TdxLib.lib
LOAD /home/cdac/fw/edk2-ws/Build/OvmfX64/DEBUG_GCC5/X64/OvmfPkg/Library/MemDebugLogLib/MemDebugLogLibNull/OUTPUT/MemDebugLogLibNull.lib
LOAD /home/cdac/fw/edk2-ws/Build/OvmfX64/DEBUG_GCC5/X64/MdePkg/Library/BaseDebugPrintErrorLevelLib/BaseDebugPrintErrorLevelLib/OUTPUT/BaseDebugPrintErrorLevelLib.lib
LOAD /home/cdac/fw/edk2-ws/Build/OvmfX64/DEBUG_GCC5/X64/MdePkg/Library/BasePrintLib/BasePrintLib/OUTPUT/BasePrintLib.lib
LOAD /home/cdac/fw/edk2-ws/Build/OvmfX64/DEBUG_GCC5/X64/MdePkg/Library/BaseIoLibIntrinsic/BaseIoLibIntrinsicSev/OUTPUT/BaseIoLibIntrinsicSev.lib
LOAD /home/cdac/fw/edk2-ws/Build/OvmfX64/DEBUG_GCC5/X64/OvmfPkg/Library/PlatformDebugLibIoPort/PlatformDebugLibIoPort/OUTPUT/PlatformDebugLibIoPort.lib
LOAD /home/cdac/fw/edk2-ws/Build/OvmfX64/DEBUG_GCC5/X64/OvmfPkg/Library/CcProbeLib/DxeCcProbeLib/OUTPUT/DxeCcProbeLib.lib
LOAD /home/cdac/fw/edk2-ws/Build/OvmfX64/DEBUG_GCC5/X64/MdePkg/Library/UefiBootServicesTableLib/UefiBootServicesTableLib/OUTPUT/UefiBootServicesTableLib.lib
LOAD /home/cdac/fw/edk2-ws/Build/OvmfX64/DEBUG_GCC5/X64/MdePkg/Library/UefiMemoryAllocationLib/UefiMemoryAllocationLib/OUTPUT/UefiMemoryAllocationLib.lib
LOAD /home/cdac/fw/edk2-ws/Build/OvmfX64/DEBUG_GCC5/X64/MdePkg/Library/UefiRuntimeServicesTableLib/UefiRuntimeServicesTableLib/OUTPUT/UefiRuntimeServicesTableLib.lib
LOAD /home/cdac/fw/edk2-ws/Build/OvmfX64/DEBUG_GCC5/X64/MdePkg/Library/UefiDevicePathLibDevicePathProtocol/UefiDevicePathLibDevicePathProtocol/OUTPUT/UefiDevicePathLibDevicePathProtocol.lib
LOAD /home/cdac/fw/edk2-ws/Build/OvmfX64/DEBUG_GCC5/X64/MdePkg/Library/StackCheckLibNull/StackCheckLibNull/OUTPUT/StackCheckLibNull.lib
LOAD /home/cdac/fw/edk2-ws/Build/OvmfX64/DEBUG_GCC5/X64/MdePkg/Library/UefiLib/UefiLib/OUTPUT/UefiLib.lib
LOAD /home/cdac/fw/edk2-ws/Build/OvmfX64/DEBUG_GCC5/X64/MdePkg/Library/UefiDriverEntryPoint/UefiDriverEntryPoint/OUTPUT/UefiDriverEntryPoint.lib
END GROUP
                0x0000000000000228                PECOFF_HEADER_SIZE = 0x228
                0x0000000000000228                . = PECOFF_HEADER_SIZE

.text           0x0000000000000240     0x45da
 *(.entry)
 *(.text .text.* .stub .gnu.linkonce.t.*)
 .text.DiskIoComponentNameGetControllerName
                0x0000000000000240        0xf /tmp/cctA1mV9.ltrans0.ltrans.o
 .text.DiskIoDriverBindingSupported
                0x000000000000024f       0x72 /tmp/cctA1mV9.ltrans0.ltrans.o
 .text.AsciiStrnLenS
                0x00000000000002c1       0x26 /tmp/cctA1mV9.ltrans0.ltrans.o
 .text.BasePrintLibFillBuffer
                0x00000000000002e7       0x2d /tmp/cctA1mV9.ltrans0.ltrans.o
 .text.DebugPrintEnabled
                0x0000000000000314        0x3 /tmp/cctA1mV9.ltrans0.ltrans.o
 .text.ReadCcGuestType
                0x0000000000000317       0x24 /tmp/cctA1mV9.ltrans0.ltrans.o
 .text.InternalAllocatePool.constprop.0
                0x000000000000033b       0x35 /tmp/cctA1mV9.ltrans0.ltrans.o
 .text.IoWriteFifo8
                0x0000000000000370       0x96 /tmp/cctA1mV9.ltrans0.ltrans.o
 .text.PlatformDebugLibIoPortFound
                0x0000000000000406       0xa3 /tmp/cctA1mV9.ltrans0.ltrans.o
 .text.BasePrintLibSPrint.constprop.0
                0x00000000000004a9       0x28 /tmp/cctA1mV9.ltrans0.ltrans.o
 .text.BasePrintLibSPrintMarker.constprop.0
                0x00000000000004d1      0xb33 /tmp/cctA1mV9.ltrans0.ltrans.o
 .text.AsciiSPrint.constprop.0
                0x0000000000001004       0x30 /tmp/cctA1mV9.ltrans0.ltrans.o
 .text.DebugAssert
                0x0000000000001034       0x83 /tmp/cctA1mV9.ltrans0.ltrans.o
 .text.DivU64x32Remainder
                0x00000000000010b7       0x42 /tmp/cctA1mV9.ltrans0.ltrans.o
 .text.InternalBaseLibIsListValid
                0x00000000000010f9       0x52 /tmp/cctA1mV9.ltrans0.ltrans.o
 .text.InitializeListHead
                0x000000000000114b        0xb /tmp/cctA1mV9.ltrans0.ltrans.o
 .text.InsertTailList
                0x0000000000001156       0x52 /tmp/cctA1mV9.ltrans0.ltrans.o
 .text.GetFirstNode
                0x00000000000011a8       0x37 /tmp/cctA1mV9.ltrans0.ltrans.o
 .text.GetNextNode
                0x00000000000011df       0x37 /tmp/cctA1mV9.ltrans0.ltrans.o
 .text.IsListEmpty
                0x0000000000001216       0x3a /tmp/cctA1mV9.ltrans0.ltrans.o
 .text.IsNull   0x0000000000001250       0x3f /tmp/cctA1mV9.ltrans0.ltrans.o
 .text.RemoveEntryList
                0x000000000000128f       0x45 /tmp/cctA1mV9.ltrans0.ltrans.o
 .text.AsciiStrLen
                0x00000000000012d4       0x71 /tmp/cctA1mV9.ltrans0.ltrans.o
 .text.AsciiStrnCmp.part.0
                0x0000000000001345       0xbb /tmp/cctA1mV9.ltrans0.ltrans.o
 .text.ReadUnaligned16
                0x0000000000001400        0x4 /tmp/cctA1mV9.ltrans0.ltrans.o
 .text.ReadUnaligned24
                0x0000000000001404       0x37 /tmp/cctA1mV9.ltrans0.ltrans.o
 .text.DiskIoComponentNameGetDriverName
                0x000000000000143b      0x139 /tmp/cctA1mV9.ltrans0.ltrans.o
 .text.CopyMem.part.0
                0x0000000000001574       0x85 /tmp/cctA1mV9.ltrans0.ltrans.o
 .text.EfiAcquireLock
                0x00000000000015f9       0x49 /tmp/cctA1mV9.ltrans0.ltrans.o
 .text.EfiReleaseLock
                0x0000000000001642       0x48 /tmp/cctA1mV9.ltrans0.ltrans.o
 .text.DiskIo2Cancel
                0x000000000000168a       0xf7 /tmp/cctA1mV9.ltrans0.ltrans.o
 .text.EfiInitializeLock.constprop.0
                0x0000000000001781       0x1a /tmp/cctA1mV9.ltrans0.ltrans.o
 .text.DebugPrintMarker.constprop.0
                0x000000000000179b       0x86 /tmp/cctA1mV9.ltrans0.ltrans.o
 .text.DebugPrint
                0x0000000000001821       0x2b /tmp/cctA1mV9.ltrans0.ltrans.o
 .text.AllocateAlignedPages
                0x000000000000184c      0x1a5 /tmp/cctA1mV9.ltrans0.ltrans.o
 .text.FreeAlignedPages
                0x00000000000019f1       0x8c /tmp/cctA1mV9.ltrans0.ltrans.o
 .text.FreePool
                0x0000000000001a7d       0x4f /tmp/cctA1mV9.ltrans0.ltrans.o
 .text.DiskIoDriverBindingStart
                0x0000000000001acc      0x26c /tmp/cctA1mV9.ltrans0.ltrans.o
 .text.DiskIoDriverBindingStop
                0x0000000000001d38      0x279 /tmp/cctA1mV9.ltrans0.ltrans.o
 .text.DiskIoDestroySubtask
                0x0000000000001fb1       0xed /tmp/cctA1mV9.ltrans0.ltrans.o
 .text.DiskIo2OnReadWriteComplete
                0x000000000000209e       0xfd /tmp/cctA1mV9.ltrans0.ltrans.o
 .text.DiskIoCreateSubtask
                0x000000000000219b      0x15a /tmp/cctA1mV9.ltrans0.ltrans.o
 .text.DiskIoCreateSubtaskList
                0x00000000000022f5      0x47c /tmp/cctA1mV9.ltrans0.ltrans.o
 .text.DiskIo2RemoveCompletedTask
                0x0000000000002771      0x130 /tmp/cctA1mV9.ltrans0.ltrans.o
 .text.DiskIo2ReadWriteDisk
                0x00000000000028a1      0x554 /tmp/cctA1mV9.ltrans0.ltrans.o
 .text.DiskIo2ReadDiskEx
                0x0000000000002df5       0x6f /tmp/cctA1mV9.ltrans0.ltrans.o
 .text.DiskIo2WriteDiskEx
                0x0000000000002e64       0x72 /tmp/cctA1mV9.ltrans0.ltrans.o
 .text.DiskIoReadDisk
                0x0000000000002ed6       0x6e /tmp/cctA1mV9.ltrans0.ltrans.o
 .text.DiskIoWriteDisk
                0x0000000000002f44       0x71 /tmp/cctA1mV9.ltrans0.ltrans.o
 .text.DiskIo2OnFlushComplete
                0x0000000000002fb5       0x6c /tmp/cctA1mV9.ltrans0.ltrans.o
 .text.DiskIo2FlushDiskEx
                0x0000000000003021      0x111 /tmp/cctA1mV9.ltrans0.ltrans.o
 .text._ModuleEntryPoint
                0x0000000000003132      0x248 /tmp/cctA1mV9.ltrans0.ltrans.o
                0x0000000000003132                _ModuleEntryPoint
 *fill*         0x000000000000337a        0x6 
 .text          0x0000000000003380       0x7c /home/cdac/fw/edk2-ws/Build/OvmfX64/DEBUG_GCC5/X64/MdePkg/Library/BaseLib/BaseLib/OUTPUT/BaseLib.lib(TdVmcall.obj)
                0x0000000000003380                TdVmCall
 *fill*         0x00000000000033fc        0x4 
 .text          0x0000000000003400       0x1d /home/cdac/fw/edk2-ws/Build/OvmfX64/DEBUG_GCC5/X64/MdePkg/Library/BaseMemoryLibRepStr/BaseMemoryLibRepStr/OUTPUT/BaseMemoryLibRepStr.lib(ZeroMem.obj)
                0x0000000000003400                InternalMemZeroMem
 *fill*         0x000000000000341d        0x3 
 .text          0x0000000000003420       0x3c /home/cdac/fw/edk2-ws/Build/OvmfX64/DEBUG_GCC5/X64/MdePkg/Library/BaseMemoryLibRepStr/BaseMemoryLibRepStr/OUTPUT/BaseMemoryLibRepStr.lib(CopyMem.obj)
                0x0000000000003420                InternalMemCopyMem
 *fill*         0x000000000000345c        0x4 
 .text          0x0000000000003460      0x116 /home/cdac/fw/edk2-ws/Build/OvmfX64/DEBUG_GCC5/X64/MdePkg/Library/BaseIoLibIntrinsic/BaseIoLibIntrinsicSev/OUTPUT/BaseIoLibIntrinsicSev.lib(IoFifoSev.obj)
                0x0000000000003460                SevNoRepIo
                0x00000000000034a0                SevIoReadFifo8
                0x00000000000034c2                SevIoReadFifo16
                0x00000000000034e8                SevIoReadFifo32
                0x000000000000350b                SevIoWriteFifo8
                0x000000000000352d                SevIoWriteFifo16
                0x0000000000003553                SevIoWriteFifo32
 *(.rodata .rodata.* .gnu.linkonce.r.*)
 .rodata.BasePrintLibSPrintMarker.constprop.0.str1.1
                0x0000000000003576      0x191 /tmp/cctA1mV9.ltrans0.ltrans.o
 *fill*         0x0000000000003707        0x1 
 .rodata.BasePrintLibSPrintMarker.constprop.0
                0x0000000000003708       0xec /tmp/cctA1mV9.ltrans0.ltrans.o
 .rodata.AsciiSPrint.constprop.0.str1.1
                0x00000000000037f4       0x14 /tmp/cctA1mV9.ltrans0.ltrans.o
 .rodata.DivU64x32Remainder.str1.1
                0x0000000000003808       0x54 /tmp/cctA1mV9.ltrans0.ltrans.o
 .rodata.InternalBaseLibIsListValid.str1.1
                0x000000000000385c       0x80 /tmp/cctA1mV9.ltrans0.ltrans.o
 .rodata.InsertTailList.str1.1
                0x00000000000038dc       0x26 /tmp/cctA1mV9.ltrans0.ltrans.o
 .rodata.GetFirstNode.str1.1
                0x0000000000003902       0x22 /tmp/cctA1mV9.ltrans0.ltrans.o
 .rodata.RemoveEntryList.str1.1
                0x0000000000003924       0x15 /tmp/cctA1mV9.ltrans0.ltrans.o
 .rodata.AsciiStrLen.str1.1
                0x0000000000003939       0x8a /tmp/cctA1mV9.ltrans0.ltrans.o
 .rodata.AsciiStrnCmp.part.0.str1.1
                0x00000000000039c3       0x70 /tmp/cctA1mV9.ltrans0.ltrans.o
 .rodata.ReadUnaligned24.str1.1
                0x0000000000003a33       0x3e /tmp/cctA1mV9.ltrans0.ltrans.o
 .rodata.CopyMem.part.0.str1.1
                0x0000000000003a71       0xd0 /tmp/cctA1mV9.ltrans0.ltrans.o
 .rodata.EfiAcquireLock.str1.1
                0x0000000000003b41       0x5a /tmp/cctA1mV9.ltrans0.ltrans.o
 .rodata.EfiReleaseLock.str1.1
                0x0000000000003b9b       0x1e /tmp/cctA1mV9.ltrans0.ltrans.o
 .rodata.DiskIo2Cancel.str1.1
                0x0000000000003bb9       0x5f /tmp/cctA1mV9.ltrans0.ltrans.o
 .rodata.AllocateAlignedPages.str1.1
                0x0000000000003c18       0xe4 /tmp/cctA1mV9.ltrans0.ltrans.o
 .rodata.FreeAlignedPages.str1.1
                0x0000000000003cfc        0xb /tmp/cctA1mV9.ltrans0.ltrans.o
 .rodata.DiskIoDriverBindingStart.str1.1
                0x0000000000003d07      0x104 /tmp/cctA1mV9.ltrans0.ltrans.o
 .rodata.DiskIoDriverBindingStop.str1.1
                0x0000000000003e0b       0x23 /tmp/cctA1mV9.ltrans0.ltrans.o
 .rodata.DiskIo2OnReadWriteComplete.str1.1
                0x0000000000003e2e       0xe2 /tmp/cctA1mV9.ltrans0.ltrans.o
 .rodata.DiskIoCreateSubtask.str1.1
                0x0000000000003f10       0xcf /tmp/cctA1mV9.ltrans0.ltrans.o
 .rodata.DiskIoCreateSubtaskList.str1.1
                0x0000000000003fdf       0x99 /tmp/cctA1mV9.ltrans0.ltrans.o
 .rodata.DiskIo2RemoveCompletedTask.str1.1
                0x0000000000004078       0x1c /tmp/cctA1mV9.ltrans0.ltrans.o
 .rodata.DiskIo2ReadWriteDisk.str1.1
                0x0000000000004094       0xc6 /tmp/cctA1mV9.ltrans0.ltrans.o
 .rodata.DiskIo2OnFlushComplete.str1.1
                0x000000000000415a       0x49 /tmp/cctA1mV9.ltrans0.ltrans.o
 .rodata._ModuleEntryPoint.str1.1
                0x00000000000041a3      0x266 /tmp/cctA1mV9.ltrans0.ltrans.o
 *fill*         0x0000000000004409        0x7 
 .rodata.mHexStr
                0x0000000000004410       0x10 /tmp/cctA1mV9.ltrans0.ltrans.o
 .rodata.mWarningString
                0x0000000000004420       0xc8 /tmp/cctA1mV9.ltrans0.ltrans.o
 *fill*         0x00000000000044e8       0x18 
 .rodata.mErrorString
                0x0000000000004500      0x2df /tmp/cctA1mV9.ltrans0.ltrans.o
 .rodata.str1.1
                0x00000000000047df        0xb /tmp/cctA1mV9.ltrans0.ltrans.o
                                          0xe (size before relaxing)
 .rodata.str2.2
                0x00000000000047ea       0x30 /tmp/cctA1mV9.ltrans0.ltrans.o
 *(.got .got.*)
 .got           0x000000000000481a        0x0 ComponentName.obj (symbol from plugin)
 .got.plt       0x000000000000481a        0x0 ComponentName.obj (symbol from plugin)
 *:AutoGen.obj(.data.g*Guid)

.plt            0x0000000000004820        0x0
 .plt           0x0000000000004820        0x0 ComponentName.obj (symbol from plugin)

.plt.got        0x0000000000004820        0x0
 .plt.got       0x0000000000004820        0x0 ComponentName.obj (symbol from plugin)

.data           0x0000000000004840      0x1d0
 *(.data .data.* .gnu.linkonce.d.*)
 .data.gEfiDevicePathUtilitiesProtocolGuid
                0x0000000000004840       0x10 /tmp/cctA1mV9.ltrans0.ltrans.o
 .data.gEfiComponentNameProtocolGuid
                0x0000000000004850       0x10 /tmp/cctA1mV9.ltrans0.ltrans.o
 .data.gEfiComponentName2ProtocolGuid
                0x0000000000004860       0x10 /tmp/cctA1mV9.ltrans0.ltrans.o
 .data.gEfiDriverBindingProtocolGuid
                0x0000000000004870       0x10 /tmp/cctA1mV9.ltrans0.ltrans.o
 .data.rel.local.gDiskIoComponentName2
                0x0000000000004880       0x18 /tmp/cctA1mV9.ltrans0.ltrans.o
 *fill*         0x0000000000004898        0x8 
 .data.rel.local.gDiskIoDriverBinding
                0x00000000000048a0       0x30 /tmp/cctA1mV9.ltrans0.ltrans.o
 .data.gEfiDiskIo2ProtocolGuid
                0x00000000000048d0       0x10 /tmp/cctA1mV9.ltrans0.ltrans.o
 .data.gEfiDiskIoProtocolGuid
                0x00000000000048e0       0x10 /tmp/cctA1mV9.ltrans0.ltrans.o
 .data.gEfiBlockIo2ProtocolGuid
                0x00000000000048f0       0x10 /tmp/cctA1mV9.ltrans0.ltrans.o
 .data.rel.local.gDiskIoPrivateDataTemplate
                0x0000000000004900       0x88 /tmp/cctA1mV9.ltrans0.ltrans.o
 *fill*         0x0000000000004988        0x8 
 .data.gEfiBlockIoProtocolGuid
                0x0000000000004990       0x10 /tmp/cctA1mV9.ltrans0.ltrans.o
 .data.rel.local.mDiskIoDriverNameTable
                0x00000000000049a0       0x20 /tmp/cctA1mV9.ltrans0.ltrans.o
 .data.rel.local.gDiskIoComponentName
                0x00000000000049c0       0x18 /tmp/cctA1mV9.ltrans0.ltrans.o
 .data.rel.ro   0x00000000000049d8        0x0 ComponentName.obj (symbol from plugin)
 *(.bss .bss.*)
 .bss.gImageHandle
                0x00000000000049d8        0x8 /tmp/cctA1mV9.ltrans0.ltrans.o
 .bss.gRT       0x00000000000049e0        0x8 /tmp/cctA1mV9.ltrans0.ltrans.o
 .bss.mDevicePathLibDevicePathUtilities
                0x00000000000049e8        0x8 /tmp/cctA1mV9.ltrans0.ltrans.o
 .bss.gST       0x00000000000049f0        0x8 /tmp/cctA1mV9.ltrans0.ltrans.o
 .bss.mCcProbeGuestType
                0x00000000000049f8        0x1 /tmp/cctA1mV9.ltrans0.ltrans.o
 .bss.mCcProbed
                0x00000000000049f9        0x1 /tmp/cctA1mV9.ltrans0.ltrans.o
 .bss.mDebugIoPortFound
                0x00000000000049fa        0x1 /tmp/cctA1mV9.ltrans0.ltrans.o
 .bss.mDebugIoPortChecked
                0x00000000000049fb        0x1 /tmp/cctA1mV9.ltrans0.ltrans.o
 *fill*         0x00000000000049fc        0x4 
 .bss.mDeadLoopComparator
                0x0000000000004a00        0x8 /tmp/cctA1mV9.ltrans0.ltrans.o
 .bss.gBS       0x0000000000004a08        0x8 /tmp/cctA1mV9.ltrans0.ltrans.o

.eh_frame       0x0000000000004a40        0x0
 *(.eh_frame)
 .eh_frame      0x0000000000004a40        0x0 ComponentName.obj (symbol from plugin)
 .eh_frame      0x0000000000004a40        0x0 ComponentName.obj (symbol from plugin)

.dynbss         0x0000000000004a40        0x0
 .dynbss        0x0000000000004a40        0x0 ComponentName.obj (symbol from plugin)

.gnu.version_d  0x0000000000004a40        0x0
 .gnu.version_d
                0x0000000000004a40        0x0 ComponentName.obj (symbol from plugin)

.gnu.version    0x0000000000004a40        0x0
 .gnu.version   0x0000000000004a40        0x0 ComponentName.obj (symbol from plugin)

.gnu.version_r  0x0000000000004a40        0x0
 .gnu.version_r
                0x0000000000004a40        0x0 ComponentName.obj (symbol from plugin)

.dynamic        0x0000000000004a40       0xc0
 *(.dynamic)
 .dynamic       0x0000000000004a40       0xc0 ComponentName.obj (symbol from plugin)
                0x0000000000004a40                _DYNAMIC

.rela           0x0000000000004b00      0x198
 *(.rela .rela.*)
 .rela.plt      0x0000000000004b00        0x0 ComponentName.obj (symbol from plugin)
 .rela.got      0x0000000000004b00        0x0 ComponentName.obj (symbol from plugin)
 .rela.bss      0x0000000000004b00        0x0 ComponentName.obj (symbol from plugin)
 .rela.data.rel.ro
                0x0000000000004b00        0x0 ComponentName.obj (symbol from plugin)
 .rela.ifunc    0x0000000000004b00        0x0 ComponentName.obj (symbol from plugin)
 .rela.data.rel.local.gDiskIoComponentName2
                0x0000000000004b00       0x48 ComponentName.obj (symbol from plugin)
 .rela.data.rel.local.gDiskIoDriverBinding
                0x0000000000004b48       0x48 ComponentName.obj (symbol from plugin)
 .rela.data.rel.local.gDiskIoPrivateDataTemplate
                0x0000000000004b90       0x90 ComponentName.obj (symbol from plugin)
 .rela.data.rel.local.mDiskIoDriverNameTable
                0x0000000000004c20       0x30 ComponentName.obj (symbol from plugin)
 .rela.data.rel.local.gDiskIoComponentName
                0x0000000000004c50       0x48 ComponentName.obj (symbol from plugin)

.hii
 *(.hii)

.got            0x0000000000004c98        0x0
 *(.got)
                0x0000000000000001                ASSERT ((SIZEOF (.got) == 0x0), Unexpected GOT entries detected!)

.got.plt        0x0000000000004c98        0x0
 *(.got.plt)
                0x0000000000000001                ASSERT ((((SIZEOF (.got.plt) == 0x0) || (SIZEOF (.got.plt) == 0xc)) || (SIZEOF (.got.plt) == 0x18)), Unexpected GOT/PLT entries detected!)

.build-id       0x0000000000004c98       0x24
 *(.note.gnu.build-id)
 .note.gnu.build-id
                0x0000000000004c98       0x24 ComponentName.obj (symbol from plugin)

/DISCARD/
 *(.note.GNU-stack)
 *(.gnu_debuglink)
 *(.interp)
 *(.dynsym)
 *(.dynstr)
 *(.hash .gnu.hash)
 *(.comment)
OUTPUT(/home/cdac/fw/edk2-ws/Build/OvmfX64/DEBUG_GCC5/X64/MdeModulePkg/Universal/Disk/DiskIoDxe/DiskIoDxe/DEBUG/DiskIoDxe.dll elf64-x86-64)

.debug_info     0x0000000000000000    0x19ad5
 .debug_info    0x0000000000000000     0x4572 /tmp/cctA1mV9.ltrans0.ltrans.o
 .debug_info    0x0000000000004572      0x33e /tmp/ccTxIvfE.debug.temp.o
                0x0000000000004572                ComponentName.c.c1c7db61
 .debug_info    0x00000000000048b0     0x29b7 /tmp/ccRYGRC4.debug.temp.o
                0x00000000000048b0                DiskIo.c.ddfebe09
 .debug_info    0x0000000000007267     0x1d01 /tmp/ccQO0uD1.debug.temp.o
                0x0000000000007267                AutoGen.c.63818ed4
 .debug_info    0x0000000000008f68      0x1a7 /tmp/ccNZHRhm.debug.temp.o
                0x0000000000008f68                SetJump.c.08000611
 .debug_info    0x000000000000910f      0x121 /tmp/ccwh9k3z.debug.temp.o
                0x000000000000910f                DivU64x32Remainder.c.b17fe480
 .debug_info    0x0000000000009230       0xa8 /tmp/ccP8pWLP.debug.temp.o
                0x0000000000009230                CpuDeadLoop.c.de72b58d
 .debug_info    0x00000000000092d8      0x327 /tmp/ccLeoofF.debug.temp.o
                0x00000000000092d8                LinkedList.c.cda68033
 .debug_info    0x00000000000095ff     0x1098 /tmp/ccSh0jBP.debug.temp.o
                0x00000000000095ff                SafeString.c.a1fab0ae
 .debug_info    0x000000000000a697      0x809 /tmp/ccCQdlxn.debug.temp.o
                0x000000000000a697                String.c.d6c2ca07
 .debug_info    0x000000000000aea0      0x2d6 /tmp/cc4dkpLt.debug.temp.o
                0x000000000000aea0                Math64.c.77924091
 .debug_info    0x000000000000b176      0x228 /tmp/ccIQVYdi.debug.temp.o
                0x000000000000b176                Unaligned.c.e410e6d5
 .debug_info    0x000000000000b39e      0x2e1 /tmp/ccFgLizB.debug.temp.o
                0x000000000000b39e                GccInline.c.d576b47d
 .debug_info    0x000000000000b67f      0x104 /tmp/ccmh8sjE.debug.temp.o
                0x000000000000b67f                ZeroMemWrapper.c.f89c288d
 .debug_info    0x000000000000b783      0x119 /tmp/ccQSowrr.debug.temp.o
                0x000000000000b783                CopyMemWrapper.c.4278fa3e
 .debug_info    0x000000000000b89c      0x764 /tmp/ccrIHs68.debug.temp.o
                0x000000000000b89c                PrintLibInternal.c.fcc47320
 .debug_info    0x000000000000c000      0x588 /tmp/ccpzjSGz.debug.temp.o
                0x000000000000c000                PrintLib.c.c7aaac47
 .debug_info    0x000000000000c588      0x340 /tmp/cc0XcFJN.debug.temp.o
                0x000000000000c588                IoLibGcc.c.387abfdf
 .debug_info    0x000000000000c8c8      0x612 /tmp/ccjffuU7.debug.temp.o
                0x000000000000c8c8                IoLibInternalTdx.c.54585d05
 .debug_info    0x000000000000ceda      0x2d8 /tmp/ccuhG3gG.debug.temp.o
                0x000000000000ceda                IoLibFifoCc.c.09b756e9
 .debug_info    0x000000000000d1b2       0xcf /tmp/ccR3p70C.debug.temp.o
                0x000000000000d1b2                DebugIoPortQemu.c.6770f392
 .debug_info    0x000000000000d281      0x3d4 /tmp/ccHFJR8q.debug.temp.o
                0x000000000000d281                DebugLib.c.69301bc7
 .debug_info    0x000000000000d655       0xc7 /tmp/ccH53ACl.debug.temp.o
                0x000000000000d655                DebugLibDetect.c.47cbf058
 .debug_info    0x000000000000d71c      0x313 /tmp/ccjgtBcq.debug.temp.o
                0x000000000000d71c                DxeCcProbeLib.c.6f0eeff1
 .debug_info    0x000000000000da2f     0x1787 /tmp/cclEOFjK.debug.temp.o
                0x000000000000da2f                UefiBootServicesTableLib.c.eb6b4150
 .debug_info    0x000000000000f1b6     0x1366 /tmp/ccgW9ZnG.debug.temp.o
                0x000000000000f1b6                MemoryAllocationLib.c.93d95930
 .debug_info    0x000000000001051c     0x175e /tmp/cc4mwUaF.debug.temp.o
                0x000000000001051c                UefiRuntimeServicesTableLib.c.7c1e9fbb
 .debug_info    0x0000000000011c7a     0x1f0c /tmp/cc3Exg3j.debug.temp.o
                0x0000000000011c7a                UefiDevicePathLib.c.047a3425
 .debug_info    0x0000000000013b86     0x2042 /tmp/ccBc82RI.debug.temp.o
                0x0000000000013b86                UefiDriverModel.c.4512ec5c
 .debug_info    0x0000000000015bc8     0x25bc /tmp/cc49uJMb.debug.temp.o
                0x0000000000015bc8                UefiLib.c.3dfc795b
 .debug_info    0x0000000000018184     0x1951 /tmp/cczK5RyM.debug.temp.o
                0x0000000000018184                DriverEntryPoint.c.8b048165

.debug_abbrev   0x0000000000000000     0x2ec6
 .debug_abbrev  0x0000000000000000      0x24d /tmp/cctA1mV9.ltrans0.ltrans.o
 .debug_abbrev  0x000000000000024d      0x136 /tmp/ccTxIvfE.debug.temp.o
 .debug_abbrev  0x0000000000000383      0x317 /tmp/ccRYGRC4.debug.temp.o
 .debug_abbrev  0x000000000000069a      0x2c7 /tmp/ccQO0uD1.debug.temp.o
 .debug_abbrev  0x0000000000000961       0xe0 /tmp/ccNZHRhm.debug.temp.o
 .debug_abbrev  0x0000000000000a41       0xb2 /tmp/ccwh9k3z.debug.temp.o
 .debug_abbrev  0x0000000000000af3       0x71 /tmp/ccP8pWLP.debug.temp.o
 .debug_abbrev  0x0000000000000b64      0x141 /tmp/ccLeoofF.debug.temp.o
 .debug_abbrev  0x0000000000000ca5      0x1c7 /tmp/ccSh0jBP.debug.temp.o
 .debug_abbrev  0x0000000000000e6c      0x157 /tmp/ccCQdlxn.debug.temp.o
 .debug_abbrev  0x0000000000000fc3       0xd0 /tmp/cc4dkpLt.debug.temp.o
 .debug_abbrev  0x0000000000001093       0xb6 /tmp/ccIQVYdi.debug.temp.o
 .debug_abbrev  0x0000000000001149      0x135 /tmp/ccFgLizB.debug.temp.o
 .debug_abbrev  0x000000000000127e       0xb8 /tmp/ccmh8sjE.debug.temp.o
 .debug_abbrev  0x0000000000001336       0xbe /tmp/ccQSowrr.debug.temp.o
 .debug_abbrev  0x00000000000013f4      0x19f /tmp/ccrIHs68.debug.temp.o
 .debug_abbrev  0x0000000000001593      0x15a /tmp/ccpzjSGz.debug.temp.o
 .debug_abbrev  0x00000000000016ed       0xfe /tmp/cc0XcFJN.debug.temp.o
 .debug_abbrev  0x00000000000017eb      0x16c /tmp/ccjffuU7.debug.temp.o
 .debug_abbrev  0x0000000000001957       0xbd /tmp/ccuhG3gG.debug.temp.o
 .debug_abbrev  0x0000000000001a14       0x81 /tmp/ccR3p70C.debug.temp.o
 .debug_abbrev  0x0000000000001a95      0x19e /tmp/ccHFJR8q.debug.temp.o
 .debug_abbrev  0x0000000000001c33       0x80 /tmp/ccH53ACl.debug.temp.o
 .debug_abbrev  0x0000000000001cb3      0x114 /tmp/ccjgtBcq.debug.temp.o
 .debug_abbrev  0x0000000000001dc7      0x20a /tmp/cclEOFjK.debug.temp.o
 .debug_abbrev  0x0000000000001fd1      0x274 /tmp/ccgW9ZnG.debug.temp.o
 .debug_abbrev  0x0000000000002245      0x1da /tmp/cc4mwUaF.debug.temp.o
 .debug_abbrev  0x000000000000241f      0x2e2 /tmp/cc3Exg3j.debug.temp.o
 .debug_abbrev  0x0000000000002701      0x27f /tmp/ccBc82RI.debug.temp.o
 .debug_abbrev  0x0000000000002980      0x2e9 /tmp/cc49uJMb.debug.temp.o
 .debug_abbrev  0x0000000000002c69      0x25d /tmp/cczK5RyM.debug.temp.o

.debug_loclists
                0x0000000000000000     0x2fdd
 .debug_loclists
                0x0000000000000000     0x2fdd /tmp/cctA1mV9.ltrans0.ltrans.o

.debug_aranges  0x0000000000000000      0x390
 .debug_aranges
                0x0000000000000000      0x390 /tmp/cctA1mV9.ltrans0.ltrans.o

.debug_rnglists
                0x0000000000000000      0x3e7
 .debug_rnglists
                0x0000000000000000      0x3e7 /tmp/cctA1mV9.ltrans0.ltrans.o

.debug_line     0x0000000000000000     0x3727
 .debug_line    0x0000000000000000     0x2a5d /tmp/cctA1mV9.ltrans0.ltrans.o
 .debug_line    0x0000000000002a5d       0x71 /tmp/ccTxIvfE.debug.temp.o
 .debug_line    0x0000000000002ace       0xc5 /tmp/ccRYGRC4.debug.temp.o
 .debug_line    0x0000000000002b93       0x8a /tmp/ccQO0uD1.debug.temp.o
 .debug_line    0x0000000000002c1d       0x51 /tmp/ccNZHRhm.debug.temp.o
 .debug_line    0x0000000000002c6e       0x51 /tmp/ccwh9k3z.debug.temp.o
 .debug_line    0x0000000000002cbf       0x4c /tmp/ccP8pWLP.debug.temp.o
 .debug_line    0x0000000000002d0b       0x5e /tmp/ccLeoofF.debug.temp.o
 .debug_line    0x0000000000002d69       0x6d /tmp/ccSh0jBP.debug.temp.o
 .debug_line    0x0000000000002dd6       0x63 /tmp/ccCQdlxn.debug.temp.o
 .debug_line    0x0000000000002e39       0x4c /tmp/cc4dkpLt.debug.temp.o
 .debug_line    0x0000000000002e85       0x51 /tmp/ccIQVYdi.debug.temp.o
 .debug_line    0x0000000000002ed6       0x4c /tmp/ccFgLizB.debug.temp.o
 .debug_line    0x0000000000002f22       0x51 /tmp/ccmh8sjE.debug.temp.o
 .debug_line    0x0000000000002f73       0x51 /tmp/ccQSowrr.debug.temp.o
 .debug_line    0x0000000000002fc4       0x68 /tmp/ccrIHs68.debug.temp.o
 .debug_line    0x000000000000302c       0x5a /tmp/ccpzjSGz.debug.temp.o
 .debug_line    0x0000000000003086       0x56 /tmp/cc0XcFJN.debug.temp.o
 .debug_line    0x00000000000030dc       0x64 /tmp/ccjffuU7.debug.temp.o
 .debug_line    0x0000000000003140       0x4d /tmp/ccuhG3gG.debug.temp.o
 .debug_line    0x000000000000318d       0x55 /tmp/ccR3p70C.debug.temp.o
 .debug_line    0x00000000000031e2       0x89 /tmp/ccHFJR8q.debug.temp.o
 .debug_line    0x000000000000326b       0x51 /tmp/ccH53ACl.debug.temp.o
 .debug_line    0x00000000000032bc       0x63 /tmp/ccjgtBcq.debug.temp.o
 .debug_line    0x000000000000331f       0x80 /tmp/cclEOFjK.debug.temp.o
 .debug_line    0x000000000000339f       0x7b /tmp/ccgW9ZnG.debug.temp.o
 .debug_line    0x000000000000341a       0x7b /tmp/cc4mwUaF.debug.temp.o
 .debug_line    0x0000000000003495       0xa7 /tmp/cc3Exg3j.debug.temp.o
 .debug_line    0x000000000000353c       0xac /tmp/ccBc82RI.debug.temp.o
 .debug_line    0x00000000000035e8       0xac /tmp/cc49uJMb.debug.temp.o
 .debug_line    0x0000000000003694       0x93 /tmp/cczK5RyM.debug.temp.o

.debug_str      0x0000000000000000     0x4b7c
 .debug_str     0x0000000000000000      0x1c5 /tmp/cctA1mV9.ltrans0.ltrans.o
 .debug_str     0x00000000000001c5      0x3c6 /tmp/ccTxIvfE.debug.temp.o
                                        0x48c (size before relaxing)
 .debug_str     0x000000000000058b     0x18a1 /tmp/ccRYGRC4.debug.temp.o
                                       0x1eea (size before relaxing)
 .debug_str     0x0000000000001e2c      0x862 /tmp/ccQO0uD1.debug.temp.o
                                       0x1cbd (size before relaxing)
 .debug_str     0x000000000000268e       0x42 /tmp/ccNZHRhm.debug.temp.o
                                        0x28d (size before relaxing)
 .debug_str     0x00000000000026d0       0x2a /tmp/ccwh9k3z.debug.temp.o
                                        0x288 (size before relaxing)
 .debug_str     0x00000000000026fa       0x29 /tmp/ccP8pWLP.debug.temp.o
                                        0x23c (size before relaxing)
 .debug_str     0x0000000000002723       0x7a /tmp/ccLeoofF.debug.temp.o
                                        0x3b9 (size before relaxing)
 .debug_str     0x000000000000279d      0x3bf /tmp/ccSh0jBP.debug.temp.o
                                        0x81c (size before relaxing)
 .debug_str     0x0000000000002b5c      0x1da /tmp/ccCQdlxn.debug.temp.o
                                        0x6e6 (size before relaxing)
 .debug_str     0x0000000000002d36      0x150 /tmp/cc4dkpLt.debug.temp.o
                                        0x3b5 (size before relaxing)
 .debug_str     0x0000000000002e86       0x94 /tmp/ccIQVYdi.debug.temp.o
                                        0x2e9 (size before relaxing)
 .debug_str     0x0000000000002f1a      0x130 /tmp/ccFgLizB.debug.temp.o
                                        0x36c (size before relaxing)
 .debug_str     0x000000000000304a       0x13 /tmp/ccmh8sjE.debug.temp.o
                                        0x263 (size before relaxing)
 .debug_str     0x000000000000305d       0x32 /tmp/ccQSowrr.debug.temp.o
                                        0x27b (size before relaxing)
 .debug_str     0x000000000000308f      0x249 /tmp/ccrIHs68.debug.temp.o
                                        0x656 (size before relaxing)
 .debug_str     0x00000000000032d8      0x147 /tmp/ccpzjSGz.debug.temp.o
                                        0x454 (size before relaxing)
 .debug_str     0x000000000000341f       0xe6 /tmp/cc0XcFJN.debug.temp.o
                                        0x37b (size before relaxing)
 .debug_str     0x0000000000003505      0x136 /tmp/ccjffuU7.debug.temp.o
                                        0x3ff (size before relaxing)
 .debug_str     0x000000000000363b       0x61 /tmp/ccuhG3gG.debug.temp.o
                                        0x33d (size before relaxing)
 .debug_str     0x000000000000369c       0x1d /tmp/ccR3p70C.debug.temp.o
                                        0x269 (size before relaxing)
 .debug_str     0x00000000000036b9       0xe7 /tmp/ccHFJR8q.debug.temp.o
                                        0x4e6 (size before relaxing)
 .debug_str     0x00000000000037a0       0x26 /tmp/ccH53ACl.debug.temp.o
                                        0x2a4 (size before relaxing)
 .debug_str     0x00000000000037c6      0x191 /tmp/ccjgtBcq.debug.temp.o
                                        0x4e3 (size before relaxing)
 .debug_str     0x0000000000003957     0x13b1 /tmp/cclEOFjK.debug.temp.o
 .debug_str     0x0000000000003957      0x228 /tmp/ccgW9ZnG.debug.temp.o
                                        0xfdc (size before relaxing)
 .debug_str     0x0000000000003b7f     0x13a7 /tmp/cc4mwUaF.debug.temp.o
 .debug_str     0x0000000000003b7f      0x529 /tmp/cc3Exg3j.debug.temp.o
                                       0x1a87 (size before relaxing)
 .debug_str     0x00000000000040a8      0x4e0 /tmp/ccBc82RI.debug.temp.o
                                       0x1d09 (size before relaxing)
 .debug_str     0x0000000000004588      0x53c /tmp/cc49uJMb.debug.temp.o
                                       0x1c73 (size before relaxing)
 .debug_str     0x0000000000004ac4       0xb8 /tmp/cczK5RyM.debug.temp.o
                                       0x153f (size before relaxing)

.debug_line_str
                0x0000000000000000     0x18fb
 .debug_line_str
                0x0000000000000000      0x436 /tmp/cctA1mV9.ltrans0.ltrans.o
                                        0x676 (size before relaxing)
 .debug_line_str
                0x0000000000000436      0x197 /tmp/ccTxIvfE.debug.temp.o
                                        0x24b (size before relaxing)
 .debug_line_str
                0x00000000000005cd      0x121 /tmp/ccRYGRC4.debug.temp.o
                                        0x37d (size before relaxing)
 .debug_line_str
                0x00000000000006ee       0x8a /tmp/ccQO0uD1.debug.temp.o
                                        0x2ea (size before relaxing)
 .debug_line_str
                0x0000000000000778       0x8e /tmp/ccNZHRhm.debug.temp.o
                                        0x14f (size before relaxing)
 .debug_line_str
                0x0000000000000806       0x5a /tmp/ccwh9k3z.debug.temp.o
                                        0x16e (size before relaxing)
 .debug_line_str
                0x0000000000000860       0x40 /tmp/ccP8pWLP.debug.temp.o
                                        0x14c (size before relaxing)
 .debug_line_str
                0x00000000000008a0       0x97 /tmp/ccLeoofF.debug.temp.o
                                        0x1de (size before relaxing)
 .debug_line_str
                0x0000000000000937       0x3f /tmp/ccSh0jBP.debug.temp.o
                                        0x20b (size before relaxing)
 .debug_line_str
                0x0000000000000976       0x3b /tmp/ccCQdlxn.debug.temp.o
                                        0x1e0 (size before relaxing)
 .debug_line_str
                0x00000000000009b1       0x3b /tmp/cc4dkpLt.debug.temp.o
                                        0x142 (size before relaxing)
 .debug_line_str
                0x00000000000009ec       0x3e /tmp/ccIQVYdi.debug.temp.o
                                        0x153 (size before relaxing)
 .debug_line_str
                0x0000000000000a2a       0x42 /tmp/ccFgLizB.debug.temp.o
                                        0x150 (size before relaxing)
 .debug_line_str
                0x0000000000000a6c       0xcb /tmp/ccmh8sjE.debug.temp.o
                                        0x195 (size before relaxing)
 .debug_line_str
                0x0000000000000b37       0x4f /tmp/ccQSowrr.debug.temp.o
                                        0x195 (size before relaxing)
 .debug_line_str
                0x0000000000000b86      0x11b /tmp/ccrIHs68.debug.temp.o
                                        0x225 (size before relaxing)
 .debug_line_str
                0x0000000000000ca1       0x42 /tmp/ccpzjSGz.debug.temp.o
                                        0x19f (size before relaxing)
 .debug_line_str
                0x0000000000000ce3       0xd2 /tmp/cc0XcFJN.debug.temp.o
                                        0x195 (size before relaxing)
 .debug_line_str
                0x0000000000000db5       0x87 /tmp/ccjffuU7.debug.temp.o
                                        0x1f1 (size before relaxing)
 .debug_line_str
                0x0000000000000e3c       0x56 /tmp/ccuhG3gG.debug.temp.o
                                        0x155 (size before relaxing)
 .debug_line_str
                0x0000000000000e92      0x144 /tmp/ccR3p70C.debug.temp.o
                                        0x212 (size before relaxing)
 .debug_line_str
                0x0000000000000fd6       0xc7 /tmp/ccHFJR8q.debug.temp.o
                                        0x307 (size before relaxing)
 .debug_line_str
                0x000000000000109d       0x53 /tmp/ccH53ACl.debug.temp.o
                                        0x197 (size before relaxing)
 .debug_line_str
                0x00000000000010f0       0xd8 /tmp/ccjgtBcq.debug.temp.o
                                        0x1ec (size before relaxing)
 .debug_line_str
                0x00000000000011c8       0xd2 /tmp/cclEOFjK.debug.temp.o
                                        0x2b0 (size before relaxing)
 .debug_line_str
                0x000000000000129a       0xca /tmp/ccgW9ZnG.debug.temp.o
                                        0x293 (size before relaxing)
 .debug_line_str
                0x0000000000001364       0xde /tmp/cc4mwUaF.debug.temp.o
                                        0x2a7 (size before relaxing)
 .debug_line_str
                0x0000000000001442      0x1ba /tmp/cc3Exg3j.debug.temp.o
                                        0x3d6 (size before relaxing)
 .debug_line_str
                0x00000000000015fc      0x144 /tmp/ccBc82RI.debug.temp.o
                                        0x343 (size before relaxing)
 .debug_line_str
                0x0000000000001740       0x7d /tmp/cc49uJMb.debug.temp.o
                                        0x327 (size before relaxing)
 .debug_line_str
                0x00000000000017bd      0x13e /tmp/cczK5RyM.debug.temp.o
                                        0x331 (size before relaxing)

.debug_frame    0x0000000000000000      0xb38
 .debug_frame   0x0000000000000000      0xb38 /tmp/cctA1mV9.ltrans0.ltrans.o
