Archive member included to satisfy reference by file (symbol)

/home/cdac/fw/edk2-ws/Build/OvmfX64/DEBUG_GCC5/X64/MdeModulePkg/Bus/Usb/UsbKbDxe/UsbKbDxe/OUTPUT/UsbKbDxe.lib(EfiKey.obj)
                              (--whole-archive)
/home/cdac/fw/edk2-ws/Build/OvmfX64/DEBUG_GCC5/X64/MdeModulePkg/Bus/Usb/UsbKbDxe/UsbKbDxe/OUTPUT/UsbKbDxe.lib(KeyBoard.obj)
                              (--whole-archive)
/home/cdac/fw/edk2-ws/Build/OvmfX64/DEBUG_GCC5/X64/MdeModulePkg/Bus/Usb/UsbKbDxe/UsbKbDxe/OUTPUT/UsbKbDxe.lib(ComponentName.obj)
                              (--whole-archive)
/home/cdac/fw/edk2-ws/Build/OvmfX64/DEBUG_GCC5/X64/MdeModulePkg/Bus/Usb/UsbKbDxe/UsbKbDxe/OUTPUT/UsbKbDxe.lib(AutoGen.obj)
                              (--whole-archive)
/home/cdac/fw/edk2-ws/Build/OvmfX64/DEBUG_GCC5/X64/MdePkg/Library/RegisterFilterLibNull/RegisterFilterLibNull/OUTPUT/FilterLibNull.lib(RegisterFilterLibNull.obj)
                              (--whole-archive)
/home/cdac/fw/edk2-ws/Build/OvmfX64/DEBUG_GCC5/X64/MdePkg/Library/BaseLib/BaseLib/OUTPUT/BaseLib.lib(CheckSum.obj)
                              (--whole-archive)
/home/cdac/fw/edk2-ws/Build/OvmfX64/DEBUG_GCC5/X64/MdePkg/Library/BaseLib/BaseLib/OUTPUT/BaseLib.lib(SwitchStack.obj)
                              (--whole-archive)
/home/cdac/fw/edk2-ws/Build/OvmfX64/DEBUG_GCC5/X64/MdePkg/Library/BaseLib/BaseLib/OUTPUT/BaseLib.lib(SwapBytes64.obj)
                              (--whole-archive)
/home/cdac/fw/edk2-ws/Build/OvmfX64/DEBUG_GCC5/X64/MdePkg/Library/BaseLib/BaseLib/OUTPUT/BaseLib.lib(SwapBytes32.obj)
                              (--whole-archive)
/home/cdac/fw/edk2-ws/Build/OvmfX64/DEBUG_GCC5/X64/MdePkg/Library/BaseLib/BaseLib/OUTPUT/BaseLib.lib(SwapBytes16.obj)
                              (--whole-archive)
/home/cdac/fw/edk2-ws/Build/OvmfX64/DEBUG_GCC5/X64/MdePkg/Library/BaseLib/BaseLib/OUTPUT/BaseLib.lib(LongJump.obj)
                              (--whole-archive)
/home/cdac/fw/edk2-ws/Build/OvmfX64/DEBUG_GCC5/X64/MdePkg/Library/BaseLib/BaseLib/OUTPUT/BaseLib.lib(SetJump.obj)
                              (--whole-archive)
/home/cdac/fw/edk2-ws/Build/OvmfX64/DEBUG_GCC5/X64/MdePkg/Library/BaseLib/BaseLib/OUTPUT/BaseLib.lib(QuickSort.obj)
                              (--whole-archive)
/home/cdac/fw/edk2-ws/Build/OvmfX64/DEBUG_GCC5/X64/MdePkg/Library/BaseLib/BaseLib/OUTPUT/BaseLib.lib(RShiftU64.obj)
                              (--whole-archive)
/home/cdac/fw/edk2-ws/Build/OvmfX64/DEBUG_GCC5/X64/MdePkg/Library/BaseLib/BaseLib/OUTPUT/BaseLib.lib(RRotU64.obj)
                              (--whole-archive)
/home/cdac/fw/edk2-ws/Build/OvmfX64/DEBUG_GCC5/X64/MdePkg/Library/BaseLib/BaseLib/OUTPUT/BaseLib.lib(RRotU32.obj)
                              (--whole-archive)
/home/cdac/fw/edk2-ws/Build/OvmfX64/DEBUG_GCC5/X64/MdePkg/Library/BaseLib/BaseLib/OUTPUT/BaseLib.lib(MultU64x64.obj)
                              (--whole-archive)
/home/cdac/fw/edk2-ws/Build/OvmfX64/DEBUG_GCC5/X64/MdePkg/Library/BaseLib/BaseLib/OUTPUT/BaseLib.lib(MultU64x32.obj)
                              (--whole-archive)
/home/cdac/fw/edk2-ws/Build/OvmfX64/DEBUG_GCC5/X64/MdePkg/Library/BaseLib/BaseLib/OUTPUT/BaseLib.lib(MultS64x64.obj)
                              (--whole-archive)
/home/cdac/fw/edk2-ws/Build/OvmfX64/DEBUG_GCC5/X64/MdePkg/Library/BaseLib/BaseLib/OUTPUT/BaseLib.lib(ModU64x32.obj)
                              (--whole-archive)
/home/cdac/fw/edk2-ws/Build/OvmfX64/DEBUG_GCC5/X64/MdePkg/Library/BaseLib/BaseLib/OUTPUT/BaseLib.lib(LShiftU64.obj)
                              (--whole-archive)
/home/cdac/fw/edk2-ws/Build/OvmfX64/DEBUG_GCC5/X64/MdePkg/Library/BaseLib/BaseLib/OUTPUT/BaseLib.lib(LRotU64.obj)
                              (--whole-archive)
/home/cdac/fw/edk2-ws/Build/OvmfX64/DEBUG_GCC5/X64/MdePkg/Library/BaseLib/BaseLib/OUTPUT/BaseLib.lib(LRotU32.obj)
                              (--whole-archive)
/home/cdac/fw/edk2-ws/Build/OvmfX64/DEBUG_GCC5/X64/MdePkg/Library/BaseLib/BaseLib/OUTPUT/BaseLib.lib(LowBitSet64.obj)
                              (--whole-archive)
/home/cdac/fw/edk2-ws/Build/OvmfX64/DEBUG_GCC5/X64/MdePkg/Library/BaseLib/BaseLib/OUTPUT/BaseLib.lib(LowBitSet32.obj)
                              (--whole-archive)
/home/cdac/fw/edk2-ws/Build/OvmfX64/DEBUG_GCC5/X64/MdePkg/Library/BaseLib/BaseLib/OUTPUT/BaseLib.lib(HighBitSet64.obj)
                              (--whole-archive)
/home/cdac/fw/edk2-ws/Build/OvmfX64/DEBUG_GCC5/X64/MdePkg/Library/BaseLib/BaseLib/OUTPUT/BaseLib.lib(HighBitSet32.obj)
                              (--whole-archive)
/home/cdac/fw/edk2-ws/Build/OvmfX64/DEBUG_GCC5/X64/MdePkg/Library/BaseLib/BaseLib/OUTPUT/BaseLib.lib(GetPowerOfTwo64.obj)
                              (--whole-archive)
/home/cdac/fw/edk2-ws/Build/OvmfX64/DEBUG_GCC5/X64/MdePkg/Library/BaseLib/BaseLib/OUTPUT/BaseLib.lib(GetPowerOfTwo32.obj)
                              (--whole-archive)
[...]
Memory Configuration

Name             Origin             Length             Attributes
*default*        0x0000000000000000 0xffffffffffffffff

Linker script and memory map

START GROUP
LOAD /tmp/cclW5wan.ltrans0.ltrans.o
LOAD /tmp/ccpZM3oZ.debug.temp.o
LOAD /tmp/ccZYBi4o.debug.temp.o
LOAD /tmp/ccNc7GTC.debug.temp.o
LOAD /tmp/ccDPFLIF.debug.temp.o
LOAD /tmp/ccJ3Ro59.debug.temp.o
LOAD /tmp/ccHnYPlI.debug.temp.o
LOAD /tmp/ccOae8Ef.debug.temp.o
LOAD /tmp/ccgfd5Ar.debug.temp.o
LOAD /tmp/ccA4q6hx.debug.temp.o
LOAD /tmp/ccKwHXQC.debug.temp.o
LOAD /tmp/cctKQcS9.debug.temp.o
LOAD /tmp/ccrRm3HE.debug.temp.o
LOAD /tmp/ccsBJeAt.debug.temp.o
LOAD /tmp/ccmgysCe.debug.temp.o
LOAD /tmp/ccGQdT6T.debug.temp.o
LOAD /tmp/cc23GPO8.debug.temp.o
LOAD /tmp/ccQppH3f.debug.temp.o
LOAD /tmp/ccAtB2ua.debug.temp.o
LOAD /tmp/ccShVORj.debug.temp.o
LOAD /tmp/ccv2knrL.debug.temp.o
LOAD /tmp/ccKzwTVr.debug.temp.o
LOAD /tmp/cc4iy3Ys.debug.temp.o
LOAD /tmp/ccbemEAy.debug.temp.o
LOAD /tmp/ccHUdZY9.debug.temp.o
LOAD /tmp/cc1z38u9.debug.temp.o
LOAD /tmp/ccNnT8Sn.debug.temp.o
LOAD /tmp/cc0Nt353.debug.temp.o
LOAD /tmp/cc3Rrqbt.debug.temp.o
LOAD /tmp/ccwDS2JD.debug.temp.o
LOAD /tmp/ccfPxFd3.debug.temp.o
LOAD /tmp/ccRovBYk.debug.temp.o
LOAD /tmp/ccwvFH8g.debug.temp.o
LOAD /tmp/ccChazxQ.debug.temp.o
LOAD /tmp/ccb9TiRH.debug.temp.o
LOAD /tmp/ccifyRKy.debug.temp.o
LOAD /tmp/ccvwtkfd.debug.temp.o
LOAD /tmp/cc06laGT.debug.temp.o
LOAD /tmp/ccB5QfqN.debug.temp.o
LOAD /tmp/ccv84SRf.debug.temp.o
LOAD /tmp/ccmS7wkz.debug.temp.o
LOAD /tmp/ccHVDBb7.debug.temp.o
LOAD /tmp/ccgk5GVY.debug.temp.o
LOAD /tmp/ccE0VbAG.debug.temp.o
LOAD /tmp/ccMNby3f.debug.temp.o
LOAD /tmp/ccsTpqyy.debug.temp.o
LOAD /tmp/cccVlcnx.debug.temp.o
LOAD /tmp/ccpJvAQP.debug.temp.o
LOAD /tmp/ccEfvC0j.debug.temp.o
LOAD /tmp/ccT0T6GH.debug.temp.o
LOAD /tmp/ccKvbeua.debug.temp.o
LOAD /tmp/ccnvgl8Q.debug.temp.o
LOAD /tmp/cc7btuHz.debug.temp.o
LOAD /tmp/ccBldKEh.debug.temp.o
LOAD /tmp/ccAHKZ0t.debug.temp.o
LOAD /tmp/ccbIKeqk.debug.temp.o
LOAD /tmp/ccWB3mum.debug.temp.o
LOAD /tmp/ccwtMPmF.debug.temp.o
LOAD /tmp/cc0M2HvP.debug.temp.o
LOAD /tmp/cceVXzK7.debug.temp.o
LOAD /tmp/ccuA87Y0.debug.temp.o
LOAD /tmp/ccsmft2d.debug.temp.o
LOAD /tmp/ccZotg2l.debug.temp.o
LOAD /tmp/ccBNON2i.debug.temp.o
LOAD /tmp/ccgCzdl3.debug.temp.o
LOAD /tmp/cchJth6s.debug.temp.o
LOAD /tmp/ccGuezlm.debug.temp.o
LOAD /tmp/ccu8lHMB.debug.temp.o
LOAD /tmp/ccwzsAPb.debug.temp.o
LOAD /tmp/ccHuX3xV.debug.temp.o
LOAD /tmp/ccfgTZPM.debug.temp.o
LOAD /tmp/ccvsOhJq.debug.temp.o
LOAD /tmp/ccxRlzIc.debug.temp.o
LOAD /tmp/ccjwbcyz.debug.temp.o
LOAD /tmp/cckOVdBK.debug.temp.o
LOAD /tmp/cckr8sVv.debug.temp.o
LOAD /tmp/ccmgnuIx.debug.temp.o
LOAD /tmp/cc7whvYi.debug.temp.o
LOAD /tmp/ccXFAFK3.debug.temp.o
LOAD /tmp/ccYGqtq6.debug.temp.o
LOAD /tmp/ccU7Fslh.debug.temp.o
LOAD /tmp/cc4TVLO1.debug.temp.o
LOAD /tmp/ccBQdCO4.debug.temp.o
LOAD /tmp/cchA8X5g.debug.temp.o
LOAD /tmp/cc9JILWT.debug.temp.o
LOAD /tmp/ccnf4AGi.debug.temp.o
LOAD /tmp/ccFChuHB.debug.temp.o
LOAD /tmp/ccBLUk32.debug.temp.o
LOAD /tmp/ccdXgC61.debug.temp.o
LOAD /tmp/ccEoasbX.debug.temp.o
LOAD /tmp/ccyCTcJT.debug.temp.o
LOAD /tmp/ccsqZ6XV.debug.temp.o
LOAD /tmp/ccO2MHau.debug.temp.o
LOAD /tmp/ccIH8Whi.debug.temp.o
LOAD /tmp/ccq6hQXH.debug.temp.o
LOAD /tmp/ccgwHdN8.debug.temp.o
LOAD /tmp/cctgOJN3.debug.temp.o
LOAD /tmp/ccS6YE6n.debug.temp.o
LOAD /tmp/cc3FLIgQ.debug.temp.o
LOAD /tmp/cc4cuTJp.debug.temp.o
LOAD /tmp/ccMLdfsL.debug.temp.o
LOAD /tmp/ccpPjFjr.debug.temp.o
LOAD /tmp/ccYVpzSC.debug.temp.o
LOAD /tmp/cclCTBCm.debug.temp.o
LOAD /tmp/cc7A080U.debug.temp.o
LOAD /tmp/ccIRNnF6.debug.temp.o
LOAD /tmp/cczdOWKW.debug.temp.o
LOAD /tmp/ccCEifW3.debug.temp.o
LOAD /tmp/ccuydtPF.debug.temp.o
LOAD /tmp/ccyldFoe.debug.temp.o
LOAD /tmp/ccygTvyD.debug.temp.o
LOAD /tmp/ccpOXl8S.debug.temp.o
LOAD /tmp/ccwKM1BF.debug.temp.o
LOAD /tmp/cc2atahv.debug.temp.o
LOAD /tmp/cc2gkGNN.debug.temp.o
LOAD /tmp/ccNN8NAK.debug.temp.o
LOAD /home/cdac/fw/edk2-ws/Build/OvmfX64/DEBUG_GCC5/X64/MdeModulePkg/Bus/Usb/UsbKbDxe/UsbKbDxe/OUTPUT/UsbKbDxe.lib
LOAD /home/cdac/fw/edk2-ws/Build/OvmfX64/DEBUG_GCC5/X64/MdePkg/Library/RegisterFilterLibNull/RegisterFilterLibNull/OUTPUT/FilterLibNull.lib
LOAD /home/cdac/fw/edk2-ws/Build/OvmfX64/DEBUG_GCC5/X64/MdePkg/Library/BaseLib/BaseLib/OUTPUT/BaseLib.lib
LOAD /home/cdac/fw/edk2-ws/Build/OvmfX64/DEBUG_GCC5/X64/MdePkg/Library/DxePcdLib/DxePcdLib/OUTPUT/DxePcdLib.lib
LOAD /home/cdac/fw/edk2-ws/Build/OvmfX64/DEBUG_GCC5/X64/MdePkg/Library/BaseMemoryLibRepStr/BaseMemoryLibRepStr/OUTPUT/BaseMemoryLibRepStr.lib
LOAD /home/cdac/fw/edk2-ws/Build/OvmfX64/DEBUG_GCC5/X64/MdePkg/Library/TdxLib/TdxLib/OUTPUT/TdxLib.lib
LOAD /home/cdac/fw/edk2-ws/Build/OvmfX64/DEBUG_GCC5/X64/OvmfPkg/Library/MemDebugLogLib/MemDebugLogLibNull/OUTPUT/MemDebugLogLibNull.lib
LOAD /home/cdac/fw/edk2-ws/Build/OvmfX64/DEBUG_GCC5/X64/MdePkg/Library/BaseDebugPrintErrorLevelLib/BaseDebugPrintErrorLevelLib/OUTPUT/BaseDebugPrintErrorLevelLib.lib
LOAD /home/cdac/fw/edk2-ws/Build/OvmfX64/DEBUG_GCC5/X64/MdePkg/Library/BaseIoLibIntrinsic/BaseIoLibIntrinsicSev/OUTPUT/BaseIoLibIntrinsicSev.lib
LOAD /home/cdac/fw/edk2-ws/Build/OvmfX64/DEBUG_GCC5/X64/MdePkg/Library/BasePrintLib/BasePrintLib/OUTPUT/BasePrintLib.lib
LOAD /home/cdac/fw/edk2-ws/Build/OvmfX64/DEBUG_GCC5/X64/OvmfPkg/Library/PlatformDebugLibIoPort/PlatformDebugLibIoPort/OUTPUT/PlatformDebugLibIoPort.lib
LOAD /home/cdac/fw/edk2-ws/Build/OvmfX64/DEBUG_GCC5/X64/OvmfPkg/Library/CcProbeLib/DxeCcProbeLib/OUTPUT/DxeCcProbeLib.lib
LOAD /home/cdac/fw/edk2-ws/Build/OvmfX64/DEBUG_GCC5/X64/MdePkg/Library/UefiBootServicesTableLib/UefiBootServicesTableLib/OUTPUT/UefiBootServicesTableLib.lib
LOAD /home/cdac/fw/edk2-ws/Build/OvmfX64/DEBUG_GCC5/X64/MdePkg/Library/UefiMemoryAllocationLib/UefiMemoryAllocationLib/OUTPUT/UefiMemoryAllocationLib.lib
LOAD /home/cdac/fw/edk2-ws/Build/OvmfX64/DEBUG_GCC5/X64/MdePkg/Library/UefiDevicePathLibDevicePathProtocol/UefiDevicePathLibDevicePathProtocol/OUTPUT/UefiDevicePathLibDevicePathProtocol.lib
LOAD /home/cdac/fw/edk2-ws/Build/OvmfX64/DEBUG_GCC5/X64/MdePkg/Library/UefiRuntimeServicesTableLib/UefiRuntimeServicesTableLib/OUTPUT/UefiRuntimeServicesTableLib.lib
LOAD /home/cdac/fw/edk2-ws/Build/OvmfX64/DEBUG_GCC5/X64/MdePkg/Library/StackCheckLibNull/StackCheckLibNull/OUTPUT/StackCheckLibNull.lib
LOAD /home/cdac/fw/edk2-ws/Build/OvmfX64/DEBUG_GCC5/X64/MdeModulePkg/Library/UefiHiiServicesLib/UefiHiiServicesLib/OUTPUT/UefiHiiServicesLib.lib
LOAD /home/cdac/fw/edk2-ws/Build/OvmfX64/DEBUG_GCC5/X64/MdePkg/Library/UefiLib/UefiLib/OUTPUT/UefiLib.lib
LOAD /home/cdac/fw/edk2-ws/Build/OvmfX64/DEBUG_GCC5/X64/MdePkg/Library/UefiDriverEntryPoint/UefiDriverEntryPoint/OUTPUT/UefiDriverEntryPoint.lib
LOAD /home/cdac/fw/edk2-ws/Build/OvmfX64/DEBUG_GCC5/X64/MdeModulePkg/Library/DxeReportStatusCodeLib/DxeReportStatusCodeLib/OUTPUT/DxeReportStatusCodeLib.lib
LOAD /home/cdac/fw/edk2-ws/Build/OvmfX64/DEBUG_GCC5/X64/MdePkg/Library/UefiUsbLib/UefiUsbLib/OUTPUT/UefiUsbLib.lib
LOAD /home/cdac/fw/edk2-ws/Build/OvmfX64/DEBUG_GCC5/X64/MdeModulePkg/Library/UefiHiiLib/UefiHiiLib/OUTPUT/UefiHiiLib.lib
END GROUP
                0x0000000000000228                PECOFF_HEADER_SIZE = 0x228
                0x0000000000000228                . = PECOFF_HEADER_SIZE

.text           0x0000000000000240     0x5a6a
 *(.entry)
 *(.text .text.* .stub .gnu.linkonce.t.*)
 .text.USBKeyboardDriverBindingSupported
                0x0000000000000240       0xad /tmp/cclW5wan.ltrans0.ltrans.o
 .text.USBKeyboardRecoveryHandler
                0x00000000000002ed       0x45 /tmp/cclW5wan.ltrans0.ltrans.o
 .text.GetKeyDescriptor
                0x0000000000000332       0x2a /tmp/cclW5wan.ltrans0.ltrans.o
 .text.InitializeKeyState
                0x000000000000035c       0xcd /tmp/cclW5wan.ltrans0.ltrans.o
 .text.AsciiStrnLenS
                0x0000000000000429       0x26 /tmp/cclW5wan.ltrans0.ltrans.o
 .text.BasePrintLibFillBuffer
                0x000000000000044f       0x2d /tmp/cclW5wan.ltrans0.ltrans.o
 .text.DebugPrintEnabled
                0x000000000000047c        0x3 /tmp/cclW5wan.ltrans0.ltrans.o
 .text.ReadCcGuestType
                0x000000000000047f       0x24 /tmp/cclW5wan.ltrans0.ltrans.o
 .text.ReportErrorCodeEnabled
                0x00000000000004a3        0x3 /tmp/cclW5wan.ltrans0.ltrans.o
 .text.ReportDebugCodeEnabled
                0x00000000000004a6        0x3 /tmp/cclW5wan.ltrans0.ltrans.o
 .text.InternalReportStatusCode.constprop.0
                0x00000000000004a9       0xd7 /tmp/cclW5wan.ltrans0.ltrans.o
 .text.InternalAllocatePool.constprop.0
                0x0000000000000580       0x35 /tmp/cclW5wan.ltrans0.ltrans.o
 .text.IoWriteFifo8
                0x00000000000005b5       0x96 /tmp/cclW5wan.ltrans0.ltrans.o
 .text.PlatformDebugLibIoPortFound
                0x000000000000064b       0xa3 /tmp/cclW5wan.ltrans0.ltrans.o
 .text.BasePrintLibSPrint.constprop.0
                0x00000000000006ee       0x28 /tmp/cclW5wan.ltrans0.ltrans.o
 .text.BasePrintLibSPrintMarker.constprop.0
                0x0000000000000716      0xadc /tmp/cclW5wan.ltrans0.ltrans.o
 .text.AsciiSPrint.constprop.0
                0x00000000000011f2       0x30 /tmp/cclW5wan.ltrans0.ltrans.o
 .text.DebugAssert
                0x0000000000001222       0x83 /tmp/cclW5wan.ltrans0.ltrans.o
 .text.USBKeyboardResetEx
                0x00000000000012a5       0x73 /tmp/cclW5wan.ltrans0.ltrans.o
 .text.IsKeyRegistered
                0x0000000000001318       0x69 /tmp/cclW5wan.ltrans0.ltrans.o
 .text.SetKeyLED
                0x0000000000001381       0xa8 /tmp/cclW5wan.ltrans0.ltrans.o
 .text.USBKeyboardSetState
                0x0000000000001429       0xdf /tmp/cclW5wan.ltrans0.ltrans.o
 .text.InternalBaseLibIsListValid
                0x0000000000001508       0x6f /tmp/cclW5wan.ltrans0.ltrans.o
 .text.InitializeListHead
                0x0000000000001577        0xb /tmp/cclW5wan.ltrans0.ltrans.o
 .text.InsertTailList
                0x0000000000001582       0x52 /tmp/cclW5wan.ltrans0.ltrans.o
 .text.GetFirstNode
                0x00000000000015d4       0x37 /tmp/cclW5wan.ltrans0.ltrans.o
 .text.GetNextNode
                0x000000000000160b       0x37 /tmp/cclW5wan.ltrans0.ltrans.o
 .text.IsListEmpty
                0x0000000000001642       0x3a /tmp/cclW5wan.ltrans0.ltrans.o
 .text.IsNull   0x000000000000167c       0x3f /tmp/cclW5wan.ltrans0.ltrans.o
 .text.RemoveEntryList
                0x00000000000016bb       0x45 /tmp/cclW5wan.ltrans0.ltrans.o
 .text.AsciiStrSize
                0x0000000000001700       0x72 /tmp/cclW5wan.ltrans0.ltrans.o
 .text.AsciiStrnCmp
                0x0000000000001772       0xc7 /tmp/cclW5wan.ltrans0.ltrans.o
 .text.IsLanguageSupported
                0x0000000000001839       0x65 /tmp/cclW5wan.ltrans0.ltrans.o
 .text.ReadUnaligned16
                0x000000000000189e        0x4 /tmp/cclW5wan.ltrans0.ltrans.o
 .text.ReadUnaligned24
                0x00000000000018a2       0x37 /tmp/cclW5wan.ltrans0.ltrans.o
 .text.LookupUnicodeString2
                0x00000000000018d9       0xe1 /tmp/cclW5wan.ltrans0.ltrans.o
 .text.UsbKeyboardComponentNameGetDriverName
                0x00000000000019ba       0x3b /tmp/cclW5wan.ltrans0.ltrans.o
 .text.UsbKeyboardComponentNameGetControllerName
                0x00000000000019f5      0x13d /tmp/cclW5wan.ltrans0.ltrans.o
 .text.ReadUnaligned32
                0x0000000000001b32       0x32 /tmp/cclW5wan.ltrans0.ltrans.o
 .text.ReadUnaligned64
                0x0000000000001b64       0x33 /tmp/cclW5wan.ltrans0.ltrans.o
 .text.WriteUnaligned64
                0x0000000000001b97        0x7 /tmp/cclW5wan.ltrans0.ltrans.o
 .text.CopyGuid
                0x0000000000001b9e       0x46 /tmp/cclW5wan.ltrans0.ltrans.o
 .text.ZeroMem  0x0000000000001be4       0x7a /tmp/cclW5wan.ltrans0.ltrans.o
 .text.AllocateZeroPool
                0x0000000000001c5e       0x35 /tmp/cclW5wan.ltrans0.ltrans.o
 .text.CopyMem  0x0000000000001c93       0x8a /tmp/cclW5wan.ltrans0.ltrans.o
 .text.USBKeyboardRegisterKeyNotify
                0x0000000000001d1d      0x149 /tmp/cclW5wan.ltrans0.ltrans.o
 .text.Enqueue  0x0000000000001e66       0xa7 /tmp/cclW5wan.ltrans0.ltrans.o
 .text.USBKeyboardRepeatHandler
                0x0000000000001f0d       0x5e /tmp/cclW5wan.ltrans0.ltrans.o
 .text.Dequeue  0x0000000000001f6b       0x95 /tmp/cclW5wan.ltrans0.ltrans.o
 .text.USBKeyboardWaitForKey
                0x0000000000002000       0xa3 /tmp/cclW5wan.ltrans0.ltrans.o
 .text.KeyNotifyProcessHandler
                0x00000000000020a3       0xe6 /tmp/cclW5wan.ltrans0.ltrans.o
 .text.USBKeyboardReadKeyStrokeWorker
                0x0000000000002189       0x7b /tmp/cclW5wan.ltrans0.ltrans.o
 .text.USBKeyboardReadKeyStroke
                0x0000000000002204       0xa3 /tmp/cclW5wan.ltrans0.ltrans.o
 .text.USBKeyboardReadKeyStrokeEx
                0x00000000000022a7       0x59 /tmp/cclW5wan.ltrans0.ltrans.o
 .text.USBKeyboardTimerHandler
                0x0000000000002300      0x4e6 /tmp/cclW5wan.ltrans0.ltrans.o
 .text.AllocateCopyPool
                0x00000000000027e6       0x85 /tmp/cclW5wan.ltrans0.ltrans.o
 .text.ReportStatusCodeEx.constprop.0
                0x000000000000286b      0x19d /tmp/cclW5wan.ltrans0.ltrans.o
 .text.ReportStatusCodeWithDevicePath
                0x0000000000002a08       0xad /tmp/cclW5wan.ltrans0.ltrans.o
 .text.KeyboardHandler
                0x0000000000002ab5      0x3d5 /tmp/cclW5wan.ltrans0.ltrans.o
 .text.DebugPrintMarker.constprop.0
                0x0000000000002e8a       0x7d /tmp/cclW5wan.ltrans0.ltrans.o
 .text.DebugPrint.constprop.0
                0x0000000000002f07       0x28 /tmp/cclW5wan.ltrans0.ltrans.o
 .text.FreePool
                0x0000000000002f2f       0x4f /tmp/cclW5wan.ltrans0.ltrans.o
 .text.USBKeyboardUnregisterKeyNotify
                0x0000000000002f7e       0xee /tmp/cclW5wan.ltrans0.ltrans.o
 .text.GetCurrentKeyboardLayout
                0x000000000000306c       0xd7 /tmp/cclW5wan.ltrans0.ltrans.o
 .text.ReleaseKeyboardLayoutResources
                0x0000000000003143       0xc6 /tmp/cclW5wan.ltrans0.ltrans.o
 .text.SetKeyboardLayoutEvent
                0x0000000000003209      0x1d0 /tmp/cclW5wan.ltrans0.ltrans.o
 .text.USBKeyboardDriverBindingStop
                0x00000000000033d9      0x2b3 /tmp/cclW5wan.ltrans0.ltrans.o
 .text.InitQueue
                0x000000000000368c       0x93 /tmp/cclW5wan.ltrans0.ltrans.o
 .text.USBKeyboardReset
                0x000000000000371f      0x344 /tmp/cclW5wan.ltrans0.ltrans.o
 .text.HiiAddPackages.constprop.0
                0x0000000000003a63      0x109 /tmp/cclW5wan.ltrans0.ltrans.o
 .text.AddUnicodeString2.constprop.0
                0x0000000000003b6c      0x1e4 /tmp/cclW5wan.ltrans0.ltrans.o
 .text.USBKeyboardDriverBindingStart
                0x0000000000003d50      0x63a /tmp/cclW5wan.ltrans0.ltrans.o
 .text._ModuleEntryPoint
                0x000000000000438a      0x389 /tmp/cclW5wan.ltrans0.ltrans.o
                0x000000000000438a                _ModuleEntryPoint
 *fill*         0x0000000000004713        0xd 
 .text          0x0000000000004720       0x7c /home/cdac/fw/edk2-ws/Build/OvmfX64/DEBUG_GCC5/X64/MdePkg/Library/BaseLib/BaseLib/OUTPUT/BaseLib.lib(TdVmcall.obj)
                0x0000000000004720                TdVmCall
 *fill*         0x000000000000479c        0x4 
 .text          0x00000000000047a0       0x1d /home/cdac/fw/edk2-ws/Build/OvmfX64/DEBUG_GCC5/X64/MdePkg/Library/BaseMemoryLibRepStr/BaseMemoryLibRepStr/OUTPUT/BaseMemoryLibRepStr.lib(ZeroMem.obj)
                0x00000000000047a0                InternalMemZeroMem
 *fill*         0x00000000000047bd        0x3 
 .text          0x00000000000047c0       0x3c /home/cdac/fw/edk2-ws/Build/OvmfX64/DEBUG_GCC5/X64/MdePkg/Library/BaseMemoryLibRepStr/BaseMemoryLibRepStr/OUTPUT/BaseMemoryLibRepStr.lib(CopyMem.obj)
                0x00000000000047c0                InternalMemCopyMem
 *fill*         0x00000000000047fc        0x4 
 .text          0x0000000000004800      0x116 /home/cdac/fw/edk2-ws/Build/OvmfX64/DEBUG_GCC5/X64/MdePkg/Library/BaseIoLibIntrinsic/BaseIoLibIntrinsicSev/OUTPUT/BaseIoLibIntrinsicSev.lib(IoFifoSev.obj)
                0x0000000000004800                SevNoRepIo
                0x0000000000004840                SevIoReadFifo8
                0x0000000000004862                SevIoReadFifo16
                0x0000000000004888                SevIoReadFifo32
                0x00000000000048ab                SevIoWriteFifo8
                0x00000000000048cd                SevIoWriteFifo16
                0x00000000000048f3                SevIoWriteFifo32
 *(.rodata .rodata.* .gnu.linkonce.r.*)
 .rodata.BasePrintLibSPrintMarker.constprop.0.str1.1
                0x0000000000004916      0x191 /tmp/cclW5wan.ltrans0.ltrans.o
 *fill*         0x0000000000004aa7        0x1 
 .rodata.BasePrintLibSPrintMarker.constprop.0
                0x0000000000004aa8       0xec /tmp/cclW5wan.ltrans0.ltrans.o
 .rodata.AsciiSPrint.constprop.0.str1.1
                0x0000000000004b94       0x14 /tmp/cclW5wan.ltrans0.ltrans.o
 .rodata.USBKeyboardResetEx.str1.1
                0x0000000000004ba8       0x57 /tmp/cclW5wan.ltrans0.ltrans.o
 .rodata.IsKeyRegistered.str1.1
                0x0000000000004bff       0x3c /tmp/cclW5wan.ltrans0.ltrans.o
 .rodata.SetKeyLED.str1.1
                0x0000000000004c3b       0x51 /tmp/cclW5wan.ltrans0.ltrans.o
 .rodata.InternalBaseLibIsListValid.str1.1
                0x0000000000004c8c       0x95 /tmp/cclW5wan.ltrans0.ltrans.o
 .rodata.InsertTailList.str1.1
                0x0000000000004d21       0x26 /tmp/cclW5wan.ltrans0.ltrans.o
 .rodata.GetFirstNode.str1.1
                0x0000000000004d47       0x22 /tmp/cclW5wan.ltrans0.ltrans.o
 .rodata.RemoveEntryList.str1.1
                0x0000000000004d69       0x15 /tmp/cclW5wan.ltrans0.ltrans.o
 .rodata.AsciiStrSize.str1.1
                0x0000000000004d7e       0x8a /tmp/cclW5wan.ltrans0.ltrans.o
 .rodata.AsciiStrnCmp.str1.1
                0x0000000000004e08       0x70 /tmp/cclW5wan.ltrans0.ltrans.o
 .rodata.ReadUnaligned24.str1.1
                0x0000000000004e78       0x3e /tmp/cclW5wan.ltrans0.ltrans.o
 .rodata.UsbKeyboardComponentNameGetControllerName.str1.1
                0x0000000000004eb6       0x49 /tmp/cclW5wan.ltrans0.ltrans.o
 .rodata.ZeroMem.str1.1
                0x0000000000004eff       0x85 /tmp/cclW5wan.ltrans0.ltrans.o
 .rodata.CopyMem.str1.1
                0x0000000000004f84       0xd0 /tmp/cclW5wan.ltrans0.ltrans.o
 .rodata.Enqueue.str1.1
                0x0000000000005054       0x60 /tmp/cclW5wan.ltrans0.ltrans.o
 .rodata.Dequeue.str1.1
                0x00000000000050b4       0x1c /tmp/cclW5wan.ltrans0.ltrans.o
 .rodata.USBKeyboardTimerHandler
                0x00000000000050d0       0xd8 /tmp/cclW5wan.ltrans0.ltrans.o
 .rodata.AllocateCopyPool.str1.1
                0x00000000000051a8       0x96 /tmp/cclW5wan.ltrans0.ltrans.o
 .rodata.ReportStatusCodeEx.constprop.0.str1.1
                0x000000000000523e       0xd7 /tmp/cclW5wan.ltrans0.ltrans.o
 .rodata.ReportStatusCodeWithDevicePath.str1.1
                0x0000000000005315       0x4e /tmp/cclW5wan.ltrans0.ltrans.o
 .rodata.KeyboardHandler.str1.1
                0x0000000000005363       0x59 /tmp/cclW5wan.ltrans0.ltrans.o
 .rodata.FreePool.str1.1
                0x00000000000053bc       0x57 /tmp/cclW5wan.ltrans0.ltrans.o
 .rodata.GetCurrentKeyboardLayout.str1.1
                0x0000000000005413       0x1f /tmp/cclW5wan.ltrans0.ltrans.o
 .rodata.SetKeyboardLayoutEvent.str1.1
                0x0000000000005432       0x4f /tmp/cclW5wan.ltrans0.ltrans.o
 .rodata.InitQueue.str1.1
                0x0000000000005481       0x21 /tmp/cclW5wan.ltrans0.ltrans.o
 .rodata.AddUnicodeString2.constprop.0.str1.1
                0x00000000000054a2       0x3a /tmp/cclW5wan.ltrans0.ltrans.o
 .rodata.AddUnicodeString2.constprop.0.str2.2
                0x00000000000054dc       0x2a /tmp/cclW5wan.ltrans0.ltrans.o
 .rodata.USBKeyboardDriverBindingStart.str1.1
                0x0000000000005506       0x26 /tmp/cclW5wan.ltrans0.ltrans.o
                                         0x29 (size before relaxing)
 .rodata._ModuleEntryPoint.str1.1
                0x000000000000552c      0x2b5 /tmp/cclW5wan.ltrans0.ltrans.o
 *fill*         0x00000000000057e1        0xf 
 .rodata.mHexStr
                0x00000000000057f0       0x10 /tmp/cclW5wan.ltrans0.ltrans.o
 .rodata.mWarningString
                0x0000000000005800       0xc8 /tmp/cclW5wan.ltrans0.ltrans.o
 *fill*         0x00000000000058c8       0x18 
 .rodata.mErrorString
                0x00000000000058e0      0x2df /tmp/cclW5wan.ltrans0.ltrans.o
 .rodata.mEndOfPakageList
                0x0000000000005bbf        0x4 /tmp/cclW5wan.ltrans0.ltrans.o
 .rodata.str1.1
                0x0000000000005bc3        0x7 /tmp/cclW5wan.ltrans0.ltrans.o
 .rodata.str2.2
                0x0000000000005bca       0x28 /tmp/cclW5wan.ltrans0.ltrans.o
 *fill*         0x0000000000005bf2        0xe 
 .rodata.EfiKeyToUsbKeyCodeConvertionTable
                0x0000000000005c00       0x69 /tmp/cclW5wan.ltrans0.ltrans.o
 *fill*         0x0000000000005c69       0x17 
 .rodata.ModifierValueToEfiScanCodeConvertionTable
                0x0000000000005c80       0x2a /tmp/cclW5wan.ltrans0.ltrans.o
 *(.got .got.*)
 .got           0x0000000000005caa        0x0 EfiKey.obj (symbol from plugin)
 .got.plt       0x0000000000005caa        0x0 EfiKey.obj (symbol from plugin)
 *:AutoGen.obj(.data.g*Guid)

.plt            0x0000000000005cb0        0x0
 .plt           0x0000000000005cb0        0x0 EfiKey.obj (symbol from plugin)

.plt.got        0x0000000000005cb0        0x0
 .plt.got       0x0000000000005cb0        0x0 EfiKey.obj (symbol from plugin)

.data           0x0000000000005cc0      0x928
 *(.data .data.* .gnu.linkonce.d.*)
 .data.gEfiStatusCodeRuntimeProtocolGuid
                0x0000000000005cc0       0x10 /tmp/cclW5wan.ltrans0.ltrans.o
 .data.gEfiStatusCodeSpecificDataGuid
                0x0000000000005cd0       0x10 /tmp/cclW5wan.ltrans0.ltrans.o
 .data.gEfiDevicePathUtilitiesProtocolGuid
                0x0000000000005ce0       0x10 /tmp/cclW5wan.ltrans0.ltrans.o
 .data.gEfiHiiImageProtocolGuid
                0x0000000000005cf0       0x10 /tmp/cclW5wan.ltrans0.ltrans.o
 .data.gEfiHiiFontProtocolGuid
                0x0000000000005d00       0x10 /tmp/cclW5wan.ltrans0.ltrans.o
 .data.gEfiHiiConfigRoutingProtocolGuid
                0x0000000000005d10       0x10 /tmp/cclW5wan.ltrans0.ltrans.o
 .data.gEfiHiiStringProtocolGuid
                0x0000000000005d20       0x10 /tmp/cclW5wan.ltrans0.ltrans.o
 .data.gEfiComponentNameProtocolGuid
                0x0000000000005d30       0x10 /tmp/cclW5wan.ltrans0.ltrans.o
 .data.gEfiComponentName2ProtocolGuid
                0x0000000000005d40       0x10 /tmp/cclW5wan.ltrans0.ltrans.o
 .data.gEfiDriverBindingProtocolGuid
                0x0000000000005d50       0x10 /tmp/cclW5wan.ltrans0.ltrans.o
 .data.rel.local.gUsbKeyboardDriverBinding
                0x0000000000005d60       0x30 /tmp/cclW5wan.ltrans0.ltrans.o
 *fill*         0x0000000000005d90       0x10 
 .data.rel.local.mUsbKeyboardDriverNameTable
                0x0000000000005da0       0x20 /tmp/cclW5wan.ltrans0.ltrans.o
 .data.gEfiCallerIdGuid
                0x0000000000005dc0       0x10 /tmp/cclW5wan.ltrans0.ltrans.o
 .data.gUsbKeyboardLayoutKeyGuid
                0x0000000000005dd0       0x10 /tmp/cclW5wan.ltrans0.ltrans.o
 .data.mUsbKeyboardLayoutBin
                0x0000000000005de0      0x6e1 /tmp/cclW5wan.ltrans0.ltrans.o
 *fill*         0x00000000000064c1        0xf 
 .data.gUsbKeyboardLayoutPackageGuid
                0x00000000000064d0       0x10 /tmp/cclW5wan.ltrans0.ltrans.o
 .data.gEfiHiiDatabaseProtocolGuid
                0x00000000000064e0       0x10 /tmp/cclW5wan.ltrans0.ltrans.o
 .data.gEfiHiiKeyBoardLayoutGuid
                0x00000000000064f0       0x10 /tmp/cclW5wan.ltrans0.ltrans.o
 .data.rel.local.gUsbKeyboardComponentName2
                0x0000000000006500       0x18 /tmp/cclW5wan.ltrans0.ltrans.o
 *fill*         0x0000000000006518        0x8 
 .data.rel.local.gUsbKeyboardComponentName
                0x0000000000006520       0x18 /tmp/cclW5wan.ltrans0.ltrans.o
 *fill*         0x0000000000006538        0x8 
 .data.gEfiSimpleTextInputExProtocolGuid
                0x0000000000006540       0x10 /tmp/cclW5wan.ltrans0.ltrans.o
 .data.gEfiSimpleTextInProtocolGuid
                0x0000000000006550       0x10 /tmp/cclW5wan.ltrans0.ltrans.o
 .data.gEfiDevicePathProtocolGuid
                0x0000000000006560       0x10 /tmp/cclW5wan.ltrans0.ltrans.o
 .data.gEfiUsbIoProtocolGuid
                0x0000000000006570       0x10 /tmp/cclW5wan.ltrans0.ltrans.o
 .data.rel.ro   0x0000000000006580        0x0 EfiKey.obj (symbol from plugin)
 *(.bss .bss.*)
 .bss.mReportStatusCodeLibStatusCodeProtocol
                0x0000000000006580        0x8 /tmp/cclW5wan.ltrans0.ltrans.o
 .bss.gImageHandle
                0x0000000000006588        0x8 /tmp/cclW5wan.ltrans0.ltrans.o
 .bss.mDevicePathLibDevicePathUtilities
                0x0000000000006590        0x8 /tmp/cclW5wan.ltrans0.ltrans.o
 .bss.gHiiImage
                0x0000000000006598        0x8 /tmp/cclW5wan.ltrans0.ltrans.o
 .bss.gHiiFont  0x00000000000065a0        0x8 /tmp/cclW5wan.ltrans0.ltrans.o
 .bss.gHiiConfigRouting
                0x00000000000065a8        0x8 /tmp/cclW5wan.ltrans0.ltrans.o
 .bss.gHiiDatabase
                0x00000000000065b0        0x8 /tmp/cclW5wan.ltrans0.ltrans.o
 .bss.gHiiString
                0x00000000000065b8        0x8 /tmp/cclW5wan.ltrans0.ltrans.o
 .bss.gST       0x00000000000065c0        0x8 /tmp/cclW5wan.ltrans0.ltrans.o
 .bss.mCcProbeGuestType
                0x00000000000065c8        0x1 /tmp/cclW5wan.ltrans0.ltrans.o
 .bss.mCcProbed
                0x00000000000065c9        0x1 /tmp/cclW5wan.ltrans0.ltrans.o
 .bss.mDebugIoPortFound
                0x00000000000065ca        0x1 /tmp/cclW5wan.ltrans0.ltrans.o
 .bss.mDebugIoPortChecked
                0x00000000000065cb        0x1 /tmp/cclW5wan.ltrans0.ltrans.o
 *fill*         0x00000000000065cc        0x4 
 .bss.mDeadLoopComparator
                0x00000000000065d0        0x8 /tmp/cclW5wan.ltrans0.ltrans.o
 .bss.gRT       0x00000000000065d8        0x8 /tmp/cclW5wan.ltrans0.ltrans.o
 .bss.gBS       0x00000000000065e0        0x8 /tmp/cclW5wan.ltrans0.ltrans.o

.eh_frame       0x0000000000006600        0x0
 *(.eh_frame)
 .eh_frame      0x0000000000006600        0x0 EfiKey.obj (symbol from plugin)
 .eh_frame      0x0000000000006600        0x0 EfiKey.obj (symbol from plugin)

.dynbss         0x0000000000006600        0x0
 .dynbss        0x0000000000006600        0x0 EfiKey.obj (symbol from plugin)

.gnu.version_d  0x0000000000006600        0x0
 .gnu.version_d
                0x0000000000006600        0x0 EfiKey.obj (symbol from plugin)

.gnu.version    0x0000000000006600        0x0
 .gnu.version   0x0000000000006600        0x0 EfiKey.obj (symbol from plugin)

.gnu.version_r  0x0000000000006600        0x0
 .gnu.version_r
                0x0000000000006600        0x0 EfiKey.obj (symbol from plugin)

.dynamic        0x0000000000006600       0xc0
 *(.dynamic)
 .dynamic       0x0000000000006600       0xc0 EfiKey.obj (symbol from plugin)
                0x0000000000006600                _DYNAMIC

.rela           0x00000000000066c0      0x108
 *(.rela .rela.*)
 .rela.plt      0x00000000000066c0        0x0 EfiKey.obj (symbol from plugin)
 .rela.got      0x00000000000066c0        0x0 EfiKey.obj (symbol from plugin)
 .rela.bss      0x00000000000066c0        0x0 EfiKey.obj (symbol from plugin)
 .rela.data.rel.ro
                0x00000000000066c0        0x0 EfiKey.obj (symbol from plugin)
 .rela.ifunc    0x00000000000066c0        0x0 EfiKey.obj (symbol from plugin)
 .rela.data.rel.local.gUsbKeyboardDriverBinding
                0x00000000000066c0       0x48 EfiKey.obj (symbol from plugin)
 .rela.data.rel.local.mUsbKeyboardDriverNameTable
                0x0000000000006708       0x30 EfiKey.obj (symbol from plugin)
 .rela.data.rel.local.gUsbKeyboardComponentName2
                0x0000000000006738       0x48 EfiKey.obj (symbol from plugin)
 .rela.data.rel.local.gUsbKeyboardComponentName
                0x0000000000006780       0x48 EfiKey.obj (symbol from plugin)

.hii
 *(.hii)

.got            0x00000000000067c8        0x0
 *(.got)
                0x0000000000000001                ASSERT ((SIZEOF (.got) == 0x0), Unexpected GOT entries detected!)

.got.plt        0x00000000000067c8        0x0
 *(.got.plt)
                0x0000000000000001                ASSERT ((((SIZEOF (.got.plt) == 0x0) || (SIZEOF (.got.plt) == 0xc)) || (SIZEOF (.got.plt) == 0x18)), Unexpected GOT/PLT entries detected!)

.build-id       0x00000000000067c8       0x24
 *(.note.gnu.build-id)
 .note.gnu.build-id
                0x00000000000067c8       0x24 EfiKey.obj (symbol from plugin)

/DISCARD/
 *(.note.GNU-stack)
 *(.gnu_debuglink)
 *(.interp)
 *(.dynsym)
 *(.dynstr)
 *(.hash .gnu.hash)
 *(.comment)
OUTPUT(/home/cdac/fw/edk2-ws/Build/OvmfX64/DEBUG_GCC5/X64/MdeModulePkg/Bus/Usb/UsbKbDxe/UsbKbDxe/DEBUG/UsbKbDxe.dll elf64-x86-64)

.debug_info     0x0000000000000000    0x2bd01
 .debug_info    0x0000000000000000     0x63f7 /tmp/cclW5wan.ltrans0.ltrans.o
 .debug_info    0x00000000000063f7     0x32ca /tmp/ccpZM3oZ.debug.temp.o
                0x00000000000063f7                EfiKey.c.d968dd04
 .debug_info    0x00000000000096c1     0x32a4 /tmp/ccZYBi4o.debug.temp.o
                0x00000000000096c1                KeyBoard.c.8eba05bf
 .debug_info    0x000000000000c965     0x215d /tmp/ccNc7GTC.debug.temp.o
                0x000000000000c965                ComponentName.c.9458c4ed
 .debug_info    0x000000000000eac2     0x1e2d /tmp/ccDPFLIF.debug.temp.o
                0x000000000000eac2                AutoGen.c.690e2976
 .debug_info    0x00000000000108ef      0x1a7 /tmp/ccrRm3HE.debug.temp.o
                0x00000000000108ef                SetJump.c.08000611
 .debug_info    0x0000000000010a96       0xa8 /tmp/cc06laGT.debug.temp.o
                0x0000000000010a96                CpuDeadLoop.c.de72b58d
 .debug_info    0x0000000000010b3e      0x327 /tmp/ccv84SRf.debug.temp.o
                0x0000000000010b3e                LinkedList.c.cda68033
 .debug_info    0x0000000000010e65     0x1098 /tmp/ccmS7wkz.debug.temp.o
                0x0000000000010e65                SafeString.c.a1fab0ae
 .debug_info    0x0000000000011efd      0x809 /tmp/ccHVDBb7.debug.temp.o
                0x0000000000011efd                String.c.d6c2ca07
 .debug_info    0x0000000000012706      0x228 /tmp/cccVlcnx.debug.temp.o
                0x0000000000012706                Unaligned.c.e410e6d5
 .debug_info    0x000000000001292e      0x2e1 /tmp/ccBNON2i.debug.temp.o
                0x000000000001292e                GccInline.c.d576b47d
 .debug_info    0x0000000000012c0f      0x104 /tmp/ccvsOhJq.debug.temp.o
                0x0000000000012c0f                ZeroMemWrapper.c.f89c288d
 .debug_info    0x0000000000012d13      0x119 /tmp/ccXFAFK3.debug.temp.o
                0x0000000000012d13                CopyMemWrapper.c.4278fa3e
 .debug_info    0x0000000000012e2c      0x273 /tmp/ccU7Fslh.debug.temp.o
                0x0000000000012e2c                MemLibGuid.c.16280978
 .debug_info    0x000000000001309f      0x340 /tmp/ccdXgC61.debug.temp.o
                0x000000000001309f                IoLibGcc.c.387abfdf
 .debug_info    0x00000000000133df      0x612 /tmp/ccyCTcJT.debug.temp.o
                0x00000000000133df                IoLibInternalTdx.c.54585d05
 .debug_info    0x00000000000139f1      0x2d8 /tmp/ccsqZ6XV.debug.temp.o
                0x00000000000139f1                IoLibFifoCc.c.09b756e9
 .debug_info    0x0000000000013cc9      0x764 /tmp/ccO2MHau.debug.temp.o
                0x0000000000013cc9                PrintLibInternal.c.fcc47320
 .debug_info    0x000000000001442d      0x588 /tmp/ccIH8Whi.debug.temp.o
                0x000000000001442d                PrintLib.c.c7aaac47
 .debug_info    0x00000000000149b5       0xcf /tmp/ccq6hQXH.debug.temp.o
                0x00000000000149b5                DebugIoPortQemu.c.6770f392
 .debug_info    0x0000000000014a84      0x3d4 /tmp/ccgwHdN8.debug.temp.o
                0x0000000000014a84                DebugLib.c.69301bc7
 .debug_info    0x0000000000014e58       0xc7 /tmp/cctgOJN3.debug.temp.o
                0x0000000000014e58                DebugLibDetect.c.47cbf058
 .debug_info    0x0000000000014f1f      0x313 /tmp/ccS6YE6n.debug.temp.o
                0x0000000000014f1f                DxeCcProbeLib.c.6f0eeff1
 .debug_info    0x0000000000015232     0x1787 /tmp/cc3FLIgQ.debug.temp.o
                0x0000000000015232                UefiBootServicesTableLib.c.eb6b4150
 .debug_info    0x00000000000169b9     0x1366 /tmp/cc4cuTJp.debug.temp.o
                0x00000000000169b9                MemoryAllocationLib.c.93d95930
 .debug_info    0x0000000000017d1f     0x1f0c /tmp/ccMLdfsL.debug.temp.o
                0x0000000000017d1f                UefiDevicePathLib.c.047a3425
 .debug_info    0x0000000000019c2b     0x175e /tmp/ccpPjFjr.debug.temp.o
                0x0000000000019c2b                UefiRuntimeServicesTableLib.c.7c1e9fbb
 .debug_info    0x000000000001b389     0x278e /tmp/ccYVpzSC.debug.temp.o
                0x000000000001b389                UefiHiiServicesLib.c.50066407
 .debug_info    0x000000000001db17     0x2042 /tmp/ccIRNnF6.debug.temp.o
                0x000000000001db17                UefiDriverModel.c.4512ec5c
 .debug_info    0x000000000001fb59     0x25bc /tmp/ccCEifW3.debug.temp.o
                0x000000000001fb59                UefiLib.c.3dfc795b
 .debug_info    0x0000000000022115     0x1951 /tmp/ccyldFoe.debug.temp.o
                0x0000000000022115                DriverEntryPoint.c.8b048165
 .debug_info    0x0000000000023a66     0x141a /tmp/ccygTvyD.debug.temp.o
                0x0000000000023a66                ReportStatusCodeLib.c.a13c012e
 .debug_info    0x0000000000024e80      0xc0a /tmp/ccpOXl8S.debug.temp.o
                0x0000000000024e80                Hid.c.17833018
 .debug_info    0x0000000000025a8a     0x25d0 /tmp/ccwKM1BF.debug.temp.o
                0x0000000000025a8a                UsbDxeLib.c.940f5055
 .debug_info    0x000000000002805a     0x3ca7 /tmp/cc2atahv.debug.temp.o
                0x000000000002805a                HiiLib.c.12bfe958

.debug_abbrev   0x0000000000000000     0x3fbc
 .debug_abbrev  0x0000000000000000      0x280 /tmp/cclW5wan.ltrans0.ltrans.o
 .debug_abbrev  0x0000000000000280      0x320 /tmp/ccpZM3oZ.debug.temp.o
 .debug_abbrev  0x00000000000005a0      0x2ed /tmp/ccZYBi4o.debug.temp.o
 .debug_abbrev  0x000000000000088d      0x26c /tmp/ccNc7GTC.debug.temp.o
 .debug_abbrev  0x0000000000000af9      0x2d9 /tmp/ccDPFLIF.debug.temp.o
 .debug_abbrev  0x0000000000000dd2       0xe0 /tmp/ccrRm3HE.debug.temp.o
 .debug_abbrev  0x0000000000000eb2       0x71 /tmp/cc06laGT.debug.temp.o
 .debug_abbrev  0x0000000000000f23      0x141 /tmp/ccv84SRf.debug.temp.o
 .debug_abbrev  0x0000000000001064      0x1c7 /tmp/ccmS7wkz.debug.temp.o
 .debug_abbrev  0x000000000000122b      0x157 /tmp/ccHVDBb7.debug.temp.o
 .debug_abbrev  0x0000000000001382       0xb6 /tmp/cccVlcnx.debug.temp.o
 .debug_abbrev  0x0000000000001438      0x135 /tmp/ccBNON2i.debug.temp.o
 .debug_abbrev  0x000000000000156d       0xb8 /tmp/ccvsOhJq.debug.temp.o
 .debug_abbrev  0x0000000000001625       0xbe /tmp/ccXFAFK3.debug.temp.o
 .debug_abbrev  0x00000000000016e3      0x107 /tmp/ccU7Fslh.debug.temp.o
 .debug_abbrev  0x00000000000017ea       0xfe /tmp/ccdXgC61.debug.temp.o
 .debug_abbrev  0x00000000000018e8      0x16c /tmp/ccyCTcJT.debug.temp.o
 .debug_abbrev  0x0000000000001a54       0xbd /tmp/ccsqZ6XV.debug.temp.o
 .debug_abbrev  0x0000000000001b11      0x19f /tmp/ccO2MHau.debug.temp.o
 .debug_abbrev  0x0000000000001cb0      0x15a /tmp/ccIH8Whi.debug.temp.o
 .debug_abbrev  0x0000000000001e0a       0x81 /tmp/ccq6hQXH.debug.temp.o
 .debug_abbrev  0x0000000000001e8b      0x19e /tmp/ccgwHdN8.debug.temp.o
 .debug_abbrev  0x0000000000002029       0x80 /tmp/cctgOJN3.debug.temp.o
 .debug_abbrev  0x00000000000020a9      0x114 /tmp/ccS6YE6n.debug.temp.o
 .debug_abbrev  0x00000000000021bd      0x20a /tmp/cc3FLIgQ.debug.temp.o
 .debug_abbrev  0x00000000000023c7      0x274 /tmp/cc4cuTJp.debug.temp.o
 .debug_abbrev  0x000000000000263b      0x2e2 /tmp/ccMLdfsL.debug.temp.o
 .debug_abbrev  0x000000000000291d      0x1da /tmp/ccpPjFjr.debug.temp.o
 .debug_abbrev  0x0000000000002af7      0x26e /tmp/ccYVpzSC.debug.temp.o
 .debug_abbrev  0x0000000000002d65      0x27f /tmp/ccIRNnF6.debug.temp.o
 .debug_abbrev  0x0000000000002fe4      0x2e9 /tmp/ccCEifW3.debug.temp.o
 .debug_abbrev  0x00000000000032cd      0x25d /tmp/ccyldFoe.debug.temp.o
 .debug_abbrev  0x000000000000352a      0x2bc /tmp/ccygTvyD.debug.temp.o
 .debug_abbrev  0x00000000000037e6      0x19a /tmp/ccpOXl8S.debug.temp.o
 .debug_abbrev  0x0000000000003980      0x2c8 /tmp/ccwKM1BF.debug.temp.o
 .debug_abbrev  0x0000000000003c48      0x374 /tmp/cc2atahv.debug.temp.o

.debug_loclists
                0x0000000000000000     0x3e20
 .debug_loclists
                0x0000000000000000     0x3e20 /tmp/cclW5wan.ltrans0.ltrans.o

.debug_aranges  0x0000000000000000      0x4f0
 .debug_aranges
                0x0000000000000000      0x4f0 /tmp/cclW5wan.ltrans0.ltrans.o

.debug_rnglists
                0x0000000000000000      0x580
 .debug_rnglists
                0x0000000000000000      0x580 /tmp/cclW5wan.ltrans0.ltrans.o

.debug_line     0x0000000000000000     0x4a3b
 .debug_line    0x0000000000000000     0x393d /tmp/cclW5wan.ltrans0.ltrans.o
 .debug_line    0x000000000000393d       0xdc /tmp/ccpZM3oZ.debug.temp.o
 .debug_line    0x0000000000003a19       0xe0 /tmp/ccZYBi4o.debug.temp.o
 .debug_line    0x0000000000003af9       0xb5 /tmp/ccNc7GTC.debug.temp.o
 .debug_line    0x0000000000003bae       0x8f /tmp/ccDPFLIF.debug.temp.o
 .debug_line    0x0000000000003c3d       0x51 /tmp/ccrRm3HE.debug.temp.o
 .debug_line    0x0000000000003c8e       0x4c /tmp/cc06laGT.debug.temp.o
 .debug_line    0x0000000000003cda       0x5e /tmp/ccv84SRf.debug.temp.o
 .debug_line    0x0000000000003d38       0x6d /tmp/ccmS7wkz.debug.temp.o
 .debug_line    0x0000000000003da5       0x63 /tmp/ccHVDBb7.debug.temp.o
 .debug_line    0x0000000000003e08       0x51 /tmp/cccVlcnx.debug.temp.o
 .debug_line    0x0000000000003e59       0x4c /tmp/ccBNON2i.debug.temp.o
 .debug_line    0x0000000000003ea5       0x51 /tmp/ccvsOhJq.debug.temp.o
 .debug_line    0x0000000000003ef6       0x51 /tmp/ccXFAFK3.debug.temp.o
 .debug_line    0x0000000000003f47       0x5a /tmp/ccU7Fslh.debug.temp.o
 .debug_line    0x0000000000003fa1       0x56 /tmp/ccdXgC61.debug.temp.o
 .debug_line    0x0000000000003ff7       0x64 /tmp/ccyCTcJT.debug.temp.o
 .debug_line    0x000000000000405b       0x4d /tmp/ccsqZ6XV.debug.temp.o
 .debug_line    0x00000000000040a8       0x68 /tmp/ccO2MHau.debug.temp.o
 .debug_line    0x0000000000004110       0x5a /tmp/ccIH8Whi.debug.temp.o
 .debug_line    0x000000000000416a       0x55 /tmp/ccq6hQXH.debug.temp.o
 .debug_line    0x00000000000041bf       0x89 /tmp/ccgwHdN8.debug.temp.o
 .debug_line    0x0000000000004248       0x51 /tmp/cctgOJN3.debug.temp.o
 .debug_line    0x0000000000004299       0x63 /tmp/ccS6YE6n.debug.temp.o
 .debug_line    0x00000000000042fc       0x80 /tmp/cc3FLIgQ.debug.temp.o
 .debug_line    0x000000000000437c       0x7b /tmp/cc4cuTJp.debug.temp.o
 .debug_line    0x00000000000043f7       0xa7 /tmp/ccMLdfsL.debug.temp.o
 .debug_line    0x000000000000449e       0x7b /tmp/ccpPjFjr.debug.temp.o
 .debug_line    0x0000000000004519       0xb5 /tmp/ccYVpzSC.debug.temp.o
 .debug_line    0x00000000000045ce       0xac /tmp/ccIRNnF6.debug.temp.o
 .debug_line    0x000000000000467a       0xac /tmp/ccCEifW3.debug.temp.o
 .debug_line    0x0000000000004726       0x93 /tmp/ccyldFoe.debug.temp.o
 .debug_line    0x00000000000047b9       0xb3 /tmp/ccygTvyD.debug.temp.o
 .debug_line    0x000000000000486c       0x79 /tmp/ccpOXl8S.debug.temp.o
 .debug_line    0x00000000000048e5       0x9c /tmp/ccwKM1BF.debug.temp.o
 .debug_line    0x0000000000004981       0xba /tmp/cc2atahv.debug.temp.o

.debug_str      0x0000000000000000     0x7ca0
 .debug_str     0x0000000000000000      0x1c5 /tmp/cclW5wan.ltrans0.ltrans.o
                                        0x1d7 (size before relaxing)
 .debug_str     0x00000000000001c5     0x2a06 /tmp/ccpZM3oZ.debug.temp.o
                                       0x2e6a (size before relaxing)
 .debug_str     0x0000000000002bcb      0x699 /tmp/ccZYBi4o.debug.temp.o
                                       0x2cea (size before relaxing)
 .debug_str     0x0000000000003264       0xa4 /tmp/ccNc7GTC.debug.temp.o
                                       0x2034 (size before relaxing)
 .debug_str     0x0000000000003308      0x9c6 /tmp/ccDPFLIF.debug.temp.o
                                       0x1ec2 (size before relaxing)
 .debug_str     0x0000000000003cce       0x42 /tmp/ccrRm3HE.debug.temp.o
                                        0x28d (size before relaxing)
 .debug_str     0x0000000000003d10       0x29 /tmp/cc06laGT.debug.temp.o
                                        0x23c (size before relaxing)
 .debug_str     0x0000000000003d39       0x7a /tmp/ccv84SRf.debug.temp.o
                                        0x3b9 (size before relaxing)
 .debug_str     0x0000000000003db3      0x3e3 /tmp/ccmS7wkz.debug.temp.o
                                        0x81c (size before relaxing)
 .debug_str     0x0000000000004196      0x1c6 /tmp/ccHVDBb7.debug.temp.o
                                        0x6e6 (size before relaxing)
 .debug_str     0x000000000000435c       0x94 /tmp/cccVlcnx.debug.temp.o
                                        0x2e9 (size before relaxing)
 .debug_str     0x00000000000043f0      0x130 /tmp/ccBNON2i.debug.temp.o
                                        0x36c (size before relaxing)
 .debug_str     0x0000000000004520       0x13 /tmp/ccvsOhJq.debug.temp.o
                                        0x263 (size before relaxing)
 .debug_str     0x0000000000004533       0x32 /tmp/ccXFAFK3.debug.temp.o
                                        0x27b (size before relaxing)
 .debug_str     0x0000000000004565       0x9e /tmp/ccU7Fslh.debug.temp.o
                                        0x352 (size before relaxing)
 .debug_str     0x0000000000004603       0xe6 /tmp/ccdXgC61.debug.temp.o
                                        0x37b (size before relaxing)
 .debug_str     0x00000000000046e9      0x136 /tmp/ccyCTcJT.debug.temp.o
                                        0x3ff (size before relaxing)
 .debug_str     0x000000000000481f       0x61 /tmp/ccsqZ6XV.debug.temp.o
                                        0x33d (size before relaxing)
 .debug_str     0x0000000000004880      0x25b /tmp/ccO2MHau.debug.temp.o
                                        0x656 (size before relaxing)
 .debug_str     0x0000000000004adb      0x147 /tmp/ccIH8Whi.debug.temp.o
                                        0x454 (size before relaxing)
 .debug_str     0x0000000000004c22       0x1d /tmp/ccq6hQXH.debug.temp.o
                                        0x269 (size before relaxing)
 .debug_str     0x0000000000004c3f       0xd6 /tmp/ccgwHdN8.debug.temp.o
                                        0x4e6 (size before relaxing)
 .debug_str     0x0000000000004d15       0x26 /tmp/cctgOJN3.debug.temp.o
                                        0x2a4 (size before relaxing)
 .debug_str     0x0000000000004d3b      0x18a /tmp/ccS6YE6n.debug.temp.o
                                        0x4e3 (size before relaxing)
 .debug_str     0x0000000000004ec5     0x13b1 /tmp/cc3FLIgQ.debug.temp.o
 .debug_str     0x0000000000004ec5      0x239 /tmp/cc4cuTJp.debug.temp.o
                                        0xfdc (size before relaxing)
 .debug_str     0x00000000000050fe      0x529 /tmp/ccMLdfsL.debug.temp.o
                                       0x1a87 (size before relaxing)
 .debug_str     0x0000000000005627     0x13a7 /tmp/ccpPjFjr.debug.temp.o
 .debug_str     0x0000000000005627      0x761 /tmp/ccYVpzSC.debug.temp.o
                                       0x2017 (size before relaxing)
 .debug_str     0x0000000000005d88      0x4e0 /tmp/ccIRNnF6.debug.temp.o
                                       0x1d09 (size before relaxing)
 .debug_str     0x0000000000006268      0x58d /tmp/ccCEifW3.debug.temp.o
                                       0x1c73 (size before relaxing)
 .debug_str     0x00000000000067f5       0xb8 /tmp/ccyldFoe.debug.temp.o
                                       0x153f (size before relaxing)
 .debug_str     0x00000000000068ad      0x251 /tmp/ccygTvyD.debug.temp.o
                                       0x11bd (size before relaxing)
 .debug_str     0x0000000000006afe      0x147 /tmp/ccpOXl8S.debug.temp.o
                                        0xd41 (size before relaxing)
 .debug_str     0x0000000000006c45      0x1f4 /tmp/ccwKM1BF.debug.temp.o
                                       0x1fd5 (size before relaxing)
 .debug_str     0x0000000000006e39      0xe67 /tmp/cc2atahv.debug.temp.o
                                       0x2614 (size before relaxing)

.debug_line_str
                0x0000000000000000     0x20a3
 .debug_line_str
                0x0000000000000000      0x516 /tmp/cclW5wan.ltrans0.ltrans.o
                                        0x78d (size before relaxing)
 .debug_line_str
                0x0000000000000516      0x318 /tmp/ccpZM3oZ.debug.temp.o
                                        0x414 (size before relaxing)
 .debug_line_str
                0x000000000000082e       0xbe /tmp/ccZYBi4o.debug.temp.o
                                        0x451 (size before relaxing)
 .debug_line_str
                0x00000000000008ec       0x49 /tmp/ccNc7GTC.debug.temp.o
                                        0x385 (size before relaxing)
 .debug_line_str
                0x0000000000000935       0x81 /tmp/ccDPFLIF.debug.temp.o
                                        0x2e0 (size before relaxing)
 .debug_line_str
                0x00000000000009b6       0x8e /tmp/ccrRm3HE.debug.temp.o
                                        0x14f (size before relaxing)
 .debug_line_str
                0x0000000000000a44       0x40 /tmp/cc06laGT.debug.temp.o
                                        0x14c (size before relaxing)
 .debug_line_str
                0x0000000000000a84       0x97 /tmp/ccv84SRf.debug.temp.o
                                        0x1de (size before relaxing)
 .debug_line_str
                0x0000000000000b1b       0x52 /tmp/ccmS7wkz.debug.temp.o
                                        0x20b (size before relaxing)
 .debug_line_str
                0x0000000000000b6d       0x3b /tmp/ccHVDBb7.debug.temp.o
                                        0x1e0 (size before relaxing)
 .debug_line_str
                0x0000000000000ba8       0x3e /tmp/cccVlcnx.debug.temp.o
                                        0x153 (size before relaxing)
 .debug_line_str
                0x0000000000000be6       0x42 /tmp/ccBNON2i.debug.temp.o
                                        0x150 (size before relaxing)
 .debug_line_str
                0x0000000000000c28       0xcb /tmp/ccvsOhJq.debug.temp.o
                                        0x195 (size before relaxing)
 .debug_line_str
                0x0000000000000cf3       0x4f /tmp/ccXFAFK3.debug.temp.o
                                        0x195 (size before relaxing)
 .debug_line_str
                0x0000000000000d42       0x4b /tmp/ccU7Fslh.debug.temp.o
                                        0x1b6 (size before relaxing)
 .debug_line_str
                0x0000000000000d8d       0xd2 /tmp/ccdXgC61.debug.temp.o
                                        0x195 (size before relaxing)
 .debug_line_str
                0x0000000000000e5f       0x87 /tmp/ccyCTcJT.debug.temp.o
                                        0x1f1 (size before relaxing)
 .debug_line_str
                0x0000000000000ee6       0x56 /tmp/ccsqZ6XV.debug.temp.o
                                        0x155 (size before relaxing)
 .debug_line_str
                0x0000000000000f3c      0x11b /tmp/ccO2MHau.debug.temp.o
                                        0x225 (size before relaxing)
 .debug_line_str
                0x0000000000001057       0x42 /tmp/ccIH8Whi.debug.temp.o
                                        0x19f (size before relaxing)
 .debug_line_str
                0x0000000000001099      0x144 /tmp/ccq6hQXH.debug.temp.o
                                        0x212 (size before relaxing)
 .debug_line_str
                0x00000000000011dd       0xc7 /tmp/ccgwHdN8.debug.temp.o
                                        0x307 (size before relaxing)
 .debug_line_str
                0x00000000000012a4       0x53 /tmp/cctgOJN3.debug.temp.o
                                        0x197 (size before relaxing)
 .debug_line_str
                0x00000000000012f7       0xd8 /tmp/ccS6YE6n.debug.temp.o
                                        0x1ec (size before relaxing)
 .debug_line_str
                0x00000000000013cf       0xd2 /tmp/cc3FLIgQ.debug.temp.o
                                        0x2b0 (size before relaxing)
 .debug_line_str
                0x00000000000014a1       0xca /tmp/cc4cuTJp.debug.temp.o
                                        0x293 (size before relaxing)
 .debug_line_str
                0x000000000000156b      0x1ba /tmp/ccMLdfsL.debug.temp.o
                                        0x3d6 (size before relaxing)
 .debug_line_str
                0x0000000000001725       0xde /tmp/ccpPjFjr.debug.temp.o
                                        0x2a7 (size before relaxing)
 .debug_line_str
                0x0000000000001803      0x194 /tmp/ccYVpzSC.debug.temp.o
                                        0x3dd (size before relaxing)
 .debug_line_str
                0x0000000000001997      0x144 /tmp/ccIRNnF6.debug.temp.o
                                        0x343 (size before relaxing)
 .debug_line_str
                0x0000000000001adb       0x5f /tmp/ccCEifW3.debug.temp.o
                                        0x327 (size before relaxing)
 .debug_line_str
                0x0000000000001b3a      0x13e /tmp/ccyldFoe.debug.temp.o
                                        0x331 (size before relaxing)
 .debug_line_str
                0x0000000000001c78      0x1e4 /tmp/ccygTvyD.debug.temp.o
                                        0x440 (size before relaxing)
 .debug_line_str
                0x0000000000001e5c       0xf1 /tmp/ccpOXl8S.debug.temp.o
                                        0x29c (size before relaxing)
 .debug_line_str
                0x0000000000001f4d       0x41 /tmp/ccwKM1BF.debug.temp.o
                                        0x31b (size before relaxing)
 .debug_line_str
                0x0000000000001f8e      0x115 /tmp/cc2atahv.debug.temp.o
                                        0x3a7 (size before relaxing)

.debug_frame    0x0000000000000000      0xf80
 .debug_frame   0x0000000000000000      0xf80 /tmp/cclW5wan.ltrans0.ltrans.o
